V/WindowManager( 1748): addAppToken: AppWindowToken{11ea9a5b token=Token{f7b156a ActivityRecord{1a496755 u0 com.tencent.tmgp.sgame/com.tencent.msdk.webview.WebViewActivity t7}}} to stack=1 task=7 at 1

I/Unity   (12748): Causing: OpenGL Renderer, Will Wait 1s!!!

W/ActivityManager( 1748): Activity pause timeout for ActivityRecord{bd045d5 u0 com.tencent.tmgp.sgame/.SGameActivity t7}

D/houdini (18383): [18383] Initialize library(version: 5.0.7b_x.48396 RELEASE)... successfully.

I/ActivityManager( 1748): Start proc 18383:com.tencent.tmgp.sgame:msdk_inner_webview/u0a35 for activity com.tencent.tmgp.sgame/com.tencent.msdk.webview.WebViewActivity

D/houdini (18383): [18383] Added shared library /data/app/com.tencent.tmgp.sgame-1/lib/arm/libtprt.so for ClassLoader by Native Bridge.

D/[MSDK WebViewActivity](18383): Close X5 : false

D/[MSDK WebViewActivity](18383): isRunCppCode : true

D/houdini (18383): [18383] Added shared library /data/data/com.tencent.mm/app_tbs/core_share_decouple/libtbs_crash_handler.so for ClassLoader by Native Bridge.

I/crash_recorder(18383): JNI_OnLoad at vm:0xb3121504

I/crash_recorder(18383): starting registerNativeSignalAction...

D/houdini (18383): [18383] Added shared library /data/data/com.tencent.mm/app_tbs/core_share_decouple/libBugly-tbscore.so for ClassLoader by Native Bridge.

D/houdini (18383): [18383] Added shared library /data/data/com.tencent.mm/app_tbs/core_share_decouple/libwebp_base.so for ClassLoader by Native Bridge.

D/WifiService( 1748): New client listening to asynchronous messages

W/art     (18383): Before Android 4.1, method void android.webview.chromium.tencent.TencentWebViewContentsClientAdapter.setDownloadListener(com.tencent.tbs.core.webkit.DownloadListener) would have incorrectly overridden the package-private method in android.webview.chromium.WebViewContentsClientAdapter

W/art     (18383): Before Android 4.1, method void android.webview.chromium.tencent.TencentWebViewContentsClientAdapter.setWebChromeClient(com.tencent.tbs.core.webkit.WebChromeClient) would have incorrectly overridden the package-private method in android.webview.chromium.WebViewContentsClientAdapter

W/art     (18383): Before Android 4.1, method void android.webview.chromium.tencent.TencentWebViewContentsClientAdapter.setWebViewClient(com.tencent.tbs.core.webkit.WebViewClient) would have incorrectly overridden the package-private method in android.webview.chromium.WebViewContentsClientAdapter

W/art     (18383): Before Android 4.1, method void com.tencent.tbs.core.webkit.AbsoluteLayout.onInitializeAccessibilityEventInternal(android.view.accessibility.AccessibilityEvent) would have incorrectly overridden the package-private method in android.view.ViewGroup

W/art     (18383): Before Android 4.1, method void com.tencent.tbs.core.webkit.AbsoluteLayout.onInitializeAccessibilityNodeInfoInternal(android.view.accessibility.AccessibilityNodeInfo) would have incorrectly overridden the package-private method in android.view.ViewGroup

W/art     (18383): Before Android 4.1, method void com.tencent.tbs.core.webkit.WebView.onInitializeAccessibilityEventInternal(android.view.accessibility.AccessibilityEvent) would have incorrectly overridden the package-private method in android.view.ViewGroup

W/art     (18383): Before Android 4.1, method void com.tencent.tbs.core.webkit.WebView.onInitializeAccessibilityNodeInfoInternal(android.view.accessibility.AccessibilityNodeInfo) would have incorrectly overridden the package-private method in android.view.ViewGroup

W/System.err(18383): java.lang.IllegalArgumentException: optimizedDirectory not readable/writable: /data/data/com.tencent.mm/app_tbs/core_share_decouple

W/System.err(18383): 	at dalvik.system.DexPathList.<init>(DexPathList.java:101)

W/System.err(18383): 	at dalvik.system.BaseDexClassLoader.<init>(BaseDexClassLoader.java:48)

W/System.err(18383): 	at dalvik.system.DexClassLoader.<init>(DexClassLoader.java:57)

W/System.err(18383): 	at com.tencent.tbs.tbsshell.TBSShellDelegate.createtDexLoader(Unknown Source)

W/System.err(18383): 	at com.tencent.tbs.tbsshell.partner.TBSShellPartner.access$5100(Unknown Source)

W/System.err(18383): 	at com.tencent.tbs.tbsshell.partner.TBSShellPartner$10.getCurrentClassLoader(Unknown Source)

W/System.err(18383): 	at com.tencent.smtt.asr.export.ASREngine.init(ASREngine.java:40)

W/System.err(18383): 	at com.tencent.tbs.tbsshell.partner.TBSShellPartner.initTbsASREngine(Unknown Source)

W/System.err(18383): 	at com.tencent.tbs.tbsshell.partner.TBSShellPartner.initTbsRuntimeEnvironment(Unknown Source)

W/System.err(18383): 	at com.tencent.tbs.tbsshell.TBSShell.initTesRuntimeEnvironment(Unknown Source)

W/System.err(18383): 	at com.tencent.tbs.tbsshell.TBSShell.initTesRuntimeEnvironment(Unknown Source)

W/System.err(18383): 	at java.lang.reflect.Method.invoke(Native Method)

W/System.err(18383): 	at java.lang.reflect.Method.invoke(Method.java:372)

W/System.err(18383): 	at com.tencent.smtt.export.external.DexLoader.invokeStaticMethod(Unknown Source)

W/System.err(18383): 	at com.tencent.smtt.sdk.az.a(Unknown Source)

W/System.err(18383): 	at com.tencent.smtt.sdk.az.<init>(Unknown Source)

W/System.err(18383): 	at com.tencent.smtt.sdk.l.a(Unknown Source)

W/System.err(18383): 	at com.tencent.smtt.sdk.bj.a(Unknown Source)

W/System.err(18383): 	at com.tencent.smtt.sdk.WebView.c(Unknown Source)

W/System.err(18383): 	at com.tencent.smtt.sdk.WebView.<init>(Unknown Source)

W/System.err(18383): 	at com.tencent.smtt.sdk.WebView.<init>(Unknown Source)

W/System.err(18383): 	at com.tencent.smtt.sdk.WebView.<init>(Unknown Source)

W/System.err(18383): 	at com.tencent.smtt.sdk.WebView.<init>(Unknown Source)

W/System.err(18383): 	at java.lang.reflect.Constructor.newInstance(Native Method)

W/System.err(18383): 	at java.lang.reflect.Constructor.newInstance(Constructor.java:288)

W/System.err(18383): 	at android.view.LayoutInflater.createView(LayoutInflater.java:607)

W/System.err(18383): 	at android.view.LayoutInflater.createViewFromTag(LayoutInflater.java:743)

W/System.err(18383): 	at android.view.LayoutInflater.rInflate(LayoutInflater.java:806)

W/System.err(18383): 	at android.view.LayoutInflater.rInflate(LayoutInflater.java:809)

W/System.err(18383): 	at android.view.LayoutInflater.inflate(LayoutInflater.java:504)

W/System.err(18383): 	at android.view.LayoutInflater.inflate(LayoutInflater.java:414)

W/System.err(18383): 	at android.view.LayoutInflater.inflate(LayoutInflater.java:365)

W/System.err(18383): 	at com.android.internal.policy.impl.PhoneWindow.setContentView(PhoneWindow.java:378)

W/System.err(18383): 	at android.app.Activity.setContentView(Activity.java:2145)

W/System.err(18383): 	at com.tencent.msdk.webview.WebViewActivity.onCreate(WebViewActivity.java:500)

W/System.err(18383): 	at android.app.Activity.performCreate(Activity.java:5990)

W/System.err(18383): 	at android.app.Instrumentation.callActivityOnCreate(Instrumentation.java:1106)

W/System.err(18383): 	at android.app.ActivityThread.performLaunchActivity(ActivityThread.java:2280)

W/System.err(18383): 	at android.app.ActivityThread.handleLaunchActivity(ActivityThread.java:2392)

W/System.err(18383): 	at android.app.ActivityThread.access$800(ActivityThread.java:153)

W/System.err(18383): 	at android.app.ActivityThread$H.handleMessage(ActivityThread.java:1305)

W/System.err(18383): 	at android.os.Handler.dispatchMessage(Handler.java:102)

W/System.err(18383): 	at android.os.Looper.loop(Looper.java:135)

W/System.err(18383): 	at android.app.ActivityThread.main(ActivityThread.java:5293)

W/System.err(18383): 	at java.lang.reflect.Method.invoke(Native Method)

W/System.err(18383): 	at java.lang.reflect.Method.invoke(Method.java:372)

W/System.err(18383): 	at com.android.internal.os.ZygoteInit$MethodAndArgsCaller.run(ZygoteInit.java:903)

W/System.err(18383): 	at com.android.internal.os.ZygoteInit.main(ZygoteInit.java:698)

I/apolloVoice(12748): ApolloVoicePause

I/apolloVoice(12748): ApolloVoiceCloseMic

I/apolloVoice(12748): ApolloVoiceCloseSpeaker

I/Unity   (12748): SendToLua, eventId: 2000 arg1: 1 arg2: 0, msg: FFP_MSG_APP_PAUSED

I/Unity   (12748):  

I/Unity   (12748): (Filename: .\artifacts/generated/common/runtime/DebugBindings.gen.cpp Line: 51)

I/Unity   (12748): 

I/Unity   (12748): [NetSpeed ACC] Begin GoBack

I/Unity   (12748):  

I/Unity   (12748): (Filename: .\artifacts/generated/common/runtime/DebugBindings.gen.cpp Line: 51)

I/Unity   (12748): 

I/Unity   (12748): removing mglView

I/Apollo  (12748): onPause

I/        (12748): Apollo onPause

I/MsdkAdapter(12748): Apollo onPause

I/Choreographer(12748): Skipped 73 frames!  The application may be doing too much work on its main thread.

D/CaptureScreen(12748): stop capture

D/houdini (18383): [18383] Added shared library /data/data/com.tencent.mm/app_tbs/core_share_decouple/libmttwebview.so for ClassLoader by Native Bridge.

D/houdini (18383): [18383] Added shared library /data/data/com.tencent.mm/app_tbs/core_share_decouple/libmttwebview_plat_support.so for ClassLoader by Native Bridge.

D/houdini (18383): [18412] Added shared library /data/data/com.tencent.mm/app_tbs/core_share_decouple/libcommon_basemodule_jni.so for ClassLoader by Native Bridge.

W/FileUtils(18383): Failed to chmod(/data/data/com.tencent.mm/app_tbs_common_share): android.system.ErrnoException: chmod failed: ENOENT (No such file or directory)

D/libEGL  (18383): loaded /system/lib/egl/libEGL_adreno.so

D/        (18383): HostConnection::get() New Host Connection established 0xadc29770, tid 18412

D/houdini (18383): [18416] Added shared library /data/data/com.tencent.mm/app_tbs/core_share_decouple/libqb_keystore.so for ClassLoader by Native Bridge.

D/libEGL  (18383): loaded /system/lib/egl/libGLESv1_CM_adreno.so

D/libEGL  (18383): loaded /system/lib/egl/libGLESv2_adreno.so

I/icumtt  (18383): ICU load finished. 53

D/        (18383): HostConnection::get() New Host Connection established 0xb3f21990, tid 18383

I/memcheck(18383): RenderProcessHostImpl

D/ConnectivityService( 1748): listenForNetwork for NetworkRequest [ id=33, legacyType=-1, [ Capabilities: INTERNET&NOT_RESTRICTED&TRUSTED] ]

D/ConnectivityService( 1748): handleRegisterNetworkRequest checking NetworkAgentInfo [WIFI () - 100]

D/ConnectivityService( 1748): apparently satisfied.  currentScore=60

D/ConnectivityManager.CallbackHandler(18383): CM callback handler got msg 524290

W/System.err(18383): java.io.FileNotFoundException: /data/data/com.tencent.tmgp.sgame/cache/optlist.ser: open failed: ENOENT (No such file or directory)

W/System.err(18383): 	at libcore.io.IoBridge.open(IoBridge.java:456)

W/System.err(18383): 	at java.io.FileInputStream.<init>(FileInputStream.java:76)

W/System.err(18383): 	at java.io.FileInputStream.<init>(FileInputStream.java:103)

W/System.err(18383): 	at com.tencent.smtt.net.c.a(Unknown Source)

W/System.err(18383): 	at com.tencent.smtt.net.c.c(Unknown Source)

W/System.err(18383): 	at com.tencent.smtt.net.NetworkSmttService.preconnectMainResources(Unknown Source)

W/System.err(18383): Caused by: android.system.ErrnoException: open failed: ENOENT (No such file or directory)

W/System.err(18383): 	at libcore.io.Posix.open(Native Method)

W/System.err(18383): 	at libcore.io.BlockGuardOs.open(BlockGuardOs.java:186)

W/System.err(18383): 	at libcore.io.IoBridge.open(IoBridge.java:442)

W/System.err(18383): 	... 5 more

D/[MSDK WebViewActivity](18383): Tbs useragent : Mozilla/5.0 (Linux; Android 5.1.1; SM-G955F Build/JLS36C; wv) AppleWebKit/537.36 (KHTML, like Gecko) Version/4.0 Chrome/57.0.2987.132 MQQBrowser/6.2 TBS/044328 Mobile Safari/537.36 MSDK/3.2.14a

I/ActivityManager( 1748): START u0 {cmp=com.tencent.tmgp.sgame/com.tencent.msdk.webview.JumpShareActivity (has extras)} from uid 10035 on display 0

V/WindowManager( 1748): addAppToken: AppWindowToken{35e990ca token=Token{17813435 ActivityRecord{1daae66c u0 com.tencent.tmgp.sgame/com.tencent.msdk.webview.JumpShareActivity t7}}} to stack=1 task=7 at 2

I/memcheck(18383): RegisterMojoInterfaces

I/v8      (18383): CALL TRACE EVENT WITH ISOLATE NULL

I/v8      (18383): CALL TRACE EVENT WITH ISOLATE NULL

I/v8      (18383): CALL TRACE EVENT WITH ISOLATE NULL

I/v8      (18383): CALL TRACE EVENT WITH ISOLATE NULL

I/ActivityManager( 1748): START u0 {cmp=com.tencent.tmgp.sgame/com.tencent.msdk.webview.JumpShareActivity (has extras)} from uid 10035 on display 0

V/WindowManager( 1748): addAppToken: AppWindowToken{3e1ddeb1 token=Token{2595fd58 ActivityRecord{24cc623b u0 com.tencent.tmgp.sgame/com.tencent.msdk.webview.JumpShareActivity t7}}} to stack=1 task=7 at 3

D/BluetoothManagerService( 1748): Message: 20

D/BluetoothManagerService( 1748): Added callback: android.bluetooth.IBluetoothManagerCallback$Stub$Proxy@1414e717:true

D/BluetoothAdapter(18383): 626124825: getState() :  mService = null. Returning STATE_OFF

D/OpenGLRenderer(18383): Use EGL_SWAP_BEHAVIOR_PRESERVED: true

D/Atlas   (18383): Validating map...

V/WindowManager( 1748): Adding window Window{581e4d2 u0 com.tencent.tmgp.sgame/com.tencent.msdk.webview.WebViewActivity} at 4 of 7 (after Window{d43ac0c u0 com.tencent.tmgp.sgame/com.tencent.tmgp.sgame.SGameActivity})

D/ConnectivityService( 1748): listenForNetwork for NetworkRequest [ id=34, legacyType=-1, [ Capabilities: INTERNET&NOT_RESTRICTED&TRUSTED] ]

D/ConnectivityService( 1748): handleRegisterNetworkRequest checking NetworkAgentInfo [WIFI () - 100]

D/ConnectivityService( 1748): apparently satisfied.  currentScore=60

D/ConnectivityManager.CallbackHandler(18383): CM callback handler got msg 524290

I/tx      (12748): performOnMainThread begin

I/tx      (12748): performOnMainThread: pEnv is 10103584

I/tx      (12748): cls is 19

I/tx      (12748): mid is 74ee7390

I/tx      (12748): pEnv->CallVoidMethod

I/System.out(12748): Main Thread:Thread[main,5,main]Current Thread:Thread[main,5,main]

I/tx      (12748): JNI Perform pSelector get

I/tx      (12748): callJNIperform working

I/tx      (12748): pEnv->CallVoidMethod after

W/DebugConnManager(18383): getNetworkInfo() on networkType 1

W/DebugConnManager(18383): getNetworkInfo() on networkType 0

I/OpenGLRenderer(18383): Initialized EGL, version 1.4

D/        (18383): HostConnection::get() New Host Connection established 0xb3fc5f90, tid 18470

D/OpenGLRenderer(18383): Enabling debug mode 0

E/libEGL  (18383): validate_display:255 error 3008 (EGL_BAD_DISPLAY)

D/        (18383): HostConnection::get() New Host Connection established 0xadf80330, tid 18482

W/AudioCapabilities(18383): Unsupported mime audio/x-ms-wma

W/AudioCapabilities(18383): Unsupported mime audio/vnd.rn-realaudio

W/AudioCapabilities(18383): Unsupported mime audio/mpeg-L2

W/AudioCapabilities(18383): Unsupported mime audio/ac3

W/AudioCapabilities(18383): Unsupported mime audio/x-ape

W/AudioCapabilities(18383): Unsupported mime audio/vnd.dts

W/AudioCapabilities(18383): Unsupported mime audio/ffmpeg

W/VideoCapabilities(18383): Unsupported mime video/mpeg2

W/VideoCapabilities(18383): Unsupported mime video/x-ms-wmv

W/VideoCapabilities(18383): Unsupported mime video/vnd.rn-realvideo

W/VideoCapabilities(18383): Unsupported mime video/vc1

W/VideoCapabilities(18383): Unsupported mime video/x-flv

W/VideoCapabilities(18383): Unsupported mime video/divx

W/VideoCapabilities(18383): Unsupported mime video/ffmpeg

I/VideoCapabilities(18383): Unsupported profile 4 for video/mp4v-es

E/eglCodecCommon(18383): glUtilsParamSize: unknow param 0x00008a34

E/eglCodecCommon(18383): glUtilsParamSize: unknow param 0x00008073

E/eglCodecCommon(18383): glUtilsParamSize: unknow param 0x000088ff

W/ContextImpl( 1748): Calling a method in the system process without a qualified user: android.app.ContextImpl.sendBroadcast:1327 com.android.server.InputMethodManagerService.hideCurrentInputLocked:1992 com.android.server.InputMethodManagerService.windowGainedFocus:2082 com.android.internal.view.IInputMethodManager$Stub.onTransact:221 com.android.server.InputMethodManagerService.onTransact:873 

E/eglCodecCommon(18383): glUtilsParamSize: unknow param 0x000088ff

I/WindowState( 1748): WIN DEATH: Window{581e4d2 u0 com.tencent.tmgp.sgame/com.tencent.msdk.webview.WebViewActivity}

I/Zygote  ( 1460): Process 18383 exited due to signal (11)

W/InputDispatcher( 1748): channel '581e4d2 com.tencent.tmgp.sgame/com.tencent.msdk.webview.WebViewActivity (server)' ~ Consumer closed input channel or an error occurred.  events=0x9

D/WifiService( 1748): Client connection lost with reason: 4

E/InputDispatcher( 1748): channel '581e4d2 com.tencent.tmgp.sgame/com.tencent.msdk.webview.WebViewActivity (server)' ~ Channel is unrecoverably broken and will be disposed!

D/ConnectivityService( 1748): ConnectivityService NetworkRequestInfo binderDied(NetworkRequest [ id=33, legacyType=-1, [ Capabilities: INTERNET&NOT_RESTRICTED&TRUSTED] ], android.os.BinderProxy@3d94e764)

D/ConnectivityService( 1748): ConnectivityService NetworkRequestInfo binderDied(NetworkRequest [ id=34, legacyType=-1, [ Capabilities: INTERNET&NOT_RESTRICTED&TRUSTED] ], android.os.BinderProxy@323f2dcd)

D/ConnectivityService( 1748): releasing NetworkRequest NetworkRequest [ id=33, legacyType=-1, [ Capabilities: INTERNET&NOT_RESTRICTED&TRUSTED] ]

W/InputDispatcher( 1748): Attempted to unregister already unregistered input channel '581e4d2 com.tencent.tmgp.sgame/com.tencent.msdk.webview.WebViewActivity (server)'

E/ConnectivityService( 1748): RemoteException caught trying to send a callback msg for NetworkRequest [ id=33, legacyType=-1, [ Capabilities: INTERNET&NOT_RESTRICTED&TRUSTED] ]

D/ConnectivityService( 1748): releasing NetworkRequest NetworkRequest [ id=34, legacyType=-1, [ Capabilities: INTERNET&NOT_RESTRICTED&TRUSTED] ]

E/ConnectivityService( 1748): RemoteException caught trying to send a callback msg for NetworkRequest [ id=34, legacyType=-1, [ Capabilities: INTERNET&NOT_RESTRICTED&TRUSTED] ]

I/ActivityManager( 1748): Process com.tencent.tmgp.sgame:msdk_inner_webview (pid 18383) has died

W/ActivityManager( 1748): Force removing ActivityRecord{1a496755 u0 com.tencent.tmgp.sgame/com.tencent.msdk.webview.WebViewActivity t7}: app died, no saved state

W/ContextImpl( 1748): Calling a method in the system process without a qualified user: android.app.ContextImpl.sendBroadcast:1327 com.android.server.InputMethodManagerService.hideCurrentInputLocked:1992 com.android.server.InputMethodManagerService.windowGainedFocus:2082 com.android.internal.view.IInputMethodManager$Stub.onTransact:221 com.android.server.InputMethodManagerService.onTransact:873 

W/InputMethodManagerService( 1748): Got RemoteException sending setActive(false) notification to pid 18383 uid 10035

I/art     (12748): Background sticky concurrent mark sweep GC freed 48191(3MB) AllocSpace objects, 24(384KB) LOS objects, 15% free, 23MB/27MB, paused 10.616ms total 32.358ms

I/TMSelfUpdateManager(12748): onActivityResume enter

I/TMSelfUpdateManager(12748): yyb isFromStartUpdate :false

I/Unity   (12748): adding mglView

I/Apollo  (12748): onResume

I/        (12748): Apollo onResume

I/MsdkAdapter(12748): Apollo onResume

V/WindowManager( 1748): Adding window Window{70d3193 u0 SurfaceView} at 3 of 7 (before Window{d43ac0c u0 com.tencent.tmgp.sgame/com.tencent.tmgp.sgame.SGameActivity})

E/BufferQueueProducer( 1446): [SurfaceView] cancelBuffer: BufferQueue has been abandoned

I/apolloVoice(12748): ApolloVoiceResume

D/CaptureScreen(12748): open capture

I/Unity   (12748): SendToLua, eventId: 2000 arg1: 0 arg2: 0, msg: FFP_MSG_APP_PAUSED

I/Unity   (12748):  

I/Unity   (12748): (Filename: .\artifacts/generated/common/runtime/DebugBindings.gen.cpp Line: 51)

I/Unity   (12748): 

I/Unity   (12748): [NetSpeed ACC] Begin GoFront

I/Unity   (12748):  

I/Unity   (12748): (Filename: .\artifacts/generated/common/runtime/DebugBindings.gen.cpp Line: 51)

I/Unity   (12748): 

W/libOpenSLES(12748): Leaving Object::GetInterface (SL_RESULT_FEATURE_UNSUPPORTED)

I/SubaoProxy(12748): [GameListenerRebind]  UDPTrafficHijacker is alive

D/WorkerThreadMonitor( 2506): Kill MSF check result[ senderSize:0,sendInterval:108061,receiveInterval=17140,addCmdCount=125

D/MSF.C.NetConnTag( 2506): netRecv ssoSeq:-1112364654 uin:*8736 cmd:BS08PTQ9FS85K34EOAgwKSIEIjsvKAgpLQ -1112364231 cross:0

I/MSF.S.AppProcessManager( 2506): SendToApp PUSH process:com.tencent.mobileqq fromServiceMsg: FromServiceMsg msName:onRecvPushMsg ssoSeq:-1112364654 serviceCmd:OnlinePush.PbPushGroupMsg appSeq:-1112364654 failCode:1000 cost=2 needBoot=true

D/GuardManager( 2506): prestart 3, 1557049264343, 1557049140378, 720000, true, true, 1557049140378

I/troop_ext( 3458): onTroopReceiveOrSendMsg troopInfo is null or not eliminated. troopUin: 596217533

D/Q.msg.TroopMsgProxy( 3458): insertToList MessageRecord=friendUin:7533senderuin:3004,istroop:1,msgType:-1000,time:1557049264,shmsgseq:1560814

D/Q.unread.Proxy_UnreadMonitor( 3458): insertOrUpdateUnread update=--ConversationInfo--,shortUin:*7533,type:1,lastread:1558317,unreadCount:2464,unreadGiftCount:0,unreadRedPacketCount:0,unreadMark:0

W/Settings( 2506): Setting airplane_mode_on has moved from android.provider.Settings.System to android.provider.Settings.Global, returning read-only value.

D/WorkerThreadMonitor( 2506): Kill MSF check result[ senderSize:0,sendInterval:168062,receiveInterval=659,addCmdCount=125

D/MSFAliveJobService( 2506): MSF_Alive_Log MSFAliveJobService onCreate 

D/MSFAliveJobService( 2506): MSF_Alive_Log MSFAliveJobService onStartJob 

D/MSF.C.ConfigManager( 2506): MSF_Alive_Log get config jobscheduler_enable=2

D/MSFAliveManager( 2506): MSF_Alive_Log get job state = 2

D/MSFAliveJobService( 2506): MSF_Alive_Log MSFAliveJobService handleMessage start service

D/XgStat  ( 2661): [XgStat(102): ProGuard:662] - sentEventList size:1

E/XgStat  ( 2661): [XgStat(102): ProGuard:190] - [http://pingma.qq.com:80/mstat/report/?index=1556535747]Send request(eventsize:1,269bytes), content:[{"ky":"Axg0","et":1000,"ui":"355757010301568","mc":"30:9C:23:BE:31:BA","ut":1,"ch":"xgsdk","mid":"794af8451e6d89094f319aeaa29bcf29a70285c8","si":619044488,"cts":1557049306,"ts":1557049306,"sv":"3.1","dts":1,"ei":"SrvAck","kv":{"type":"0","busiMsgId":"0","msgId":"0"}}]

D/XgStat  ( 2931): [XgStat(107): ProGuard:662] - sentEventList size:1

E/XgStat  ( 2931): [XgStat(107): ProGuard:190] - [http://pingma.qq.com:80/mstat/report/?index=1556535746]Send request(eventsize:1,269bytes), content:[{"ky":"Axg0","et":1000,"ui":"355757010301568","mc":"30:9C:23:BE:31:BA","ut":1,"ch":"xgsdk","mid":"b5d2b933b8a2f9916a3a739992bba7ea1d13d1d9","si":478195168,"cts":1557049307,"ts":1557049307,"sv":"3.1","dts":1,"ei":"SrvAck","kv":{"type":"0","busiMsgId":"0","msgId":"0"}}]

D/XgStat  ( 2661): [XgStat(102): ProGuard:662] - sentEventList size:1

E/XgStat  ( 2661): [XgStat(102): ProGuard:190] - [http://pingma.qq.com:80/mstat/report/?index=1556535748]Send request(eventsize:1,269bytes), content:[{"ky":"Axg0","et":1000,"ui":"355757010301568","mc":"30:9C:23:BE:31:BA","ut":1,"ch":"xgsdk","mid":"794af8451e6d89094f319aeaa29bcf29a70285c8","si":619044488,"cts":1557049307,"ts":1557049307,"sv":"3.1","dts":1,"ei":"SrvAck","kv":{"type":"0","busiMsgId":"0","msgId":"0"}}]

D/XgStat  ( 2931): [XgStat(107): ProGuard:662] - sentEventList size:1

E/XgStat  ( 2931): [XgStat(107): ProGuard:190] - [http://pingma.qq.com:80/mstat/report/?index=1556535747]Send request(eventsize:1,269bytes), content:[{"ky":"Axg0","et":1000,"ui":"355757010301568","mc":"30:9C:23:BE:31:BA","ut":1,"ch":"xgsdk","mid":"b5d2b933b8a2f9916a3a739992bba7ea1d13d1d9","si":478195168,"cts":1557049307,"ts":1557049307,"sv":"3.1","dts":1,"ei":"SrvAck","kv":{"type":"0","busiMsgId":"0","msgId":"0"}}]

D/MicroMsg.SDK.WXMsgImplComm(12748): ignore wechat app signature validation

E/Unity   (12748): https://kf.qq.com/touch/scene_product.html?scene_id=kf1062&qi=1&wi=1&z=1316&zn=%e6%89%8bQ306%e5%8c%ba+%e8%99%8e%e5%95%b8%e9%a3%8e%e7%94%9f&role=%e8%b4%be%e7%bb%b4%e6%96%af_c

E/Unity   (12748):  

E/Unity   (12748): (Filename: .\artifacts/generated/common/runtime/DebugBindings.gen.cpp Line: 51)

E/Unity   (12748): 

D/MicroMsg.SDK.WXMsgImplComm(12748): ignore wechat app signature validation

E/CAkDelayWG(12748): AkDelayWG sampleRate: 44100, numChannels: 2, bitsPerSample=16

I/ActivityManager( 1748): START u0 {flg=0x20000000 cmp=com.tencent.tmgp.sgame/com.tencent.msdk.webview.WebViewActivity (has extras)} from uid 10035 on display 0

V/WindowManager( 1748): addAppToken: AppWindowToken{2d7103da token=Token{1d214985 ActivityRecord{1033befc u0 com.tencent.tmgp.sgame/com.tencent.msdk.webview.WebViewActivity t7}}} to stack=1 task=7 at 1

I/Unity   (12748): Causing: OpenGL Renderer, Will Wait 1s!!!

I/apolloVoice(12748): ApolloVoicePause

I/apolloVoice(12748): ApolloVoiceCloseMic

I/apolloVoice(12748): ApolloVoiceCloseSpeaker

I/Unity   (12748): SendToLua, eventId: 2000 arg1: 1 arg2: 0, msg: FFP_MSG_APP_PAUSED

I/Unity   (12748):  

I/Unity   (12748): (Filename: .\artifacts/generated/common/runtime/DebugBindings.gen.cpp Line: 51)

I/Unity   (12748): 

I/Unity   (12748): [NetSpeed ACC] Begin GoBack

I/Unity   (12748):  

I/Unity   (12748): (Filename: .\artifacts/generated/common/runtime/DebugBindings.gen.cpp Line: 51)

I/Unity   (12748): 

I/Unity   (12748): removing mglView

I/Apollo  (12748): onPause

I/        (12748): Apollo onPause

I/MsdkAdapter(12748): Apollo onPause

I/ActivityManager( 1748): Start proc 18504:com.tencent.tmgp.sgame:msdk_inner_webview/u0a35 for activity com.tencent.tmgp.sgame/com.tencent.msdk.webview.WebViewActivity

D/CaptureScreen(12748): stop capture

D/houdini (18504): [18504] Initialize library(version: 5.0.7b_x.48396 RELEASE)... successfully.

I/art     ( 1748): Explicit concurrent mark sweep GC freed 139306(6MB) AllocSpace objects, 14(249KB) LOS objects, 33% free, 15MB/23MB, paused 331us total 35.808ms

D/houdini (18504): [18504] Added shared library /data/app/com.tencent.tmgp.sgame-1/lib/arm/libtprt.so for ClassLoader by Native Bridge.

D/[MSDK WebViewActivity](18504): Close X5 : false

D/[MSDK WebViewActivity](18504): isRunCppCode : true

D/houdini (18504): [18504] Added shared library /data/data/com.tencent.mm/app_tbs/core_share_decouple/libtbs_crash_handler.so for ClassLoader by Native Bridge.

I/crash_recorder(18504): JNI_OnLoad at vm:0xb3121504

I/crash_recorder(18504): starting registerNativeSignalAction...

D/houdini (18504): [18504] Added shared library /data/data/com.tencent.mm/app_tbs/core_share_decouple/libBugly-tbscore.so for ClassLoader by Native Bridge.

D/houdini (18504): [18504] Added shared library /data/data/com.tencent.mm/app_tbs/core_share_decouple/libwebp_base.so for ClassLoader by Native Bridge.

D/WifiService( 1748): New client listening to asynchronous messages

W/art     (18504): Before Android 4.1, method void com.tencent.tbs.core.webkit.AbsoluteLayout.onInitializeAccessibilityEventInternal(android.view.accessibility.AccessibilityEvent) would have incorrectly overridden the package-private method in android.view.ViewGroup

W/art     (18504): Before Android 4.1, method void com.tencent.tbs.core.webkit.AbsoluteLayout.onInitializeAccessibilityNodeInfoInternal(android.view.accessibility.AccessibilityNodeInfo) would have incorrectly overridden the package-private method in android.view.ViewGroup

W/art     (18504): Before Android 4.1, method void com.tencent.tbs.core.webkit.WebView.onInitializeAccessibilityEventInternal(android.view.accessibility.AccessibilityEvent) would have incorrectly overridden the package-private method in android.view.ViewGroup

W/art     (18504): Before Android 4.1, method void com.tencent.tbs.core.webkit.WebView.onInitializeAccessibilityNodeInfoInternal(android.view.accessibility.AccessibilityNodeInfo) would have incorrectly overridden the package-private method in android.view.ViewGroup

W/art     (18504): Before Android 4.1, method void android.webview.chromium.tencent.TencentWebViewContentsClientAdapter.setDownloadListener(com.tencent.tbs.core.webkit.DownloadListener) would have incorrectly overridden the package-private method in android.webview.chromium.WebViewContentsClientAdapter

W/art     (18504): Before Android 4.1, method void android.webview.chromium.tencent.TencentWebViewContentsClientAdapter.setWebChromeClient(com.tencent.tbs.core.webkit.WebChromeClient) would have incorrectly overridden the package-private method in android.webview.chromium.WebViewContentsClientAdapter

W/art     (18504): Before Android 4.1, method void android.webview.chromium.tencent.TencentWebViewContentsClientAdapter.setWebViewClient(com.tencent.tbs.core.webkit.WebViewClient) would have incorrectly overridden the package-private method in android.webview.chromium.WebViewContentsClientAdapter

W/System.err(18504): java.lang.IllegalArgumentException: optimizedDirectory not readable/writable: /data/data/com.tencent.mm/app_tbs/core_share_decouple

W/System.err(18504): 	at dalvik.system.DexPathList.<init>(DexPathList.java:101)

W/System.err(18504): 	at dalvik.system.BaseDexClassLoader.<init>(BaseDexClassLoader.java:48)

W/System.err(18504): 	at dalvik.system.DexClassLoader.<init>(DexClassLoader.java:57)

W/System.err(18504): 	at com.tencent.tbs.tbsshell.TBSShellDelegate.createtDexLoader(Unknown Source)

W/System.err(18504): 	at com.tencent.tbs.tbsshell.partner.TBSShellPartner.access$5100(Unknown Source)

W/System.err(18504): 	at com.tencent.tbs.tbsshell.partner.TBSShellPartner$10.getCurrentClassLoader(Unknown Source)

W/System.err(18504): 	at com.tencent.smtt.asr.export.ASREngine.init(ASREngine.java:40)

W/System.err(18504): 	at com.tencent.tbs.tbsshell.partner.TBSShellPartner.initTbsASREngine(Unknown Source)

W/System.err(18504): 	at com.tencent.tbs.tbsshell.partner.TBSShellPartner.initTbsRuntimeEnvironment(Unknown Source)

W/System.err(18504): 	at com.tencent.tbs.tbsshell.TBSShell.initTesRuntimeEnvironment(Unknown Source)

W/System.err(18504): 	at com.tencent.tbs.tbsshell.TBSShell.initTesRuntimeEnvironment(Unknown Source)

W/System.err(18504): 	at java.lang.reflect.Method.invoke(Native Method)

W/System.err(18504): 	at java.lang.reflect.Method.invoke(Method.java:372)

W/System.err(18504): 	at com.tencent.smtt.export.external.DexLoader.invokeStaticMethod(Unknown Source)

W/System.err(18504): 	at com.tencent.smtt.sdk.az.a(Unknown Source)

W/System.err(18504): 	at com.tencent.smtt.sdk.az.<init>(Unknown Source)

W/System.err(18504): 	at com.tencent.smtt.sdk.l.a(Unknown Source)

W/System.err(18504): 	at com.tencent.smtt.sdk.bj.a(Unknown Source)

W/System.err(18504): 	at com.tencent.smtt.sdk.WebView.c(Unknown Source)

W/System.err(18504): 	at com.tencent.smtt.sdk.WebView.<init>(Unknown Source)

W/System.err(18504): 	at com.tencent.smtt.sdk.WebView.<init>(Unknown Source)

W/System.err(18504): 	at com.tencent.smtt.sdk.WebView.<init>(Unknown Source)

W/System.err(18504): 	at com.tencent.smtt.sdk.WebView.<init>(Unknown Source)

W/System.err(18504): 	at java.lang.reflect.Constructor.newInstance(Native Method)

W/System.err(18504): 	at java.lang.reflect.Constructor.newInstance(Constructor.java:288)

W/System.err(18504): 	at android.view.LayoutInflater.createView(LayoutInflater.java:607)

W/System.err(18504): 	at android.view.LayoutInflater.createViewFromTag(LayoutInflater.java:743)

W/System.err(18504): 	at android.view.LayoutInflater.rInflate(LayoutInflater.java:806)

W/System.err(18504): 	at android.view.LayoutInflater.rInflate(LayoutInflater.java:809)

W/System.err(18504): 	at android.view.LayoutInflater.inflate(LayoutInflater.java:504)

W/System.err(18504): 	at android.view.LayoutInflater.inflate(LayoutInflater.java:414)

W/System.err(18504): 	at android.view.LayoutInflater.inflate(LayoutInflater.java:365)

W/System.err(18504): 	at com.android.internal.policy.impl.PhoneWindow.setContentView(PhoneWindow.java:378)

W/System.err(18504): 	at android.app.Activity.setContentView(Activity.java:2145)

W/System.err(18504): 	at com.tencent.msdk.webview.WebViewActivity.onCreate(WebViewActivity.java:500)

W/System.err(18504): 	at android.app.Activity.performCreate(Activity.java:5990)

W/System.err(18504): 	at android.app.Instrumentation.callActivityOnCreate(Instrumentation.java:1106)

W/System.err(18504): 	at android.app.ActivityThread.performLaunchActivity(ActivityThread.java:2280)

W/System.err(18504): 	at android.app.ActivityThread.handleLaunchActivity(ActivityThread.java:2392)

W/System.err(18504): 	at android.app.ActivityThread.access$800(ActivityThread.java:153)

W/System.err(18504): 	at android.app.ActivityThread$H.handleMessage(ActivityThread.java:1305)

W/System.err(18504): 	at android.os.Handler.dispatchMessage(Handler.java:102)

W/System.err(18504): 	at android.os.Looper.loop(Looper.java:135)

W/System.err(18504): 	at android.app.ActivityThread.main(ActivityThread.java:5293)

W/System.err(18504): 	at java.lang.reflect.Method.invoke(Native Method)

W/System.err(18504): 	at java.lang.reflect.Method.invoke(Method.java:372)

W/System.err(18504): 	at com.android.internal.os.ZygoteInit$MethodAndArgsCaller.run(ZygoteInit.java:903)

W/System.err(18504): 	at com.android.internal.os.ZygoteInit.main(ZygoteInit.java:698)

D/houdini (18504): [18504] Added shared library /data/data/com.tencent.mm/app_tbs/core_share_decouple/libmttwebview.so for ClassLoader by Native Bridge.

D/houdini (18504): [18504] Added shared library /data/data/com.tencent.mm/app_tbs/core_share_decouple/libmttwebview_plat_support.so for ClassLoader by Native Bridge.

D/houdini (18504): [18535] Added shared library /data/data/com.tencent.mm/app_tbs/core_share_decouple/libcommon_basemodule_jni.so for ClassLoader by Native Bridge.

D/libEGL  (18504): loaded /system/lib/egl/libEGL_adreno.so

W/FileUtils(18504): Failed to chmod(/data/data/com.tencent.mm/app_tbs_common_share): android.system.ErrnoException: chmod failed: ENOENT (No such file or directory)

D/houdini (18504): [18540] Added shared library /data/data/com.tencent.mm/app_tbs/core_share_decouple/libqb_keystore.so for ClassLoader by Native Bridge.

D/        (18504): HostConnection::get() New Host Connection established 0xadc29660, tid 18535

D/libEGL  (18504): loaded /system/lib/egl/libGLESv1_CM_adreno.so

D/libEGL  (18504): loaded /system/lib/egl/libGLESv2_adreno.so

I/icumtt  (18504): ICU load finished. 53

D/        (18504): HostConnection::get() New Host Connection established 0xa10cba70, tid 18504

I/memcheck(18504): RenderProcessHostImpl

D/ConnectivityService( 1748): listenForNetwork for NetworkRequest [ id=35, legacyType=-1, [ Capabilities: INTERNET&NOT_RESTRICTED&TRUSTED] ]

D/ConnectivityService( 1748): handleRegisterNetworkRequest checking NetworkAgentInfo [WIFI () - 100]

D/ConnectivityService( 1748): apparently satisfied.  currentScore=60

D/ConnectivityManager.CallbackHandler(18504): CM callback handler got msg 524290

W/System.err(18504): java.io.FileNotFoundException: /data/data/com.tencent.tmgp.sgame/cache/optlist.ser: open failed: ENOENT (No such file or directory)

W/System.err(18504): 	at libcore.io.IoBridge.open(IoBridge.java:456)

W/System.err(18504): 	at java.io.FileInputStream.<init>(FileInputStream.java:76)

W/System.err(18504): 	at java.io.FileInputStream.<init>(FileInputStream.java:103)

W/System.err(18504): 	at com.tencent.smtt.net.c.a(Unknown Source)

W/System.err(18504): 	at com.tencent.smtt.net.c.c(Unknown Source)

W/System.err(18504): 	at com.tencent.smtt.net.NetworkSmttService.preconnectMainResources(Unknown Source)

W/System.err(18504): Caused by: android.system.ErrnoException: open failed: ENOENT (No such file or directory)

W/System.err(18504): 	at libcore.io.Posix.open(Native Method)

W/System.err(18504): 	at libcore.io.BlockGuardOs.open(BlockGuardOs.java:186)

W/System.err(18504): 	at libcore.io.IoBridge.open(IoBridge.java:442)

W/System.err(18504): 	... 5 more

D/[MSDK WebViewActivity](18504): Tbs useragent : Mozilla/5.0 (Linux; Android 5.1.1; SM-G955F Build/JLS36C; wv) AppleWebKit/537.36 (KHTML, like Gecko) Version/4.0 Chrome/57.0.2987.132 MQQBrowser/6.2 TBS/044328 Mobile Safari/537.36 MSDK/3.2.14a

I/ActivityManager( 1748): START u0 {cmp=com.tencent.tmgp.sgame/com.tencent.msdk.webview.JumpShareActivity (has extras)} from uid 10035 on display 0

V/WindowManager( 1748): addAppToken: AppWindowToken{1895ee65 token=Token{3e726b5c ActivityRecord{5a575cf u0 com.tencent.tmgp.sgame/com.tencent.msdk.webview.JumpShareActivity t7}}} to stack=1 task=7 at 2

I/memcheck(18504): RegisterMojoInterfaces

D/BluetoothManagerService( 1748): Message: 20

D/BluetoothManagerService( 1748): Added callback: android.bluetooth.IBluetoothManagerCallback$Stub$Proxy@ad9feb:true

D/BluetoothAdapter(18504): 503890932: getState() :  mService = null. Returning STATE_OFF

I/v8      (18504): CALL TRACE EVENT WITH ISOLATE NULL

I/v8      (18504): CALL TRACE EVENT WITH ISOLATE NULL

I/v8      (18504): CALL TRACE EVENT WITH ISOLATE NULL

I/v8      (18504): CALL TRACE EVENT WITH ISOLATE NULL

I/ActivityManager( 1748): START u0 {cmp=com.tencent.tmgp.sgame/com.tencent.msdk.webview.JumpShareActivity (has extras)} from uid 10035 on display 0

V/WindowManager( 1748): addAppToken: AppWindowToken{2f5c22ea token=Token{6f83ad5 ActivityRecord{2455638c u0 com.tencent.tmgp.sgame/com.tencent.msdk.webview.JumpShareActivity t7}}} to stack=1 task=7 at 3

D/OpenGLRenderer(18504): Use EGL_SWAP_BEHAVIOR_PRESERVED: true

D/Atlas   (18504): Validating map...

V/WindowManager( 1748): Adding window Window{333def8d u0 com.tencent.tmgp.sgame/com.tencent.msdk.webview.WebViewActivity} at 4 of 7 (after Window{d43ac0c u0 com.tencent.tmgp.sgame/com.tencent.tmgp.sgame.SGameActivity})

D/ConnectivityService( 1748): listenForNetwork for NetworkRequest [ id=36, legacyType=-1, [ Capabilities: INTERNET&NOT_RESTRICTED&TRUSTED] ]

D/ConnectivityService( 1748): handleRegisterNetworkRequest checking NetworkAgentInfo [WIFI () - 100]

D/ConnectivityService( 1748): apparently satisfied.  currentScore=60

D/ConnectivityManager.CallbackHandler(18504): CM callback handler got msg 524290

I/tx      (12748): performOnMainThread begin

I/tx      (12748): performOnMainThread: pEnv is 10103584

I/tx      (12748): cls is 100019

I/tx      (12748): mid is 74ee7390

I/tx      (12748): pEnv->CallVoidMethod

I/System.out(12748): Main Thread:Thread[main,5,main]Current Thread:Thread[main,5,main]

I/tx      (12748): JNI Perform pSelector get

I/tx      (12748): callJNIperform working

I/tx      (12748): pEnv->CallVoidMethod after

E/libEGL  (18504): validate_display:255 error 3008 (EGL_BAD_DISPLAY)

D/        (18504): HostConnection::get() New Host Connection established 0xa1215790, tid 18605

I/OpenGLRenderer(18504): Initialized EGL, version 1.4

D/        (18504): HostConnection::get() New Host Connection established 0xade5a640, tid 18583

W/AudioCapabilities(18504): Unsupported mime audio/x-ms-wma

W/AudioCapabilities(18504): Unsupported mime audio/vnd.rn-realaudio

W/AudioCapabilities(18504): Unsupported mime audio/mpeg-L2

W/AudioCapabilities(18504): Unsupported mime audio/ac3

W/AudioCapabilities(18504): Unsupported mime audio/x-ape

W/AudioCapabilities(18504): Unsupported mime audio/vnd.dts

W/AudioCapabilities(18504): Unsupported mime audio/ffmpeg

W/VideoCapabilities(18504): Unsupported mime video/mpeg2

W/VideoCapabilities(18504): Unsupported mime video/x-ms-wmv

W/VideoCapabilities(18504): Unsupported mime video/vnd.rn-realvideo

W/VideoCapabilities(18504): Unsupported mime video/vc1

W/VideoCapabilities(18504): Unsupported mime video/x-flv

W/VideoCapabilities(18504): Unsupported mime video/divx

W/VideoCapabilities(18504): Unsupported mime video/ffmpeg

I/VideoCapabilities(18504): Unsupported profile 4 for video/mp4v-es

D/OpenGLRenderer(18504): Enabling debug mode 0

W/DebugConnManager(18504): getNetworkInfo() on networkType 1

W/DebugConnManager(18504): getNetworkInfo() on networkType 0

E/eglCodecCommon(18504): glUtilsParamSize: unknow param 0x00008a34

E/eglCodecCommon(18504): glUtilsParamSize: unknow param 0x00008073

E/eglCodecCommon(18504): glUtilsParamSize: unknow param 0x000088ff

W/ContextImpl( 1748): Calling a method in the system process without a qualified user: android.app.ContextImpl.sendBroadcast:1327 com.android.server.InputMethodManagerService.hideCurrentInputLocked:1992 com.android.server.InputMethodManagerService.windowGainedFocus:2082 com.android.internal.view.IInputMethodManager$Stub.onTransact:221 com.android.server.InputMethodManagerService.onTransact:873 

E/eglCodecCommon(18504): glUtilsParamSize: unknow param 0x000088ff

D/[MSDK WebViewActivity](18504): loading url:https://kf.qq.com/touch/newgames/pvp/index.html?scene_id=kf1062&qi=1&wi=1&z=1316&zn=%e6%89%8bQ306%e5%8c%ba+%e8%99%8e%e5%95%b8%e9%a3%8e%e7%94%9f&role=%e8%b4%be%e7%bb%b4%e6%96%af_c&algorithm=v2&version=3.2.14a&timestamp=1557049317&appid=1104466820&openid=88D975FC33B46F27538392DC3D668F49&sig=08091937b3fe75f83ab30cf4b7676d64&encode=2&msdkEncodeParam=7A57C1EB7E8DE881496A7C64BF6F1B6753CD00AE635DE091ECBA5E8F9648CE08F936B138F19E827E1DEB16511FAA8D077F3C715B4C23D158CE47A69F58A4547626105089007EA1EC3EA44EC6F8102FFC4DEE55BE66A1DE0BB92CBB0AB83DE8178BE31D2D882D530297BD237995CB2E65BD1FB9B6EDC8D48CC760AF04CAC39D8D5B1CAC886376BF548B27AAEF9187E31593D8A0D34096EFCCEB58F0BBB8F2FD05720379BE78A3ECDEF3EB96776044506E

D/WifiService( 1748): Client connection lost with reason: 4

W/InputDispatcher( 1748): channel '333def8d com.tencent.tmgp.sgame/com.tencent.msdk.webview.WebViewActivity (server)' ~ Consumer closed input channel or an error occurred.  events=0x9

E/InputDispatcher( 1748): channel '333def8d com.tencent.tmgp.sgame/com.tencent.msdk.webview.WebViewActivity (server)' ~ Channel is unrecoverably broken and will be disposed!

I/WindowState( 1748): WIN DEATH: Window{333def8d u0 com.tencent.tmgp.sgame/com.tencent.msdk.webview.WebViewActivity}

I/Zygote  ( 1460): Process 18504 exited due to signal (11)

D/ConnectivityService( 1748): ConnectivityService NetworkRequestInfo binderDied(NetworkRequest [ id=36, legacyType=-1, [ Capabilities: INTERNET&NOT_RESTRICTED&TRUSTED] ], android.os.BinderProxy@3d153da7)

D/ConnectivityService( 1748): releasing NetworkRequest NetworkRequest [ id=36, legacyType=-1, [ Capabilities: INTERNET&NOT_RESTRICTED&TRUSTED] ]

D/ConnectivityService( 1748): ConnectivityService NetworkRequestInfo binderDied(NetworkRequest [ id=35, legacyType=-1, [ Capabilities: INTERNET&NOT_RESTRICTED&TRUSTED] ], android.os.BinderProxy@10fe5254)

W/InputDispatcher( 1748): Attempted to unregister already unregistered input channel '333def8d com.tencent.tmgp.sgame/com.tencent.msdk.webview.WebViewActivity (server)'

E/ConnectivityService( 1748): RemoteException caught trying to send a callback msg for NetworkRequest [ id=36, legacyType=-1, [ Capabilities: INTERNET&NOT_RESTRICTED&TRUSTED] ]

D/ConnectivityService( 1748): releasing NetworkRequest NetworkRequest [ id=35, legacyType=-1, [ Capabilities: INTERNET&NOT_RESTRICTED&TRUSTED] ]

E/ConnectivityService( 1748): RemoteException caught trying to send a callback msg for NetworkRequest [ id=35, legacyType=-1, [ Capabilities: INTERNET&NOT_RESTRICTED&TRUSTED] ]

I/ActivityManager( 1748): Process com.tencent.tmgp.sgame:msdk_inner_webview (pid 18504) has died

W/ActivityManager( 1748): Force removing ActivityRecord{1033befc u0 com.tencent.tmgp.sgame/com.tencent.msdk.webview.WebViewActivity t7}: app died, no saved state

W/ContextImpl( 1748): Calling a method in the system process without a qualified user: android.app.ContextImpl.sendBroadcast:1327 com.android.server.InputMethodManagerService.hideCurrentInputLocked:1992 com.android.server.InputMethodManagerService.windowGainedFocus:2082 com.android.internal.view.IInputMethodManager$Stub.onTransact:221 com.android.server.InputMethodManagerService.onTransact:873 

W/InputMethodManagerService( 1748): Got RemoteException sending setActive(false) notification to pid 18504 uid 10035

I/TMSelfUpdateManager(12748): onActivityResume enter

I/TMSelfUpdateManager(12748): yyb isFromStartUpdate :false

I/Unity   (12748): adding mglView

I/Apollo  (12748): onResume

I/        (12748): Apollo onResume

I/MsdkAdapter(12748): Apollo onResume

V/WindowManager( 1748): Adding window Window{ada62f2 u0 SurfaceView} at 3 of 7 (before Window{d43ac0c u0 com.tencent.tmgp.sgame/com.tencent.tmgp.sgame.SGameActivity})

E/BufferQueueProducer( 1446): [SurfaceView] cancelBuffer: BufferQueue has been abandoned

I/apolloVoice(12748): ApolloVoiceResume

D/CaptureScreen(12748): open capture

I/Unity   (12748): SendToLua, eventId: 2000 arg1: 0 arg2: 0, msg: FFP_MSG_APP_PAUSED

I/Unity   (12748):  

I/Unity   (12748): (Filename: .\artifacts/generated/common/runtime/DebugBindings.gen.cpp Line: 51)

I/Unity   (12748): 

I/Unity   (12748): [NetSpeed ACC] Begin GoFront

I/Unity   (12748):  

I/Unity   (12748): (Filename: .\artifacts/generated/common/runtime/DebugBindings.gen.cpp Line: 51)

I/Unity   (12748): 

W/libOpenSLES(12748): Leaving Object::GetInterface (SL_RESULT_FEATURE_UNSUPPORTED)

I/SubaoProxy(12748): [GameListenerRebind]  UDPTrafficHijacker is alive

D/WorkerThreadMonitor( 2506): Kill MSF check result[ senderSize:0,sendInterval:228063,receiveInterval=663,addCmdCount=125

D/houdini (18618): [18618] Initialize library(version: 5.0.7b_x.48396 RELEASE)... successfully.

I/ActivityManager( 1748): Start proc 18618:com.tencent.mm:push/u0a31 for service com.tencent.mm/.booter.CoreService

D/houdini (18618): [18618] Added shared library /data/app/com.tencent.mm-1/lib/arm/libstlport_shared.so for ClassLoader by Native Bridge.

D/houdini (18618): [18618] Added shared library /data/app/com.tencent.mm-1/lib/arm/libc++_shared.so for ClassLoader by Native Bridge.

D/houdini (18618): [18618] Added shared library /data/app/com.tencent.mm-1/lib/arm/libwechatxlog.so for ClassLoader by Native Bridge.

E/ActivityThread(18618): Failed to find provider info for com.tencent.mm.coolassist.debugprovider

W/art     (18618): Verification of void com.tencent.mm.boot.svg.SVGPreload.load(com.tencent.mm.svg.a.e$a) took 164.646ms

D/houdini (18618): [18639] Added shared library /data/app/com.tencent.mm-1/lib/arm/libwechatnetwork.so for ClassLoader by Native Bridge.

D/houdini (18618): [18640] Added shared library /data/app/com.tencent.mm-1/lib/arm/libwechatnormsg.so for ClassLoader by Native Bridge.

D/houdini (18618): [18640] Added shared library /data/app/com.tencent.mm-1/lib/arm/libMMProtocalJni.so for ClassLoader by Native Bridge.

D/houdini (18618): [18618] Added shared library /data/app/com.tencent.mm-1/lib/arm/libappbrandcommon.so for ClassLoader by Native Bridge.

D/houdini (18618): [18618] Added shared library /data/app/com.tencent.mm-1/lib/arm/libYTCommon.so for ClassLoader by Native Bridge.

D/houdini (18618): [18618] Added shared library /data/app/com.tencent.mm-1/lib/arm/libnnpack.so for ClassLoader by Native Bridge.

D/houdini (18618): [18618] Added shared library /data/app/com.tencent.mm-1/lib/arm/libimage_filter_common.so for ClassLoader by Native Bridge.

D/houdini (18618): [18618] Added shared library /data/app/com.tencent.mm-1/lib/arm/libimage_filter_gpu.so for ClassLoader by Native Bridge.

D/WifiService( 1748): New client listening to asynchronous messages

D/houdini (18618): [18640] Added shared library /data/app/com.tencent.mm-1/lib/arm/libtencentloc.so for ClassLoader by Native Bridge.

D/BluetoothManagerService( 1748): Message: 20

D/BluetoothManagerService( 1748): Added callback: android.bluetooth.IBluetoothManagerCallback$Stub$Proxy@25d22a31:true

W/art     (18618): Native thread exiting without having called DetachCurrentThread (maybe it's going to use a pthread_key_create destructor?): Thread[31,tid=18671,Native,Thread*=0xadc2fc00,peer=0x138190a0,"default"]

W/art     (18618): Attempt to remove local handle scope entry from IRT, ignoring

W/art     (18618): Native thread exiting without having called DetachCurrentThread (maybe it's going to use a pthread_key_create destructor?): Thread[32,tid=18672,Native,Thread*=0xadc2fc00,peer=0x138330a0,"default"]

W/art     (18618): Native thread exiting without having called DetachCurrentThread (maybe it's going to use a pthread_key_create destructor?): Thread[29,tid=18670,Native,Thread*=0xb3f04800,peer=0x137f40a0,"default"]

W/art     (18618): Native thread exiting without having called DetachCurrentThread (maybe it's going to use a pthread_key_create destructor?): Thread[29,tid=18680,Native,Thread*=0xadc2fc00,peer=0x137f4580,"default"]

W/art     (18618): Native thread exiting without having called DetachCurrentThread (maybe it's going to use a pthread_key_create destructor?): Thread[30,tid=18668,Native,Thread*=0xadc2d000,peer=0x138040a0,"default"]

W/art     (18618): Native thread exiting without having called DetachCurrentThread (maybe it's going to use a pthread_key_create destructor?): Thread[33,tid=18689,Native,Thread*=0xb3f04400,peer=0x13856100,"default"]

W/art     (18618): Native thread exiting without having called DetachCurrentThread (maybe it's going to use a pthread_key_create destructor?): Thread[30,tid=18693,Native,Thread*=0xadc31800,peer=0x13856160,"default"]

W/art     (18618): Native thread exiting without having called DetachCurrentThread (maybe it's going to use a pthread_key_create destructor?): Thread[33,tid=18692,Native,Thread*=0xb3f03800,peer=0x138600a0,"default"]

W/art     (18618): Native thread exiting without having called DetachCurrentThread (maybe it's going to use a pthread_key_create destructor?): Thread[30,tid=18690,Native,Thread*=0xadc30800,peer=0x138561c0,"default"]

W/art     (18618): Native thread exiting without having called DetachCurrentThread (maybe it's going to use a pthread_key_create destructor?): Thread[30,tid=18696,Native,Thread*=0xadc30800,peer=0x3375d0a0,"default"]

I/ActivityManager( 1748): Killing 18217:com.tencent.mm/u0a31 (adj 13): 128256k from cached

D/WifiService( 1748): Client connection lost with reason: 4

W/BroadcastQueue( 1748): Exception when sending broadcast to ComponentInfo{com.tencent.mm/com.tencent.mm.plugin.report.service.KVCommCrossProcessReceiver}

