W/BroadcastQueue( 1748): android.os.DeadObjectException

W/BroadcastQueue( 1748): 	at android.os.BinderProxy.transactNative(Native Method)

W/BroadcastQueue( 1748): 	at android.os.BinderProxy.transact(Binder.java:496)

W/BroadcastQueue( 1748): 	at android.app.ApplicationThreadProxy.scheduleReceiver(ApplicationThreadNative.java:861)

W/BroadcastQueue( 1748): 	at com.android.server.am.BroadcastQueue.processCurBroadcastLocked(BroadcastQueue.java:245)

W/BroadcastQueue( 1748): 	at com.android.server.am.BroadcastQueue.processNextBroadcast(BroadcastQueue.java:936)

W/BroadcastQueue( 1748): 	at com.android.server.am.BroadcastQueue$BroadcastHandler.handleMessage(BroadcastQueue.java:149)

W/BroadcastQueue( 1748): 	at android.os.Handler.dispatchMessage(Handler.java:102)

W/BroadcastQueue( 1748): 	at android.os.Looper.loop(Looper.java:135)

W/BroadcastQueue( 1748): 	at android.os.HandlerThread.run(HandlerThread.java:61)

W/BroadcastQueue( 1748): 	at com.android.server.ServiceThread.run(ServiceThread.java:46)

W/libprocessgroup( 1748): failed to open /acct/uid_10031/pid_18217/cgroup.procs: No such file or directory

I/ActivityManager( 1748): Start proc 18699:com.tencent.mm/u0a31 for broadcast com.tencent.mm/.plugin.report.service.KVCommCrossProcessReceiver

W/ActivityManager( 1748): Spurious death for ProcessRecord{28fc0e19 18699:com.tencent.mm/u0a31}, curProc for 18217: null

D/houdini (18699): [18699] Initialize library(version: 5.0.7b_x.48396 RELEASE)... successfully.

W/art     (18618): Native thread exiting without having called DetachCurrentThread (maybe it's going to use a pthread_key_create destructor?): Thread[29,tid=18687,Native,Thread*=0xadc2f800,peer=0x32c074c0,"default"]

W/art     (18618): Native thread exiting without having called DetachCurrentThread (maybe it's going to use a pthread_key_create destructor?): Thread[32,tid=18685,Native,Thread*=0xadc2d000,peer=0x32c07520,"default"]

W/art     (18618): Native thread exiting without having called DetachCurrentThread (maybe it's going to use a pthread_key_create destructor?): Thread[29,tid=18717,Native,Thread*=0xadc2f800,peer=0x33758a60,"default"]

W/art     (18618): Native thread exiting without having called DetachCurrentThread (maybe it's going to use a pthread_key_create destructor?): Thread[29,tid=18715,Native,Thread*=0xadc2d000,peer=0x33758c40,"default"]

I/Process (18618): Sending signal. PID: 18618 SIG: 9

D/WifiService( 1748): Client connection lost with reason: 4

I/ActivityManager( 1748): Process com.tencent.mm:push (pid 18618) has died

I/ProcessStatsService( 1748): Prepared write state in 1ms

D/houdini (18699): [18699] Added shared library /data/app/com.tencent.mm-1/lib/arm/libstlport_shared.so for ClassLoader by Native Bridge.

D/houdini (18699): [18699] Added shared library /data/app/com.tencent.mm-1/lib/arm/libc++_shared.so for ClassLoader by Native Bridge.

D/houdini (18699): [18699] Added shared library /data/app/com.tencent.mm-1/lib/arm/libwechatxlog.so for ClassLoader by Native Bridge.

E/ActivityThread(18699): Failed to find provider info for com.tencent.mm.coolassist.debugprovider

W/art     (18699): Verification of void com.tencent.mm.boot.svg.SVGPreload.load(com.tencent.mm.svg.a.e$a) took 148.449ms

I/VFS.FileSystemManager(18699): Static environment:

I/VFS.FileSystemManager(18699):   storage => /storage/emulated/0

I/VFS.FileSystemManager(18699):   extCache => /storage/emulated/0/Android/data/com.tencent.mm/cache

I/VFS.FileSystemManager(18699):   dataCache => /data/data/com.tencent.mm/cache

I/VFS.FileSystemManager(18699):   extData => /storage/emulated/0/Android/data/com.tencent.mm

I/VFS.FileSystemManager(18699):   data => /data/data/com.tencent.mm

I/VFS.FileSystemManager(18699): File system configuration changed:

I/VFS.FileSystemManager(18699): [CLEAN ALL]

W/art     (18699): Suspending all threads took: 10.521ms

D/houdini (18699): [18733] Added shared library /data/app/com.tencent.mm-1/lib/arm/libmatrixmrs.so for ClassLoader by Native Bridge.

D/houdini (18699): [18732] Added shared library /data/app/com.tencent.mm-1/lib/arm/libwcdb.so for ClassLoader by Native Bridge.

I/WCDB    (18699): Initialize JNI module (1/11) CursorWindow...

V/WCDB.JNIHelp(18699): Registering com/tencent/wcdb/CursorWindow natives

I/WCDB    (18699): Initialize JNI module (2/11) FileUtils...

V/WCDB.JNIHelp(18699): Registering com/tencent/wcdb/FileUtils natives

I/WCDB    (18699): Initialize JNI module (3/11) ChunkedCursorWindow...

V/WCDB.JNIHelp(18699): Registering com/tencent/wcdb/database/ChunkedCursorWindow natives

V/WCDB.JNIHelp(18699): Registering com/tencent/wcdb/database/SQLiteAsyncQuery natives

I/WCDB    (18699): Initialize JNI module (4/11) SQLiteConnection...

W/art     (18699): Suspending all threads took: 8.321ms

I/WCDB    (18699): Initialize JNI module (5/11) SQLiteDebug...

V/WCDB.JNIHelp(18699): Registering com/tencent/wcdb/database/SQLiteDebug natives

I/WCDB    (18699): Initialize JNI module (6/11) SQLiteDirectCursor...

V/WCDB.JNIHelp(18699): Registering com/tencent/wcdb/database/SQLiteDirectQuery natives

I/WCDB    (18699): Initialize JNI module (7/11) SQLiteGlobal...

V/WCDB.JNIHelp(18699): Registering com/tencent/wcdb/database/SQLiteGlobal natives

I/WCDB    (18699): Initialize JNI module (8/11) DBBackup...

V/WCDB.JNIHelp(18699): Registering com/tencent/wcdb/repair/BackupKit natives

V/WCDB.JNIHelp(18699): Registering com/tencent/wcdb/repair/RecoverKit natives

I/WCDB    (18699): Initialize JNI module (9/11) DBDumpUtil...

V/WCDB.JNIHelp(18699): Registering com/tencent/wcdb/repair/DBDumpUtil natives

I/WCDB    (18699): Initialize JNI module (10/11) DBRepair...

V/WCDB.JNIHelp(18699): Registering com/tencent/wcdb/repair/RepairKit$RepairCursor natives

I/WCDB    (18699): Initialize JNI module (11/11) Log...

V/WCDB.JNIHelp(18699): Registering com/tencent/wcdb/support/Log natives

D/houdini (18699): [18746] Added shared library /data/app/com.tencent.mm-1/lib/arm/libhardcoder.so for ClassLoader by Native Bridge.

W/art     (18699): Suspending all threads took: 9.501ms

E/art     (18699): No implementation found for java.util.ArrayList com.tencent.mars.smc.SmcLogic.getLoadLibraries() (tried Java_com_tencent_mars_smc_SmcLogic_getLoadLibraries and Java_com_tencent_mars_smc_SmcLogic_getLoadLibraries__)

D/houdini (18699): [18732] Added shared library /data/app/com.tencent.mm-1/lib/arm/libwechatmm.so for ClassLoader by Native Bridge.

D/houdini (18699): [18734] Added shared library /data/app/com.tencent.mm-1/lib/arm/libwechatnormsg.so for ClassLoader by Native Bridge.

D/houdini (18699): [18732] Added shared library /data/app/com.tencent.mm-1/lib/arm/libcommonimgdec.so for ClassLoader by Native Bridge.

D/houdini (18699): [18732] Added shared library /data/app/com.tencent.mm-1/lib/arm/libwechatcommon.so for ClassLoader by Native Bridge.

D/houdini (18699): [18734] Added shared library /data/app/com.tencent.mm-1/lib/arm/libMMProtocalJni.so for ClassLoader by Native Bridge.

I/art     (18699): Rejecting re-init on previously-failed class java.lang.Class<com.tencent.tinker.lib.util.TinkerJobIntentService$f>

I/art     (18699): Rejecting re-init on previously-failed class java.lang.Class<com.tencent.tinker.lib.util.TinkerJobIntentService$f>

D/houdini (18699): [18732] Added shared library /data/app/com.tencent.mm-1/lib/arm/libwechatvoicereco.so for ClassLoader by Native Bridge.

D/houdini (18699): [18732] Added shared library /data/app/com.tencent.mm-1/lib/arm/libtencentloc.so for ClassLoader by Native Bridge.

D/houdini (18699): [18734] Added shared library /data/app/com.tencent.mm-1/lib/arm/libFFmpeg.so for ClassLoader by Native Bridge.

D/houdini (18699): [18732] Added shared library /data/app/com.tencent.mm-1/lib/arm/libtxmapengine.so for ClassLoader by Native Bridge.

D/houdini (18699): [18734] Added shared library /data/app/com.tencent.mm-1/lib/arm/libwechatpack.so for ClassLoader by Native Bridge.

D/houdini (18699): [18734] Added shared library /data/app/com.tencent.mm-1/lib/arm/libwechatsight_v7a.so for ClassLoader by Native Bridge.

D/houdini (18699): [18731] Added shared library /data/app/com.tencent.mm-1/lib/arm/libappbrandcommon.so for ClassLoader by Native Bridge.

D/houdini (18699): [18731] Added shared library /data/app/com.tencent.mm-1/lib/arm/libYTCommon.so for ClassLoader by Native Bridge.

D/houdini (18699): [18731] Added shared library /data/app/com.tencent.mm-1/lib/arm/libnnpack.so for ClassLoader by Native Bridge.

D/houdini (18699): [18731] Added shared library /data/app/com.tencent.mm-1/lib/arm/libimage_filter_common.so for ClassLoader by Native Bridge.

D/houdini (18699): [18731] Added shared library /data/app/com.tencent.mm-1/lib/arm/libimage_filter_gpu.so for ClassLoader by Native Bridge.

D/WifiService( 1748): New client listening to asynchronous messages

D/BluetoothManagerService( 1748): Message: 20

D/BluetoothManagerService( 1748): Added callback: android.bluetooth.IBluetoothManagerCallback$Stub$Proxy@12e7e402:true

V/XBMC    (18699): detaching thread

D/MicroMsg.SDK.WXMsgImplComm(12748): ignore wechat app signature validation

E/Unity   (12748): https://kf.qq.com/touch/scene_product.html?scene_id=kf1062&qi=1&wi=1&z=1316&zn=%e6%89%8bQ306%e5%8c%ba+%e8%99%8e%e5%95%b8%e9%a3%8e%e7%94%9f&role=%e8%b4%be%e7%bb%b4%e6%96%af_c

E/Unity   (12748):  

E/Unity   (12748): (Filename: .\artifacts/generated/common/runtime/DebugBindings.gen.cpp Line: 51)

E/Unity   (12748): 

D/MicroMsg.SDK.WXMsgImplComm(12748): ignore wechat app signature validation

I/ActivityManager( 1748): START u0 {flg=0x20000000 cmp=com.tencent.tmgp.sgame/com.tencent.msdk.webview.WebViewActivity (has extras)} from uid 10035 on display 0

E/CAkDelayWG(12748): AkDelayWG sampleRate: 44100, numChannels: 2, bitsPerSample=16

V/WindowManager( 1748): addAppToken: AppWindowToken{2563d549 token=Token{2165cf50 ActivityRecord{fc0e113 u0 com.tencent.tmgp.sgame/com.tencent.msdk.webview.WebViewActivity t7}}} to stack=1 task=7 at 1

I/Unity   (12748): Causing: OpenGL Renderer, Will Wait 1s!!!

W/ActivityManager( 1748): Activity pause timeout for ActivityRecord{bd045d5 u0 com.tencent.tmgp.sgame/.SGameActivity t7}

I/ActivityManager( 1748): Start proc 18786:com.tencent.tmgp.sgame:msdk_inner_webview/u0a35 for activity com.tencent.tmgp.sgame/com.tencent.msdk.webview.WebViewActivity

D/houdini (18786): [18786] Initialize library(version: 5.0.7b_x.48396 RELEASE)... successfully.

D/houdini (18786): [18786] Added shared library /data/app/com.tencent.tmgp.sgame-1/lib/arm/libtprt.so for ClassLoader by Native Bridge.

D/[MSDK WebViewActivity](18786): Close X5 : false

D/[MSDK WebViewActivity](18786): isRunCppCode : true

D/houdini (18786): [18786] Added shared library /data/data/com.tencent.mm/app_tbs/core_share_decouple/libtbs_crash_handler.so for ClassLoader by Native Bridge.

I/crash_recorder(18786): JNI_OnLoad at vm:0xb3121504

I/crash_recorder(18786): starting registerNativeSignalAction...

D/houdini (18786): [18786] Added shared library /data/data/com.tencent.mm/app_tbs/core_share_decouple/libBugly-tbscore.so for ClassLoader by Native Bridge.

D/houdini (18786): [18786] Added shared library /data/data/com.tencent.mm/app_tbs/core_share_decouple/libwebp_base.so for ClassLoader by Native Bridge.

D/WifiService( 1748): New client listening to asynchronous messages

W/System.err(18786): java.lang.IllegalArgumentException: optimizedDirectory not readable/writable: /data/data/com.tencent.mm/app_tbs/core_share_decouple

W/System.err(18786): 	at dalvik.system.DexPathList.<init>(DexPathList.java:101)

W/System.err(18786): 	at dalvik.system.BaseDexClassLoader.<init>(BaseDexClassLoader.java:48)

W/System.err(18786): 	at dalvik.system.DexClassLoader.<init>(DexClassLoader.java:57)

W/System.err(18786): 	at com.tencent.tbs.tbsshell.TBSShellDelegate.createtDexLoader(Unknown Source)

W/System.err(18786): 	at com.tencent.tbs.tbsshell.partner.TBSShellPartner.access$5100(Unknown Source)

W/System.err(18786): 	at com.tencent.tbs.tbsshell.partner.TBSShellPartner$10.getCurrentClassLoader(Unknown Source)

W/System.err(18786): 	at com.tencent.smtt.asr.export.ASREngine.init(ASREngine.java:40)

W/System.err(18786): 	at com.tencent.tbs.tbsshell.partner.TBSShellPartner.initTbsASREngine(Unknown Source)

W/System.err(18786): 	at com.tencent.tbs.tbsshell.partner.TBSShellPartner.initTbsRuntimeEnvironment(Unknown Source)

W/System.err(18786): 	at com.tencent.tbs.tbsshell.TBSShell.initTesRuntimeEnvironment(Unknown Source)

W/System.err(18786): 	at com.tencent.tbs.tbsshell.TBSShell.initTesRuntimeEnvironment(Unknown Source)

W/System.err(18786): 	at java.lang.reflect.Method.invoke(Native Method)

W/System.err(18786): 	at java.lang.reflect.Method.invoke(Method.java:372)

W/System.err(18786): 	at com.tencent.smtt.export.external.DexLoader.invokeStaticMethod(Unknown Source)

W/System.err(18786): 	at com.tencent.smtt.sdk.az.a(Unknown Source)

W/System.err(18786): 	at com.tencent.smtt.sdk.az.<init>(Unknown Source)

W/System.err(18786): 	at com.tencent.smtt.sdk.l.a(Unknown Source)

W/System.err(18786): 	at com.tencent.smtt.sdk.bj.a(Unknown Source)

W/System.err(18786): 	at com.tencent.smtt.sdk.WebView.c(Unknown Source)

W/System.err(18786): 	at com.tencent.smtt.sdk.WebView.<init>(Unknown Source)

W/System.err(18786): 	at com.tencent.smtt.sdk.WebView.<init>(Unknown Source)

W/System.err(18786): 	at com.tencent.smtt.sdk.WebView.<init>(Unknown Source)

W/System.err(18786): 	at com.tencent.smtt.sdk.WebView.<init>(Unknown Source)

W/System.err(18786): 	at java.lang.reflect.Constructor.newInstance(Native Method)

W/System.err(18786): 	at java.lang.reflect.Constructor.newInstance(Constructor.java:288)

W/System.err(18786): 	at android.view.LayoutInflater.createView(LayoutInflater.java:607)

W/System.err(18786): 	at android.view.LayoutInflater.createViewFromTag(LayoutInflater.java:743)

W/System.err(18786): 	at android.view.LayoutInflater.rInflate(LayoutInflater.java:806)

W/System.err(18786): 	at android.view.LayoutInflater.rInflate(LayoutInflater.java:809)

W/System.err(18786): 	at android.view.LayoutInflater.inflate(LayoutInflater.java:504)

W/System.err(18786): 	at android.view.LayoutInflater.inflate(LayoutInflater.java:414)

W/System.err(18786): 	at android.view.LayoutInflater.inflate(LayoutInflater.java:365)

W/System.err(18786): 	at com.android.internal.policy.impl.PhoneWindow.setContentView(PhoneWindow.java:378)

W/System.err(18786): 	at android.app.Activity.setContentView(Activity.java:2145)

W/System.err(18786): 	at com.tencent.msdk.webview.WebViewActivity.onCreate(WebViewActivity.java:500)

W/System.err(18786): 	at android.app.Activity.performCreate(Activity.java:5990)

W/System.err(18786): 	at android.app.Instrumentation.callActivityOnCreate(Instrumentation.java:1106)

W/System.err(18786): 	at android.app.ActivityThread.performLaunchActivity(ActivityThread.java:2280)

W/System.err(18786): 	at android.app.ActivityThread.handleLaunchActivity(ActivityThread.java:2392)

W/System.err(18786): 	at android.app.ActivityThread.access$800(ActivityThread.java:153)

W/System.err(18786): 	at android.app.ActivityThread$H.handleMessage(ActivityThread.java:1305)

W/System.err(18786): 	at android.os.Handler.dispatchMessage(Handler.java:102)

W/System.err(18786): 	at android.os.Looper.loop(Looper.java:135)

W/System.err(18786): 	at android.app.ActivityThread.main(ActivityThread.java:5293)

W/System.err(18786): 	at java.lang.reflect.Method.invoke(Native Method)

W/System.err(18786): 	at java.lang.reflect.Method.invoke(Method.java:372)

W/System.err(18786): 	at com.android.internal.os.ZygoteInit$MethodAndArgsCaller.run(ZygoteInit.java:903)

W/System.err(18786): 	at com.android.internal.os.ZygoteInit.main(ZygoteInit.java:698)

W/art     (18786): Before Android 4.1, method void android.webview.chromium.tencent.TencentWebViewContentsClientAdapter.setDownloadListener(com.tencent.tbs.core.webkit.DownloadListener) would have incorrectly overridden the package-private method in android.webview.chromium.WebViewContentsClientAdapter

W/art     (18786): Before Android 4.1, method void android.webview.chromium.tencent.TencentWebViewContentsClientAdapter.setWebChromeClient(com.tencent.tbs.core.webkit.WebChromeClient) would have incorrectly overridden the package-private method in android.webview.chromium.WebViewContentsClientAdapter

W/art     (18786): Before Android 4.1, method void android.webview.chromium.tencent.TencentWebViewContentsClientAdapter.setWebViewClient(com.tencent.tbs.core.webkit.WebViewClient) would have incorrectly overridden the package-private method in android.webview.chromium.WebViewContentsClientAdapter

I/apolloVoice(12748): ApolloVoicePause

I/apolloVoice(12748): ApolloVoiceCloseMic

I/apolloVoice(12748): ApolloVoiceCloseSpeaker

I/Unity   (12748): SendToLua, eventId: 2000 arg1: 1 arg2: 0, msg: FFP_MSG_APP_PAUSED

I/Unity   (12748):  

I/Unity   (12748): (Filename: .\artifacts/generated/common/runtime/DebugBindings.gen.cpp Line: 51)

I/Unity   (12748): 

I/Unity   (12748): [NetSpeed ACC] Begin GoBack

I/Unity   (12748):  

I/Unity   (12748): (Filename: .\artifacts/generated/common/runtime/DebugBindings.gen.cpp Line: 51)

I/Unity   (12748): 

I/Unity   (12748): removing mglView

I/Apollo  (12748): onPause

I/        (12748): Apollo onPause

I/MsdkAdapter(12748): Apollo onPause

W/art     (18786): Before Android 4.1, method void com.tencent.tbs.core.webkit.AbsoluteLayout.onInitializeAccessibilityEventInternal(android.view.accessibility.AccessibilityEvent) would have incorrectly overridden the package-private method in android.view.ViewGroup

W/art     (18786): Before Android 4.1, method void com.tencent.tbs.core.webkit.AbsoluteLayout.onInitializeAccessibilityNodeInfoInternal(android.view.accessibility.AccessibilityNodeInfo) would have incorrectly overridden the package-private method in android.view.ViewGroup

W/art     (18786): Before Android 4.1, method void com.tencent.tbs.core.webkit.WebView.onInitializeAccessibilityEventInternal(android.view.accessibility.AccessibilityEvent) would have incorrectly overridden the package-private method in android.view.ViewGroup

W/art     (18786): Before Android 4.1, method void com.tencent.tbs.core.webkit.WebView.onInitializeAccessibilityNodeInfoInternal(android.view.accessibility.AccessibilityNodeInfo) would have incorrectly overridden the package-private method in android.view.ViewGroup

D/CaptureScreen(12748): stop capture

D/houdini (18786): [18815] Added shared library /data/data/com.tencent.mm/app_tbs/core_share_decouple/libcommon_basemodule_jni.so for ClassLoader by Native Bridge.

W/art     (18786): Verification of boolean org.chromium.content.browser.ContentViewCore.onDragEvent(android.view.DragEvent) took 102.095ms

W/art     (18786): Verification of void com.tencent.tbs.core.webkit.WebView.<clinit>() took 101.674ms

I/art     (18786): Background sticky concurrent mark sweep GC freed 62681(6MB) AllocSpace objects, 40(640KB) LOS objects, 33% free, 8MB/12MB, paused 2.782ms total 197.117ms

D/houdini (18786): [18786] Added shared library /data/data/com.tencent.mm/app_tbs/core_share_decouple/libmttwebview.so for ClassLoader by Native Bridge.

D/houdini (18786): [18786] Added shared library /data/data/com.tencent.mm/app_tbs/core_share_decouple/libmttwebview_plat_support.so for ClassLoader by Native Bridge.

D/libEGL  (18786): loaded /system/lib/egl/libEGL_adreno.so

D/        (18786): HostConnection::get() New Host Connection established 0xadc29400, tid 18815

D/libEGL  (18786): loaded /system/lib/egl/libGLESv1_CM_adreno.so

D/libEGL  (18786): loaded /system/lib/egl/libGLESv2_adreno.so

W/FileUtils(18786): Failed to chmod(/data/data/com.tencent.mm/app_tbs_common_share): android.system.ErrnoException: chmod failed: ENOENT (No such file or directory)

D/houdini (18786): [18815] Added shared library /data/data/com.tencent.mm/app_tbs/core_share_decouple/libqb_keystore.so for ClassLoader by Native Bridge.

I/icumtt  (18786): ICU load finished. 53

D/        (18786): HostConnection::get() New Host Connection established 0xb3ebb750, tid 18786

I/memcheck(18786): RenderProcessHostImpl

D/ConnectivityService( 1748): listenForNetwork for NetworkRequest [ id=37, legacyType=-1, [ Capabilities: INTERNET&NOT_RESTRICTED&TRUSTED] ]

D/ConnectivityService( 1748): handleRegisterNetworkRequest checking NetworkAgentInfo [WIFI () - 100]

D/ConnectivityService( 1748): apparently satisfied.  currentScore=60

D/ConnectivityManager.CallbackHandler(18786): CM callback handler got msg 524290

W/System.err(18786): java.io.FileNotFoundException: /data/data/com.tencent.tmgp.sgame/cache/optlist.ser: open failed: ENOENT (No such file or directory)

W/System.err(18786): 	at libcore.io.IoBridge.open(IoBridge.java:456)

W/System.err(18786): 	at java.io.FileInputStream.<init>(FileInputStream.java:76)

W/System.err(18786): 	at java.io.FileInputStream.<init>(FileInputStream.java:103)

W/System.err(18786): 	at com.tencent.smtt.net.c.a(Unknown Source)

W/System.err(18786): 	at com.tencent.smtt.net.c.c(Unknown Source)

W/System.err(18786): 	at com.tencent.smtt.net.NetworkSmttService.preconnectMainResources(Unknown Source)

W/System.err(18786): Caused by: android.system.ErrnoException: open failed: ENOENT (No such file or directory)

W/System.err(18786): 	at libcore.io.Posix.open(Native Method)

W/System.err(18786): 	at libcore.io.BlockGuardOs.open(BlockGuardOs.java:186)

W/System.err(18786): 	at libcore.io.IoBridge.open(IoBridge.java:442)

W/System.err(18786): 	... 5 more

D/[MSDK WebViewActivity](18786): Tbs useragent : Mozilla/5.0 (Linux; Android 5.1.1; SM-G955F Build/JLS36C; wv) AppleWebKit/537.36 (KHTML, like Gecko) Version/4.0 Chrome/57.0.2987.132 MQQBrowser/6.2 TBS/044328 Mobile Safari/537.36 MSDK/3.2.14a

I/ActivityManager( 1748): START u0 {cmp=com.tencent.tmgp.sgame/com.tencent.msdk.webview.JumpShareActivity (has extras)} from uid 10035 on display 0

V/WindowManager( 1748): addAppToken: AppWindowToken{1d0b35b0 token=Token{285c64f3 ActivityRecord{17318b62 u0 com.tencent.tmgp.sgame/com.tencent.msdk.webview.JumpShareActivity t7}}} to stack=1 task=7 at 2

I/memcheck(18786): RegisterMojoInterfaces

D/BluetoothManagerService( 1748): Message: 20

D/BluetoothManagerService( 1748): Added callback: android.bluetooth.IBluetoothManagerCallback$Stub$Proxy@1520fbae:true

D/BluetoothAdapter(18786): 503890932: getState() :  mService = null. Returning STATE_OFF

I/v8      (18786): CALL TRACE EVENT WITH ISOLATE NULL

I/v8      (18786): CALL TRACE EVENT WITH ISOLATE NULL

I/v8      (18786): CALL TRACE EVENT WITH ISOLATE NULL

I/v8      (18786): CALL TRACE EVENT WITH ISOLATE NULL

I/art     ( 1748): Explicit concurrent mark sweep GC freed 29432(1455KB) AllocSpace objects, 3(48KB) LOS objects, 34% free, 15MB/23MB, paused 310us total 59.799ms

I/ActivityManager( 1748): START u0 {cmp=com.tencent.tmgp.sgame/com.tencent.msdk.webview.JumpShareActivity (has extras)} from uid 10035 on display 0

V/WindowManager( 1748): addAppToken: AppWindowToken{1690550c token=Token{3f27383f ActivityRecord{1f19ac5e u0 com.tencent.tmgp.sgame/com.tencent.msdk.webview.JumpShareActivity t7}}} to stack=1 task=7 at 3

D/OpenGLRenderer(18786): Use EGL_SWAP_BEHAVIOR_PRESERVED: true

D/Atlas   (18786): Validating map...

V/WindowManager( 1748): Adding window Window{1a8df037 u0 com.tencent.tmgp.sgame/com.tencent.msdk.webview.WebViewActivity} at 4 of 7 (after Window{d43ac0c u0 com.tencent.tmgp.sgame/com.tencent.tmgp.sgame.SGameActivity})

D/MSF.C.NetConnTag( 2506): pa ok: 48745

D/ConnectivityService( 1748): listenForNetwork for NetworkRequest [ id=38, legacyType=-1, [ Capabilities: INTERNET&NOT_RESTRICTED&TRUSTED] ]

D/ConnectivityService( 1748): handleRegisterNetworkRequest checking NetworkAgentInfo [WIFI () - 100]

D/ConnectivityService( 1748): apparently satisfied.  currentScore=60

D/ConnectivityManager.CallbackHandler(18786): CM callback handler got msg 524290

I/tx      (12748): performOnMainThread begin

I/tx      (12748): performOnMainThread: pEnv is 10103584

I/tx      (12748): cls is 100019

I/tx      (12748): mid is 74ee7390

I/tx      (12748): pEnv->CallVoidMethod

I/System.out(12748): Main Thread:Thread[main,5,main]Current Thread:Thread[main,5,main]

I/tx      (12748): JNI Perform pSelector get

I/tx      (12748): callJNIperform working

I/tx      (12748): pEnv->CallVoidMethod after

D/MSF.C.NetConnTag( 2506): netSend ssoSeq:48745 uin:*8736 cmd:GTcxIAkuJnQZKj0kNj0CPz4 48828 27fd6c31

W/DebugConnManager(18786): getNetworkInfo() on networkType 1

W/DebugConnManager(18786): getNetworkInfo() on networkType 0

D/MSF.C.NetConnTag( 2506): netRecv ssoSeq:48745 uin:*8736 cmd:GTcxIAkuJnQZKj0kNj0CPz4 48856 cross:0

I/OpenGLRenderer(18786): Initialized EGL, version 1.4

D/        (18786): HostConnection::get() New Host Connection established 0xade69f90, tid 18874

E/libEGL  (18786): validate_display:255 error 3008 (EGL_BAD_DISPLAY)

D/OpenGLRenderer(18786): Enabling debug mode 0

D/        (18786): HostConnection::get() New Host Connection established 0xb3f45aa0, tid 18885

W/AudioCapabilities(18786): Unsupported mime audio/x-ms-wma

W/AudioCapabilities(18786): Unsupported mime audio/vnd.rn-realaudio

W/AudioCapabilities(18786): Unsupported mime audio/mpeg-L2

W/AudioCapabilities(18786): Unsupported mime audio/ac3

W/AudioCapabilities(18786): Unsupported mime audio/x-ape

W/AudioCapabilities(18786): Unsupported mime audio/vnd.dts

W/AudioCapabilities(18786): Unsupported mime audio/ffmpeg

W/VideoCapabilities(18786): Unsupported mime video/mpeg2

W/VideoCapabilities(18786): Unsupported mime video/x-ms-wmv

W/VideoCapabilities(18786): Unsupported mime video/vnd.rn-realvideo

W/VideoCapabilities(18786): Unsupported mime video/vc1

W/VideoCapabilities(18786): Unsupported mime video/x-flv

W/VideoCapabilities(18786): Unsupported mime video/divx

W/VideoCapabilities(18786): Unsupported mime video/ffmpeg

I/VideoCapabilities(18786): Unsupported profile 4 for video/mp4v-es

E/eglCodecCommon(18786): glUtilsParamSize: unknow param 0x00008a34

W/ContextImpl( 1748): Calling a method in the system process without a qualified user: android.app.ContextImpl.sendBroadcast:1327 com.android.server.InputMethodManagerService.hideCurrentInputLocked:1992 com.android.server.InputMethodManagerService.windowGainedFocus:2082 com.android.internal.view.IInputMethodManager$Stub.onTransact:221 com.android.server.InputMethodManagerService.onTransact:873 

E/eglCodecCommon(18786): glUtilsParamSize: unknow param 0x00008073

E/eglCodecCommon(18786): glUtilsParamSize: unknow param 0x000088ff

E/eglCodecCommon(18786): glUtilsParamSize: unknow param 0x000088ff

W/InputDispatcher( 1748): channel '1a8df037 com.tencent.tmgp.sgame/com.tencent.msdk.webview.WebViewActivity (server)' ~ Consumer closed input channel or an error occurred.  events=0x9

I/WindowState( 1748): WIN DEATH: Window{1a8df037 u0 com.tencent.tmgp.sgame/com.tencent.msdk.webview.WebViewActivity}

E/InputDispatcher( 1748): channel '1a8df037 com.tencent.tmgp.sgame/com.tencent.msdk.webview.WebViewActivity (server)' ~ Channel is unrecoverably broken and will be disposed!

D/ConnectivityService( 1748): ConnectivityService NetworkRequestInfo binderDied(NetworkRequest [ id=38, legacyType=-1, [ Capabilities: INTERNET&NOT_RESTRICTED&TRUSTED] ], android.os.BinderProxy@298d881a)

D/ConnectivityService( 1748): ConnectivityService NetworkRequestInfo binderDied(NetworkRequest [ id=37, legacyType=-1, [ Capabilities: INTERNET&NOT_RESTRICTED&TRUSTED] ], android.os.BinderProxy@2ed70f4b)

D/ConnectivityService( 1748): releasing NetworkRequest NetworkRequest [ id=38, legacyType=-1, [ Capabilities: INTERNET&NOT_RESTRICTED&TRUSTED] ]

W/InputDispatcher( 1748): Attempted to unregister already unregistered input channel '1a8df037 com.tencent.tmgp.sgame/com.tencent.msdk.webview.WebViewActivity (server)'

D/WifiService( 1748): Client connection lost with reason: 4

E/ConnectivityService( 1748): RemoteException caught trying to send a callback msg for NetworkRequest [ id=38, legacyType=-1, [ Capabilities: INTERNET&NOT_RESTRICTED&TRUSTED] ]

D/ConnectivityService( 1748): releasing NetworkRequest NetworkRequest [ id=37, legacyType=-1, [ Capabilities: INTERNET&NOT_RESTRICTED&TRUSTED] ]

E/ConnectivityService( 1748): RemoteException caught trying to send a callback msg for NetworkRequest [ id=37, legacyType=-1, [ Capabilities: INTERNET&NOT_RESTRICTED&TRUSTED] ]

I/Zygote  ( 1460): Process 18786 exited due to signal (11)

I/ActivityManager( 1748): Process com.tencent.tmgp.sgame:msdk_inner_webview (pid 18786) has died

W/ActivityManager( 1748): Force removing ActivityRecord{fc0e113 u0 com.tencent.tmgp.sgame/com.tencent.msdk.webview.WebViewActivity t7}: app died, no saved state

W/ContextImpl( 1748): Calling a method in the system process without a qualified user: android.app.ContextImpl.sendBroadcast:1327 com.android.server.InputMethodManagerService.hideCurrentInputLocked:1992 com.android.server.InputMethodManagerService.windowGainedFocus:2082 com.android.internal.view.IInputMethodManager$Stub.onTransact:221 com.android.server.InputMethodManagerService.onTransact:873 

W/InputMethodManagerService( 1748): Got RemoteException sending setActive(false) notification to pid 18786 uid 10035

I/TMSelfUpdateManager(12748): onActivityResume enter

I/TMSelfUpdateManager(12748): yyb isFromStartUpdate :false

I/Unity   (12748): adding mglView

I/Apollo  (12748): onResume

I/        (12748): Apollo onResume

I/MsdkAdapter(12748): Apollo onResume

V/WindowManager( 1748): Adding window Window{2cba7a41 u0 SurfaceView} at 3 of 7 (before Window{d43ac0c u0 com.tencent.tmgp.sgame/com.tencent.tmgp.sgame.SGameActivity})

E/BufferQueueProducer( 1446): [SurfaceView] cancelBuffer: BufferQueue has been abandoned

I/apolloVoice(12748): ApolloVoiceResume

I/art     (12748): Background sticky concurrent mark sweep GC freed 45160(3MB) AllocSpace objects, 23(368KB) LOS objects, 14% free, 23MB/27MB, paused 6.150ms total 14.587ms

D/CaptureScreen(12748): open capture

I/Unity   (12748): SendToLua, eventId: 2000 arg1: 0 arg2: 0, msg: FFP_MSG_APP_PAUSED

I/Unity   (12748):  

I/Unity   (12748): (Filename: .\artifacts/generated/common/runtime/DebugBindings.gen.cpp Line: 51)

I/Unity   (12748): 

I/Unity   (12748): [NetSpeed ACC] Begin GoFront

I/Unity   (12748):  

I/Unity   (12748): (Filename: .\artifacts/generated/common/runtime/DebugBindings.gen.cpp Line: 51)

I/Unity   (12748): 

I/SubaoProxy(12748): [GameListenerRebind]  UDPTrafficHijacker is alive

W/libOpenSLES(12748): Leaving Object::GetInterface (SL_RESULT_FEATURE_UNSUPPORTED)

D/MSF.C.NetConnTag( 2506): netRecv ssoSeq:-1111682746 uin:*8736 cmd:BS08PTQ9FS85K34EOAgwKSIEIjsvKAgpLQ -1111681931 cross:0

I/MSF.S.AppProcessManager( 2506): SendToApp PUSH process:com.tencent.mobileqq fromServiceMsg: FromServiceMsg msName:onRecvPushMsg ssoSeq:-1111682746 serviceCmd:OnlinePush.PbPushGroupMsg appSeq:-1111682746 failCode:1000 cost=10 needBoot=true

D/GuardManager( 2506): prestart 3, 1557049406747, 1557049264343, 720000, true, true, 1557049264343

I/troop_ext( 3458): onTroopReceiveOrSendMsg troopInfo is null or not eliminated. troopUin: 495757025

D/Q.msg.TroopMsgProxy( 3458): insertToList MessageRecord=friendUin:7025senderuin:4567,istroop:1,msgType:-1000,time:1557049407,shmsgseq:1079252

D/Q.unread.Proxy_UnreadMonitor( 3458): insertOrUpdateUnread update=--ConversationInfo--,shortUin:*7025,type:1,lastread:1059427,unreadCount:19803,unreadGiftCount:0,unreadRedPacketCount:0,unreadMark:0

W/Settings( 2506): Setting airplane_mode_on has moved from android.provider.Settings.System to android.provider.Settings.Global, returning read-only value.

D/MicroMsg.SDK.WXMsgImplComm(12748): ignore wechat app signature validation

E/Unity   (12748): https://kf.qq.com/touch/scene_product.html?scene_id=kf1062&qi=1&wi=1&z=1316&zn=%e6%89%8bQ306%e5%8c%ba+%e8%99%8e%e5%95%b8%e9%a3%8e%e7%94%9f&role=%e8%b4%be%e7%bb%b4%e6%96%af_c

E/Unity   (12748):  

E/Unity   (12748): (Filename: .\artifacts/generated/common/runtime/DebugBindings.gen.cpp Line: 51)

E/Unity   (12748): 

D/MicroMsg.SDK.WXMsgImplComm(12748): ignore wechat app signature validation

I/ActivityManager( 1748): START u0 {flg=0x20000000 cmp=com.tencent.tmgp.sgame/com.tencent.msdk.webview.WebViewActivity (has extras)} from uid 10035 on display 0

V/WindowManager( 1748): addAppToken: AppWindowToken{2a6153d4 token=Token{39055527 ActivityRecord{2bec0be6 u0 com.tencent.tmgp.sgame/com.tencent.msdk.webview.WebViewActivity t7}}} to stack=1 task=7 at 1

I/Unity   (12748): Causing: OpenGL Renderer, Will Wait 1s!!!

E/CAkDelayWG(12748): AkDelayWG sampleRate: 44100, numChannels: 2, bitsPerSample=16

W/ActivityManager( 1748): Activity pause timeout for ActivityRecord{bd045d5 u0 com.tencent.tmgp.sgame/.SGameActivity t7}

I/ActivityManager( 1748): Start proc 18901:com.tencent.tmgp.sgame:msdk_inner_webview/u0a35 for activity com.tencent.tmgp.sgame/com.tencent.msdk.webview.WebViewActivity

D/houdini (18901): [18901] Initialize library(version: 5.0.7b_x.48396 RELEASE)... successfully.

D/houdini (18901): [18901] Added shared library /data/app/com.tencent.tmgp.sgame-1/lib/arm/libtprt.so for ClassLoader by Native Bridge.

D/[MSDK WebViewActivity](18901): Close X5 : false

D/[MSDK WebViewActivity](18901): isRunCppCode : true

I/apolloVoice(12748): ApolloVoicePause

I/apolloVoice(12748): ApolloVoiceCloseMic

I/apolloVoice(12748): ApolloVoiceCloseSpeaker

I/Unity   (12748): SendToLua, eventId: 2000 arg1: 1 arg2: 0, msg: FFP_MSG_APP_PAUSED

I/Unity   (12748):  

I/Unity   (12748): (Filename: .\artifacts/generated/common/runtime/DebugBindings.gen.cpp Line: 51)

I/Unity   (12748): 

I/Unity   (12748): [NetSpeed ACC] Begin GoBack

I/Unity   (12748):  

I/Unity   (12748): (Filename: .\artifacts/generated/common/runtime/DebugBindings.gen.cpp Line: 51)

I/Unity   (12748): 

I/Unity   (12748): removing mglView

I/Apollo  (12748): onPause

I/        (12748): Apollo onPause

I/MsdkAdapter(12748): Apollo onPause

D/CaptureScreen(12748): stop capture

D/houdini (18901): [18901] Added shared library /data/data/com.tencent.mm/app_tbs/core_share_decouple/libtbs_crash_handler.so for ClassLoader by Native Bridge.

I/crash_recorder(18901): JNI_OnLoad at vm:0xb3121504

I/crash_recorder(18901): starting registerNativeSignalAction...

D/houdini (18901): [18901] Added shared library /data/data/com.tencent.mm/app_tbs/core_share_decouple/libBugly-tbscore.so for ClassLoader by Native Bridge.

D/houdini (18901): [18901] Added shared library /data/data/com.tencent.mm/app_tbs/core_share_decouple/libwebp_base.so for ClassLoader by Native Bridge.

W/art     (18901): Before Android 4.1, method void com.tencent.tbs.core.webkit.AbsoluteLayout.onInitializeAccessibilityEventInternal(android.view.accessibility.AccessibilityEvent) would have incorrectly overridden the package-private method in android.view.ViewGroup

W/art     (18901): Before Android 4.1, method void com.tencent.tbs.core.webkit.AbsoluteLayout.onInitializeAccessibilityNodeInfoInternal(android.view.accessibility.AccessibilityNodeInfo) would have incorrectly overridden the package-private method in android.view.ViewGroup

W/art     (18901): Before Android 4.1, method void com.tencent.tbs.core.webkit.WebView.onInitializeAccessibilityEventInternal(android.view.accessibility.AccessibilityEvent) would have incorrectly overridden the package-private method in android.view.ViewGroup

W/art     (18901): Before Android 4.1, method void com.tencent.tbs.core.webkit.WebView.onInitializeAccessibilityNodeInfoInternal(android.view.accessibility.AccessibilityNodeInfo) would have incorrectly overridden the package-private method in android.view.ViewGroup

W/art     (18901): Before Android 4.1, method void android.webview.chromium.tencent.TencentWebViewContentsClientAdapter.setDownloadListener(com.tencent.tbs.core.webkit.DownloadListener) would have incorrectly overridden the package-private method in android.webview.chromium.WebViewContentsClientAdapter

W/art     (18901): Before Android 4.1, method void android.webview.chromium.tencent.TencentWebViewContentsClientAdapter.setWebChromeClient(com.tencent.tbs.core.webkit.WebChromeClient) would have incorrectly overridden the package-private method in android.webview.chromium.WebViewContentsClientAdapter

W/art     (18901): Before Android 4.1, method void android.webview.chromium.tencent.TencentWebViewContentsClientAdapter.setWebViewClient(com.tencent.tbs.core.webkit.WebViewClient) would have incorrectly overridden the package-private method in android.webview.chromium.WebViewContentsClientAdapter

D/WifiService( 1748): New client listening to asynchronous messages

W/System.err(18901): java.lang.IllegalArgumentException: optimizedDirectory not readable/writable: /data/data/com.tencent.mm/app_tbs/core_share_decouple

W/System.err(18901): 	at dalvik.system.DexPathList.<init>(DexPathList.java:101)

W/System.err(18901): 	at dalvik.system.BaseDexClassLoader.<init>(BaseDexClassLoader.java:48)

W/System.err(18901): 	at dalvik.system.DexClassLoader.<init>(DexClassLoader.java:57)

W/System.err(18901): 	at com.tencent.tbs.tbsshell.TBSShellDelegate.createtDexLoader(Unknown Source)

W/System.err(18901): 	at com.tencent.tbs.tbsshell.partner.TBSShellPartner.access$5100(Unknown Source)

W/System.err(18901): 	at com.tencent.tbs.tbsshell.partner.TBSShellPartner$10.getCurrentClassLoader(Unknown Source)

W/System.err(18901): 	at com.tencent.smtt.asr.export.ASREngine.init(ASREngine.java:40)

W/System.err(18901): 	at com.tencent.tbs.tbsshell.partner.TBSShellPartner.initTbsASREngine(Unknown Source)

W/System.err(18901): 	at com.tencent.tbs.tbsshell.partner.TBSShellPartner.initTbsRuntimeEnvironment(Unknown Source)

W/System.err(18901): 	at com.tencent.tbs.tbsshell.TBSShell.initTesRuntimeEnvironment(Unknown Source)

W/System.err(18901): 	at com.tencent.tbs.tbsshell.TBSShell.initTesRuntimeEnvironment(Unknown Source)

W/System.err(18901): 	at java.lang.reflect.Method.invoke(Native Method)

W/System.err(18901): 	at java.lang.reflect.Method.invoke(Method.java:372)

W/System.err(18901): 	at com.tencent.smtt.export.external.DexLoader.invokeStaticMethod(Unknown Source)

W/System.err(18901): 	at com.tencent.smtt.sdk.az.a(Unknown Source)

W/System.err(18901): 	at com.tencent.smtt.sdk.az.<init>(Unknown Source)

W/System.err(18901): 	at com.tencent.smtt.sdk.l.a(Unknown Source)

W/System.err(18901): 	at com.tencent.smtt.sdk.bj.a(Unknown Source)

W/System.err(18901): 	at com.tencent.smtt.sdk.WebView.c(Unknown Source)

W/System.err(18901): 	at com.tencent.smtt.sdk.WebView.<init>(Unknown Source)

W/System.err(18901): 	at com.tencent.smtt.sdk.WebView.<init>(Unknown Source)

W/System.err(18901): 	at com.tencent.smtt.sdk.WebView.<init>(Unknown Source)

W/System.err(18901): 	at com.tencent.smtt.sdk.WebView.<init>(Unknown Source)

W/System.err(18901): 	at java.lang.reflect.Constructor.newInstance(Native Method)

W/System.err(18901): 	at java.lang.reflect.Constructor.newInstance(Constructor.java:288)

W/System.err(18901): 	at android.view.LayoutInflater.createView(LayoutInflater.java:607)

W/System.err(18901): 	at android.view.LayoutInflater.createViewFromTag(LayoutInflater.java:743)

W/System.err(18901): 	at android.view.LayoutInflater.rInflate(LayoutInflater.java:806)

W/System.err(18901): 	at android.view.LayoutInflater.rInflate(LayoutInflater.java:809)

W/System.err(18901): 	at android.view.LayoutInflater.inflate(LayoutInflater.java:504)

W/System.err(18901): 	at android.view.LayoutInflater.inflate(LayoutInflater.java:414)

W/System.err(18901): 	at android.view.LayoutInflater.inflate(LayoutInflater.java:365)

W/System.err(18901): 	at com.android.internal.policy.impl.PhoneWindow.setContentView(PhoneWindow.java:378)

W/System.err(18901): 	at android.app.Activity.setContentView(Activity.java:2145)

W/System.err(18901): 	at com.tencent.msdk.webview.WebViewActivity.onCreate(WebViewActivity.java:500)

W/System.err(18901): 	at android.app.Activity.performCreate(Activity.java:5990)

W/System.err(18901): 	at android.app.Instrumentation.callActivityOnCreate(Instrumentation.java:1106)

W/System.err(18901): 	at android.app.ActivityThread.performLaunchActivity(ActivityThread.java:2280)

W/System.err(18901): 	at android.app.ActivityThread.handleLaunchActivity(ActivityThread.java:2392)

W/System.err(18901): 	at android.app.ActivityThread.access$800(ActivityThread.java:153)

W/System.err(18901): 	at android.app.ActivityThread$H.handleMessage(ActivityThread.java:1305)

W/System.err(18901): 	at android.os.Handler.dispatchMessage(Handler.java:102)

W/System.err(18901): 	at android.os.Looper.loop(Looper.java:135)

W/System.err(18901): 	at android.app.ActivityThread.main(ActivityThread.java:5293)

W/System.err(18901): 	at java.lang.reflect.Method.invoke(Native Method)

W/System.err(18901): 	at java.lang.reflect.Method.invoke(Method.java:372)

W/System.err(18901): 	at com.android.internal.os.ZygoteInit$MethodAndArgsCaller.run(ZygoteInit.java:903)

W/System.err(18901): 	at com.android.internal.os.ZygoteInit.main(ZygoteInit.java:698)

I/art     (18901): Background sticky concurrent mark sweep GC freed 50228(5MB) AllocSpace objects, 38(608KB) LOS objects, 37% free, 7MB/12MB, paused 6.425ms total 41.955ms

D/houdini (18901): [18901] Added shared library /data/data/com.tencent.mm/app_tbs/core_share_decouple/libmttwebview.so for ClassLoader by Native Bridge.

D/houdini (18901): [18901] Added shared library /data/data/com.tencent.mm/app_tbs/core_share_decouple/libmttwebview_plat_support.so for ClassLoader by Native Bridge.

D/houdini (18901): [18930] Added shared library /data/data/com.tencent.mm/app_tbs/core_share_decouple/libcommon_basemodule_jni.so for ClassLoader by Native Bridge.

W/FileUtils(18901): Failed to chmod(/data/data/com.tencent.mm/app_tbs_common_share): android.system.ErrnoException: chmod failed: ENOENT (No such file or directory)

D/libEGL  (18901): loaded /system/lib/egl/libEGL_adreno.so

D/        (18901): HostConnection::get() New Host Connection established 0xadc29690, tid 18930

D/houdini (18901): [18934] Added shared library /data/data/com.tencent.mm/app_tbs/core_share_decouple/libqb_keystore.so for ClassLoader by Native Bridge.

D/libEGL  (18901): loaded /system/lib/egl/libGLESv1_CM_adreno.so

D/libEGL  (18901): loaded /system/lib/egl/libGLESv2_adreno.so

I/icumtt  (18901): ICU load finished. 53

D/        (18901): HostConnection::get() New Host Connection established 0xb3f35b30, tid 18901

I/memcheck(18901): RenderProcessHostImpl

D/ConnectivityService( 1748): listenForNetwork for NetworkRequest [ id=39, legacyType=-1, [ Capabilities: INTERNET&NOT_RESTRICTED&TRUSTED] ]

D/ConnectivityService( 1748): handleRegisterNetworkRequest checking NetworkAgentInfo [WIFI () - 100]

D/ConnectivityService( 1748): apparently satisfied.  currentScore=60

D/ConnectivityManager.CallbackHandler(18901): CM callback handler got msg 524290

W/System.err(18901): java.io.FileNotFoundException: /data/data/com.tencent.tmgp.sgame/cache/optlist.ser: open failed: ENOENT (No such file or directory)

W/System.err(18901): 	at libcore.io.IoBridge.open(IoBridge.java:456)

W/System.err(18901): 	at java.io.FileInputStream.<init>(FileInputStream.java:76)

W/System.err(18901): 	at java.io.FileInputStream.<init>(FileInputStream.java:103)

W/System.err(18901): 	at com.tencent.smtt.net.c.a(Unknown Source)

W/System.err(18901): 	at com.tencent.smtt.net.c.c(Unknown Source)

W/System.err(18901): 	at com.tencent.smtt.net.NetworkSmttService.preconnectMainResources(Unknown Source)

W/System.err(18901): Caused by: android.system.ErrnoException: open failed: ENOENT (No such file or directory)

W/System.err(18901): 	at libcore.io.Posix.open(Native Method)

W/System.err(18901): 	at libcore.io.BlockGuardOs.open(BlockGuardOs.java:186)

W/System.err(18901): 	at libcore.io.IoBridge.open(IoBridge.java:442)

W/System.err(18901): 	... 5 more

D/[MSDK WebViewActivity](18901): Tbs useragent : Mozilla/5.0 (Linux; Android 5.1.1; SM-G955F Build/JLS36C; wv) AppleWebKit/537.36 (KHTML, like Gecko) Version/4.0 Chrome/57.0.2987.132 MQQBrowser/6.2 TBS/044328 Mobile Safari/537.36 MSDK/3.2.14a

I/ActivityManager( 1748): START u0 {cmp=com.tencent.tmgp.sgame/com.tencent.msdk.webview.JumpShareActivity (has extras)} from uid 10035 on display 0

V/WindowManager( 1748): addAppToken: AppWindowToken{4847307 token=Token{3c5f7546 ActivityRecord{25e2d21 u0 com.tencent.tmgp.sgame/com.tencent.msdk.webview.JumpShareActivity t7}}} to stack=1 task=7 at 2

I/memcheck(18901): RegisterMojoInterfaces

D/BluetoothManagerService( 1748): Message: 20

D/BluetoothManagerService( 1748): Added callback: android.bluetooth.IBluetoothManagerCallback$Stub$Proxy@33cf7a5d:true

D/BluetoothAdapter(18901): 916240134: getState() :  mService = null. Returning STATE_OFF

I/v8      (18901): CALL TRACE EVENT WITH ISOLATE NULL

I/v8      (18901): CALL TRACE EVENT WITH ISOLATE NULL

I/v8      (18901): CALL TRACE EVENT WITH ISOLATE NULL

I/v8      (18901): CALL TRACE EVENT WITH ISOLATE NULL

I/ActivityManager( 1748): START u0 {cmp=com.tencent.tmgp.sgame/com.tencent.msdk.webview.JumpShareActivity (has extras)} from uid 10035 on display 0

V/WindowManager( 1748): addAppToken: AppWindowToken{c8453ce token=Token{3978d0c9 ActivityRecord{100b88d0 u0 com.tencent.tmgp.sgame/com.tencent.msdk.webview.JumpShareActivity t7}}} to stack=1 task=7 at 3

D/OpenGLRenderer(18901): Use EGL_SWAP_BEHAVIOR_PRESERVED: true

D/Atlas   (18901): Validating map...

V/WindowManager( 1748): Adding window Window{b95deda u0 com.tencent.tmgp.sgame/com.tencent.msdk.webview.WebViewActivity} at 4 of 7 (after Window{d43ac0c u0 com.tencent.tmgp.sgame/com.tencent.tmgp.sgame.SGameActivity})

D/ConnectivityService( 1748): listenForNetwork for NetworkRequest [ id=40, legacyType=-1, [ Capabilities: INTERNET&NOT_RESTRICTED&TRUSTED] ]

D/ConnectivityService( 1748): handleRegisterNetworkRequest checking NetworkAgentInfo [WIFI () - 100]

D/ConnectivityService( 1748): apparently satisfied.  currentScore=60

D/ConnectivityManager.CallbackHandler(18901): CM callback handler got msg 524290

W/DebugConnManager(18901): getNetworkInfo() on networkType 1

W/DebugConnManager(18901): getNetworkInfo() on networkType 0

E/libEGL  (18901): validate_display:255 error 3008 (EGL_BAD_DISPLAY)

D/        (18901): HostConnection::get() New Host Connection established 0xb3f9ac50, tid 18997

I/OpenGLRenderer(18901): Initialized EGL, version 1.4

D/        (18901): HostConnection::get() New Host Connection established 0xade3ac60, tid 18987

I/tx      (12748): performOnMainThread begin

I/tx      (12748): performOnMainThread: pEnv is 10103584

I/tx      (12748): cls is 100019

I/tx      (12748): mid is 74ee7390

I/tx      (12748): pEnv->CallVoidMethod

I/System.out(12748): Main Thread:Thread[main,5,main]Current Thread:Thread[main,5,main]

I/tx      (12748): JNI Perform pSelector get

I/tx      (12748): callJNIperform working

I/tx      (12748): pEnv->CallVoidMethod after

W/AudioCapabilities(18901): Unsupported mime audio/x-ms-wma

W/AudioCapabilities(18901): Unsupported mime audio/vnd.rn-realaudio

W/AudioCapabilities(18901): Unsupported mime audio/mpeg-L2

W/AudioCapabilities(18901): Unsupported mime audio/ac3

W/AudioCapabilities(18901): Unsupported mime audio/x-ape

W/AudioCapabilities(18901): Unsupported mime audio/vnd.dts

W/AudioCapabilities(18901): Unsupported mime audio/ffmpeg

W/VideoCapabilities(18901): Unsupported mime video/mpeg2

W/VideoCapabilities(18901): Unsupported mime video/x-ms-wmv

W/VideoCapabilities(18901): Unsupported mime video/vnd.rn-realvideo

W/VideoCapabilities(18901): Unsupported mime video/vc1

W/VideoCapabilities(18901): Unsupported mime video/x-flv

W/VideoCapabilities(18901): Unsupported mime video/divx

W/VideoCapabilities(18901): Unsupported mime video/ffmpeg

D/OpenGLRenderer(18901): Enabling debug mode 0

I/VideoCapabilities(18901): Unsupported profile 4 for video/mp4v-es

E/eglCodecCommon(18901): glUtilsParamSize: unknow param 0x00008a34

E/eglCodecCommon(18901): glUtilsParamSize: unknow param 0x00008073

E/eglCodecCommon(18901): glUtilsParamSize: unknow param 0x000088ff

W/ContextImpl( 1748): Calling a method in the system process without a qualified user: android.app.ContextImpl.sendBroadcast:1327 com.android.server.InputMethodManagerService.hideCurrentInputLocked:1992 com.android.server.InputMethodManagerService.windowGainedFocus:2082 com.android.internal.view.IInputMethodManager$Stub.onTransact:221 com.android.server.InputMethodManagerService.onTransact:873 

E/eglCodecCommon(18901): glUtilsParamSize: unknow param 0x000088ff

D/WorkerThreadMonitor( 2506): Kill MSF check result[ senderSize:0,sendInterval:17964,receiveInterval=8264,addCmdCount=126

D/[MSDK WebViewActivity](18901): loading url:https://kf.qq.com/touch/newgames/pvp/index.html?scene_id=kf1062&qi=1&wi=1&z=1316&zn=%e6%89%8bQ306%e5%8c%ba+%e8%99%8e%e5%95%b8%e9%a3%8e%e7%94%9f&role=%e8%b4%be%e7%bb%b4%e6%96%af_c&algorithm=v2&version=3.2.14a&timestamp=1557049411&appid=1104466820&openid=88D975FC33B46F27538392DC3D668F49&sig=973e0bc54a74ed9747db62007fe6ac50&encode=2&msdkEncodeParam=221C46008475BAE74428C6F216FA8B7591F04A256B271CA3B365B4D73A8AD6747A90EDD33544BE9A5F1C38F3842099B7570316C4783F8B221D205C21576B0C2B0087E814D7303BAC5E28EF2A270BA981BEF574F7E8B5DF96B74DE34DBDC6333D200AB3A7D365F99BEC1CE3C839EC8681F4B0C5CAAE3E4059EF67E056670B820F92743E0FEC8120F58EF9A4A33238C1B8F3AD72B9C2198428D1CAE37A427E26DA8945CB25B1E292F3370E6D2A84E48D15

W/InputDispatcher( 1748): channel 'b95deda com.tencent.tmgp.sgame/com.tencent.msdk.webview.WebViewActivity (server)' ~ Consumer closed input channel or an error occurred.  events=0x9

E/InputDispatcher( 1748): channel 'b95deda com.tencent.tmgp.sgame/com.tencent.msdk.webview.WebViewActivity (server)' ~ Channel is unrecoverably broken and will be disposed!

D/WifiService( 1748): Client connection lost with reason: 4

I/WindowState( 1748): WIN DEATH: Window{b95deda u0 com.tencent.tmgp.sgame/com.tencent.msdk.webview.WebViewActivity}

