D/WorkerThreadMonitor( 2506): Kill MSF check result[ senderSize:0,sendInterval:74899,receiveInterval=14082,addCmdCount=117

D/MSF.C.NetConnTag( 2506): netRecv ssoSeq:-1116503259 uin:*8736 cmd:BS08PTQ9FS85K34EOAgwKSIEIjsvKAgpLQ -1116502300 cross:0

I/MSF.S.AppProcessManager( 2506): SendToApp PUSH process:com.tencent.mobileqq fromServiceMsg: FromServiceMsg msName:onRecvPushMsg ssoSeq:-1116503259 serviceCmd:OnlinePush.PbPushGroupMsg appSeq:-1116503259 failCode:1000 cost=7 needBoot=true

D/GuardManager( 2506): prestart 3, 1557048368768, 1557048230909, 720000, true, true, 1557048230909

I/troop_ext( 3458): onTroopReceiveOrSendMsg troopInfo is null or not eliminated. troopUin: 495757025

W/System.err( 3458): java.lang.NumberFormatException: Invalid int: ""

W/System.err( 3458): 	at java.lang.Integer.invalidInt(Integer.java:138)

W/System.err( 3458): 	at java.lang.Integer.parseInt(Integer.java:358)

W/System.err( 3458): 	at java.lang.Integer.parseInt(Integer.java:334)

W/System.err( 3458): 	at com.tencent.mobileqq.data.MessageForMixedMsg.doParse(ProGuard:290)

W/System.err( 3458): 	at com.tencent.mobileqq.data.ChatMessage.parse(ProGuard:104)

W/System.err( 3458): 	at com.tencent.mobileqq.data.MessageForMixedMsg.parse(ProGuard:72)

W/System.err( 3458): 	at com.tencent.mobileqq.service.message.MessageProtoCodec.a(ProGuard:2629)

W/System.err( 3458): 	at com.tencent.mobileqq.service.message.MessagePBElemDecoder.b(ProGuard:3200)

W/System.err( 3458): 	at com.tencent.mobileqq.service.message.MessageProtoCodec.a(ProGuard:2422)

W/System.err( 3458): 	at com.tencent.mobileqq.service.message.MessageProtoCodec.a(ProGuard:2332)

W/System.err( 3458): 	at com.tencent.mobileqq.app.message.BaseMessageProcessorForTroopAndDisc.a(ProGuard:221)

W/System.err( 3458): 	at com.tencent.mobileqq.troop.data.TroopMessageProcessor.a(ProGuard:764)

W/System.err( 3458): 	at com.tencent.mobileqq.troop.data.TroopMessageProcessor.a(ProGuard:137)

W/System.err( 3458): 	at com.tencent.mobileqq.app.MessageHandler.h(ProGuard:2932)

W/System.err( 3458): 	at com.tencent.mobileqq.app.MessageHandler.a(ProGuard:4490)

W/System.err( 3458): 	at com.tencent.mobileqq.service.MobileQQServiceBase.a(ProGuard:309)

W/System.err( 3458): 	at com.tencent.mobileqq.service.MobileQQService.a(ProGuard:757)

W/System.err( 3458): 	at com.tencent.mobileqq.app.QQAppInterface.a(ProGuard:10455)

W/System.err( 3458): 	at com.tencent.mobileqq.compatible.TempServlet.onReceive(ProGuard:52)

W/System.err( 3458): 	at mqq.app.MSFServlet.onReceive(MSFServlet.java:39)

W/System.err( 3458): 	at mqq.app.ServletContainer.notifyMSFServlet(ServletContainer.java:138)

W/System.err( 3458): 	at mqq.app.MainService.receiveMessageFromMSF(MainService.java:281)

W/System.err( 3458): 	at mqq.app.MainService.access$300(MainService.java:70)

W/System.err( 3458): 	at mqq.app.MainService$5.onRecvCmdPush(MainService.java:858)

W/System.err( 3458): 	at com.tencent.mobileqq.msf.sdk.MsfRespHandleUtil.handlePushMsg(MsfRespHandleUtil.java:187)

W/System.err( 3458): 	at mqq.app.MainService$2.run(MainService.java:486)

W/System.err( 3458): 	at java.lang.Thread.run(Thread.java:818)

D/Q.msg.TroopMsgProxy( 3458): insertToList MessageRecord=friendUin:7025senderuin:3054,istroop:1,msgType:-1035,time:1557048369,shmsgseq:1079206

D/Q.unread.Proxy_UnreadMonitor( 3458): insertOrUpdateUnread update=--ConversationInfo--,shortUin:*7025,type:1,lastread:1059427,unreadCount:19759,unreadGiftCount:0,unreadRedPacketCount:0,unreadMark:0

W/System.err( 3458): java.lang.NumberFormatException: Invalid int: ""

W/System.err( 3458): 	at java.lang.Integer.invalidInt(Integer.java:138)

W/System.err( 3458): 	at java.lang.Integer.parseInt(Integer.java:358)

W/System.err( 3458): 	at java.lang.Integer.parseInt(Integer.java:334)

W/System.err( 3458): 	at com.tencent.mobileqq.data.MessageForMixedMsg.doParse(ProGuard:290)

W/System.err( 3458): 	at com.tencent.mobileqq.data.ChatMessage.parse(ProGuard:104)

W/System.err( 3458): 	at com.tencent.mobileqq.data.MessageForMixedMsg.parse(ProGuard:72)

W/System.err( 3458): 	at com.tencent.mobileqq.app.message.BaseMessageManager.a(ProGuard:1221)

W/System.err( 3458): 	at com.tencent.mobileqq.app.message.BaseMessageManager.a(ProGuard:1040)

W/System.err( 3458): 	at com.tencent.mobileqq.app.message.QQMessageFacade.a(ProGuard:2043)

W/System.err( 3458): 	at com.tencent.mobileqq.app.message.QQMessageFacade.a(ProGuard:1041)

W/System.err( 3458): 	at com.tencent.mobileqq.app.message.QQMessageFacade.a(ProGuard:842)

W/System.err( 3458): 	at com.tencent.mobileqq.troop.data.TroopMessageProcessor.a(ProGuard:954)

W/System.err( 3458): 	at com.tencent.mobileqq.troop.data.TroopMessageProcessor.a(ProGuard:137)

W/System.err( 3458): 	at com.tencent.mobileqq.app.MessageHandler.h(ProGuard:2932)

W/System.err( 3458): 	at com.tencent.mobileqq.app.MessageHandler.a(ProGuard:4490)

W/System.err( 3458): 	at com.tencent.mobileqq.service.MobileQQServiceBase.a(ProGuard:309)

W/System.err( 3458): 	at com.tencent.mobileqq.service.MobileQQService.a(ProGuard:757)

W/System.err( 3458): 	at com.tencent.mobileqq.app.QQAppInterface.a(ProGuard:10455)

W/System.err( 3458): 	at com.tencent.mobileqq.compatible.TempServlet.onReceive(ProGuard:52)

W/System.err( 3458): 	at mqq.app.MSFServlet.onReceive(MSFServlet.java:39)

W/System.err( 3458): 	at mqq.app.ServletContainer.notifyMSFServlet(ServletContainer.java:138)

W/System.err( 3458): 	at mqq.app.MainService.receiveMessageFromMSF(MainService.java:281)

W/System.err( 3458): 	at mqq.app.MainService.access$300(MainService.java:70)

W/System.err( 3458): 	at mqq.app.MainService$5.onRecvCmdPush(MainService.java:858)

W/System.err( 3458): 	at com.tencent.mobileqq.msf.sdk.MsfRespHandleUtil.handlePushMsg(MsfRespHandleUtil.java:187)

W/System.err( 3458): 	at mqq.app.MainService$2.run(MainService.java:486)

W/System.err( 3458): 	at java.lang.Thread.run(Thread.java:818)

W/Settings( 2506): Setting airplane_mode_on has moved from android.provider.Settings.System to android.provider.Settings.Global, returning read-only value.

W/Settings( 2506): Setting airplane_mode_on has moved from android.provider.Settings.System to android.provider.Settings.Global, returning read-only value.

D/MSF.C.NetConnTag( 2506): netRecv ssoSeq:-1116451109 uin:*8736 cmd:BS08PTQ9FS85K34EOAgwKSIEIjsvKAgpLQ -1116450758 cross:0

I/MSF.S.AppProcessManager( 2506): SendToApp PUSH process:com.tencent.mobileqq fromServiceMsg: FromServiceMsg msName:onRecvPushMsg ssoSeq:-1116451109 serviceCmd:OnlinePush.PbPushGroupMsg appSeq:-1116451109 failCode:1000 cost=1 needBoot=true

I/troop_ext( 3458): onTroopReceiveOrSendMsg troopInfo is null or not eliminated. troopUin: 596217533

D/Q.msg.TroopMsgProxy( 3458): insertToList MessageRecord=friendUin:7533senderuin:6856,istroop:1,msgType:-1000,time:1557048380,shmsgseq:1560792

D/Q.unread.Proxy_UnreadMonitor( 3458): insertOrUpdateUnread update=--ConversationInfo--,shortUin:*7533,type:1,lastread:1558317,unreadCount:2443,unreadGiftCount:0,unreadRedPacketCount:0,unreadMark:0

D/MSF.C.NetConnTag( 2506): netRecv ssoSeq:-1116432343 uin:*8736 cmd:BS08PTQ9FS85K34EOAgwKSIEIjsvKAgpLQ -1116431472 cross:0

I/MSF.S.AppProcessManager( 2506): SendToApp PUSH process:com.tencent.mobileqq fromServiceMsg: FromServiceMsg msName:onRecvPushMsg ssoSeq:-1116432343 serviceCmd:OnlinePush.PbPushGroupMsg appSeq:-1116432343 failCode:1000 cost=0 needBoot=true

I/troop_ext( 3458): onTroopReceiveOrSendMsg troopInfo is null or not eliminated. troopUin: 495757025

D/Q.msg.TroopMsgProxy( 3458): insertToList MessageRecord=friendUin:7025senderuin:2739,istroop:1,msgType:-2000,time:1557048384,shmsgseq:1079207

D/Q.unread.Proxy_UnreadMonitor( 3458): insertOrUpdateUnread update=--ConversationInfo--,shortUin:*7025,type:1,lastread:1059427,unreadCount:19760,unreadGiftCount:0,unreadRedPacketCount:0,unreadMark:0

D/ProxyIpManagerImpl( 3458): Load local proxy ip failed, uin:*8736 type: 3 reason: not mobile network!

D/TicketManager( 3458): get ticket succ, stKey!

D/TicketManager( 3458): get ticket succ, st!

W/Settings( 2506): Setting airplane_mode_on has moved from android.provider.Settings.System to android.provider.Settings.Global, returning read-only value.

W/Settings( 2506): Setting airplane_mode_on has moved from android.provider.Settings.System to android.provider.Settings.Global, returning read-only value.

W/Settings( 2506): Setting airplane_mode_on has moved from android.provider.Settings.System to android.provider.Settings.Global, returning read-only value.

D/MSF.C.NetConnTag( 2506): netRecv ssoSeq:-1116417229 uin:*8736 cmd:BS08PTQ9FS85K34EOAgwKSIEIjsvKAgpLQ -1116416870 cross:0

I/MSF.S.AppProcessManager( 2506): SendToApp PUSH process:com.tencent.mobileqq fromServiceMsg: FromServiceMsg msName:onRecvPushMsg ssoSeq:-1116417229 serviceCmd:OnlinePush.PbPushGroupMsg appSeq:-1116417229 failCode:1000 cost=2 needBoot=true

I/troop_ext( 3458): onTroopReceiveOrSendMsg troopInfo is null or not eliminated. troopUin: 495757025

D/Q.msg.TroopMsgProxy( 3458): insertToList MessageRecord=friendUin:7025senderuin:2739,istroop:1,msgType:-1000,time:1557048388,shmsgseq:1079208

D/Q.unread.Proxy_UnreadMonitor( 3458): insertOrUpdateUnread update=--ConversationInfo--,shortUin:*7025,type:1,lastread:1059427,unreadCount:19761,unreadGiftCount:0,unreadRedPacketCount:0,unreadMark:0

D/MSF.C.NetConnTag( 2506): netRecv ssoSeq:-1116398136 uin:*8736 cmd:BS08PTQ9FS85K34EOAgwKSIEIjsvKAgpLQ -1116397777 cross:0

I/MSF.S.AppProcessManager( 2506): SendToApp PUSH process:com.tencent.mobileqq fromServiceMsg: FromServiceMsg msName:onRecvPushMsg ssoSeq:-1116398136 serviceCmd:OnlinePush.PbPushGroupMsg appSeq:-1116398136 failCode:1000 cost=1 needBoot=true

I/troop_ext( 3458): onTroopReceiveOrSendMsg troopInfo is null or not eliminated. troopUin: 596217533

D/Q.msg.TroopMsgProxy( 3458): insertToList MessageRecord=friendUin:7533senderuin:6856,istroop:1,msgType:-1000,time:1557048392,shmsgseq:1560793

D/Q.unread.Proxy_UnreadMonitor( 3458): insertOrUpdateUnread update=--ConversationInfo--,shortUin:*7533,type:1,lastread:1558317,unreadCount:2444,unreadGiftCount:0,unreadRedPacketCount:0,unreadMark:0

D/WorkerThreadMonitor( 2506): Kill MSF check result[ senderSize:0,sendInterval:134899,receiveInterval=3488,addCmdCount=117

D/MSF.C.NetConnTag( 2506): preDetectTimeoutMsg cmd:GSI2MRk9Ky4vMQMiKHYGFw4cFhUZHXccCwAVCxwUBB0VERUF, ssoSeq:48702

D/MSF.C.NetConnTag( 2506): pa ok: 48707

D/MSF.C.NetConnTag( 2506): netSend ssoSeq:48707 uin:0 cmd:AiYxJi46IDs+bRE4My4g 48864 27fd6c31

D/MSF.C.NetConnTag( 2506): netRecv ssoSeq:48707 uin:0 cmd:AiYxJi46IDs+bRE4My4g 48773 cross:0

D/MSF.C.NetConnTag( 2506): notry preDetectTimeoutMsg cmd:GSI2MRk9Ky4vMQMiKHYGFw4cFhUZHXccCwAVCxwUBB0VERUF, ssoSeq:48445

W/Settings( 2506): Setting airplane_mode_on has moved from android.provider.Settings.System to android.provider.Settings.Global, returning read-only value.

D/MSF.C.NetConnTag( 2506): netRecv ssoSeq:-1116277857 uin:*8736 cmd:BS08PTQ9FS85K34EOAgwKSIEIjsvKAgpLQ -1116277426 cross:0

I/MSF.S.AppProcessManager( 2506): SendToApp PUSH process:com.tencent.mobileqq fromServiceMsg: FromServiceMsg msName:onRecvPushMsg ssoSeq:-1116277857 serviceCmd:OnlinePush.PbPushGroupMsg appSeq:-1116277857 failCode:1000 cost=1 needBoot=true

I/troop_ext( 3458): onTroopReceiveOrSendMsg troopInfo is null or not eliminated. troopUin: 495757025

D/Q.msg.TroopMsgProxy( 3458): insertToList MessageRecord=friendUin:7025senderuin:2739,istroop:1,msgType:-1000,time:1557048418,shmsgseq:1079209

D/Q.unread.Proxy_UnreadMonitor( 3458): insertOrUpdateUnread update=--ConversationInfo--,shortUin:*7025,type:1,lastread:1059427,unreadCount:19762,unreadGiftCount:0,unreadRedPacketCount:0,unreadMark:0

D/MSF.C.NetConnTag( 2506): netRecv ssoSeq:48702 uin:*8736 cmd:GSI2MRk9Ky4vMQMiKHYGFw4cFhUZHXccCwAVCxwUBB0VERUF costTime:159950 SignalStrengths wifi:31 gsm:7 cdma:-85 net:2 code:1002 failMsg:wait serverResp timeout

D/MSF.C.NetConnTag( 2506): found timeout msg check time: timenow = 1557048420078 firstSendHeartBeatTime = 1557048410129 ConfigManager.getHeartBeatTimeInterval() = 60000

D/MSF.C.NetConnTag( 2506): netRecv ssoSeq:48680 uin:*8736 cmd:GSI2MRk9Ky4vMQMiKHYGFw4cFhUZHXccCwAVCxwUBB0VERUF costTime:319975 SignalStrengths wifi:31 gsm:7 cdma:-85 net:2 code:1002 failMsg:wait serverResp timeout

D/MSF.C.NetConnTag( 2506): found timeout msg check time: timenow = 1557048420078 firstSendHeartBeatTime = 1557048410129 ConfigManager.getHeartBeatTimeInterval() = 60000

I/MSF.S.AppProcessManager( 2506): SendToApp process:com.tencent.mobileqq fromServiceMsg: FromServiceMsg msName:unknown ssoSeq:48702 serviceCmd:SafeCenterSvr.CMD_FACE2FACE_FLAG_REQ appSeq:1219 failCode:1002 cost=1 needBoot=false

I/MSF.S.AppProcessManager( 2506): SendToApp process:com.tencent.mobileqq fromServiceMsg: FromServiceMsg msName:unknown ssoSeq:48680 serviceCmd:SafeCenterSvr.CMD_FACE2FACE_FLAG_REQ appSeq:1205 failCode:1002 cost=1 needBoot=false

D/MSF.C.NetConnTag( 2506): netRecv ssoSeq:48445 uin:*8736 cmd:GSI2MRk9Ky4vMQMiKHYGFw4cFhUZHXccCwAVCxwUBB0VERUF costTime:480000 SignalStrengths wifi:31 gsm:7 cdma:-85 net:2 code:1002 failMsg:wait serverResp timeout

D/MSF.C.NetConnTag( 2506): found timeout msg check time: timenow = 1557048420317 firstSendHeartBeatTime = 1557048410129 ConfigManager.getHeartBeatTimeInterval() = 60000

W/MSF.S.AppProcessManager( 2506): DeadObjectException process=com.tencent.mobileqq:tool cost=0

W/MSF.S.AppProcessManager( 2506): android.os.DeadObjectException

W/MSF.S.AppProcessManager( 2506): 	at android.os.BinderProxy.transactNative(Native Method)

W/MSF.S.AppProcessManager( 2506): 	at android.os.BinderProxy.transact(Binder.java:496)

W/MSF.S.AppProcessManager( 2506): 	at com.tencent.qphone.base.remote.IMsfServiceCallbacker$Stub$Proxy.onRecvPushResp(IMsfServiceCallbacker.java:139)

W/MSF.S.AppProcessManager( 2506): 	at com.tencent.mobileqq.msf.service.b.a(AppProcessManager.java:427)

W/MSF.S.AppProcessManager( 2506): 	at com.tencent.mobileqq.msf.service.b.run(AppProcessManager.java:338)

I/MSF.S.AppProcessManager( 2506): SendToApp PUSH process:com.tencent.mobileqq fromServiceMsg: FromServiceMsg msName:onConnWeakNet ssoSeq:-1 serviceCmd:cmd_connWeakNet appSeq:48708 failCode:1000 cost=1 needBoot=false

I/FileTransferHandler<FileAssistant>( 3458): handleResistTerrorist: resp is timeout[1002]

I/MSF.S.AppProcessManager( 2506): SendToApp process:com.tencent.mobileqq fromServiceMsg: FromServiceMsg msName:unknown ssoSeq:48445 serviceCmd:SafeCenterSvr.CMD_FACE2FACE_FLAG_REQ appSeq:1060 failCode:1002 cost=1 needBoot=false

W/Settings( 2506): Setting airplane_mode_on has moved from android.provider.Settings.System to android.provider.Settings.Global, returning read-only value.

W/Settings( 2506): Setting airplane_mode_on has moved from android.provider.Settings.System to android.provider.Settings.Global, returning read-only value.

W/Settings( 2506): Setting airplane_mode_on has moved from android.provider.Settings.System to android.provider.Settings.Global, returning read-only value.

D/XgStat  ( 2661): [XgStat(102): ProGuard:662] - sentEventList size:1

E/XgStat  ( 2661): [XgStat(102): ProGuard:190] - [http://pingma.qq.com:80/mstat/report/?index=1556535739]Send request(eventsize:1,269bytes), content:[{"ky":"Axg0","et":1000,"ui":"355757010301568","mc":"30:9C:23:BE:31:BA","ut":1,"ch":"xgsdk","mid":"794af8451e6d89094f319aeaa29bcf29a70285c8","si":619044488,"cts":1557048429,"ts":1557048429,"sv":"3.1","dts":1,"ei":"SrvAck","kv":{"type":"0","busiMsgId":"0","msgId":"0"}}]

D/MSF.C.MonitorNetFlowStore( 2506): MonitorWriteDataThread Enter

D/XgStat  ( 2931): [XgStat(107): ProGuard:662] - sentEventList size:1

E/XgStat  ( 2931): [XgStat(107): ProGuard:190] - [http://pingma.qq.com:80/mstat/report/?index=1556535738]Send request(eventsize:1,269bytes), content:[{"ky":"Axg0","et":1000,"ui":"355757010301568","mc":"30:9C:23:BE:31:BA","ut":1,"ch":"xgsdk","mid":"b5d2b933b8a2f9916a3a739992bba7ea1d13d1d9","si":478195168,"cts":1557048429,"ts":1557048429,"sv":"3.1","dts":1,"ei":"SrvAck","kv":{"type":"0","busiMsgId":"0","msgId":"0"}}]

D/MSF.C.MonitorNetFlowStore( 2506): write data lenth : 4603 | read data lenth : 432, has been stored.

D/MSF.C.MonitorNetFlowStore( 2506): MonitorWriteDataThread End takeTimes=4

D/XgStat  ( 2661): [XgStat(102): ProGuard:662] - sentEventList size:1

E/XgStat  ( 2661): [XgStat(102): ProGuard:190] - [http://pingma.qq.com:80/mstat/report/?index=1556535740]Send request(eventsize:1,269bytes), content:[{"ky":"Axg0","et":1000,"ui":"355757010301568","mc":"30:9C:23:BE:31:BA","ut":1,"ch":"xgsdk","mid":"794af8451e6d89094f319aeaa29bcf29a70285c8","si":619044488,"cts":1557048429,"ts":1557048429,"sv":"3.1","dts":1,"ei":"SrvAck","kv":{"type":"0","busiMsgId":"0","msgId":"0"}}]

D/XgStat  ( 2931): [XgStat(107): ProGuard:662] - sentEventList size:1

E/XgStat  ( 2931): [XgStat(107): ProGuard:190] - [http://pingma.qq.com:80/mstat/report/?index=1556535739]Send request(eventsize:1,269bytes), content:[{"ky":"Axg0","et":1000,"ui":"355757010301568","mc":"30:9C:23:BE:31:BA","ut":1,"ch":"xgsdk","mid":"b5d2b933b8a2f9916a3a739992bba7ea1d13d1d9","si":478195168,"cts":1557048429,"ts":1557048429,"sv":"3.1","dts":1,"ei":"SrvAck","kv":{"type":"0","busiMsgId":"0","msgId":"0"}}]

D/MSF.C.NetConnTag( 2506): netRecv ssoSeq:-1116141814 uin:*8736 cmd:BS08PTQ9FS85K34EOAgwKSIEIjsvKAgpLQ -1116141447 cross:0

I/MSF.S.AppProcessManager( 2506): SendToApp PUSH process:com.tencent.mobileqq fromServiceMsg: FromServiceMsg msName:onRecvPushMsg ssoSeq:-1116141814 serviceCmd:OnlinePush.PbPushGroupMsg appSeq:-1116141814 failCode:1000 cost=3 needBoot=true

I/troop_ext( 3458): onTroopReceiveOrSendMsg troopInfo is null or not eliminated. troopUin: 596217533

D/Q.msg.TroopMsgProxy( 3458): insertToList MessageRecord=friendUin:7533senderuin:3003,istroop:1,msgType:-1000,time:1557048447,shmsgseq:1560794

D/Q.unread.Proxy_UnreadMonitor( 3458): insertOrUpdateUnread update=--ConversationInfo--,shortUin:*7533,type:1,lastread:1558317,unreadCount:2445,unreadGiftCount:0,unreadRedPacketCount:0,unreadMark:0

D/WorkerThreadMonitor( 2506): Kill MSF check result[ senderSize:0,sendInterval:44851,receiveInterval=8003,addCmdCount=118

D/MSF.C.NetConnTag( 2506): netRecv ssoSeq:-1116058699 uin:*8736 cmd:BS08PTQ9FS85K34EOAgwKSIEIjsvKAgpLQ -1116058340 cross:0

I/MSF.S.AppProcessManager( 2506): SendToApp PUSH process:com.tencent.mobileqq fromServiceMsg: FromServiceMsg msName:onRecvPushMsg ssoSeq:-1116058699 serviceCmd:OnlinePush.PbPushGroupMsg appSeq:-1116058699 failCode:1000 cost=1 needBoot=true

D/GuardManager( 2506): prestart 3, 1557048464977, 1557048368768, 720000, true, true, 1557048368768

I/troop_ext( 3458): onTroopReceiveOrSendMsg troopInfo is null or not eliminated. troopUin: 596217533

D/Q.msg.TroopMsgProxy( 3458): insertToList MessageRecord=friendUin:7533senderuin:6856,istroop:1,msgType:-1000,time:1557048465,shmsgseq:1560795

D/Q.unread.Proxy_UnreadMonitor( 3458): insertOrUpdateUnread update=--ConversationInfo--,shortUin:*7533,type:1,lastread:1558317,unreadCount:2446,unreadGiftCount:0,unreadRedPacketCount:0,unreadMark:0

W/Settings( 2506): Setting airplane_mode_on has moved from android.provider.Settings.System to android.provider.Settings.Global, returning read-only value.

D/MSF.C.NetConnTag( 2506): netRecv ssoSeq:-1116031363 uin:*8736 cmd:BS08PTQ9FS85K34EOAgwKSIEIjsvKAgpLQ -1116030932 cross:0

I/MSF.S.AppProcessManager( 2506): SendToApp PUSH process:com.tencent.mobileqq fromServiceMsg: FromServiceMsg msName:onRecvPushMsg ssoSeq:-1116031363 serviceCmd:OnlinePush.PbPushGroupMsg appSeq:-1116031363 failCode:1000 cost=2 needBoot=true

I/troop_ext( 3458): onTroopReceiveOrSendMsg troopInfo is null or not eliminated. troopUin: 596217533

D/Q.msg.TroopMsgProxy( 3458): insertToList MessageRecord=friendUin:7533senderuin:7823,istroop:1,msgType:-1000,time:1557048471,shmsgseq:1560796

D/Q.unread.Proxy_UnreadMonitor( 3458): insertOrUpdateUnread update=--ConversationInfo--,shortUin:*7533,type:1,lastread:1558317,unreadCount:2447,unreadGiftCount:0,unreadRedPacketCount:0,unreadMark:0

D/MSF.C.NetConnTag( 2506): netRecv ssoSeq:-1115960663 uin:*8736 cmd:BS08PTQ9FS85K34EOAgwKSIEIjsvKAgpLQ -1115959664 cross:0

I/MSF.S.AppProcessManager( 2506): SendToApp PUSH process:com.tencent.mobileqq fromServiceMsg: FromServiceMsg msName:onRecvPushMsg ssoSeq:-1115960663 serviceCmd:OnlinePush.PbPushGroupMsg appSeq:-1115960663 failCode:1000 cost=2 needBoot=true

I/troop_ext( 3458): onTroopReceiveOrSendMsg troopInfo is null or not eliminated. troopUin: 596217533

D/Q.msg.TroopMsgProxy( 3458): insertToList MessageRecord=friendUin:7533senderuin:3003,istroop:1,msgType:-2000,time:1557048487,shmsgseq:1560797

D/Q.unread.Proxy_UnreadMonitor( 3458): insertOrUpdateUnread update=--ConversationInfo--,shortUin:*7533,type:1,lastread:1558317,unreadCount:2448,unreadGiftCount:0,unreadRedPacketCount:0,unreadMark:0

D/MSF.C.NetConnTag( 2506): netRecv ssoSeq:-1115950043 uin:*8736 cmd:BS08PTQ9FS85K34GPykVLzkr -1115949684 cross:0

I/MSF.S.AppProcessManager( 2506): SendToApp PUSH process:com.tencent.mobileqq fromServiceMsg: FromServiceMsg msName:onRecvPushMsg ssoSeq:-1115950043 serviceCmd:OnlinePush.ReqPush appSeq:-1115950043 failCode:1000 cost=2 needBoot=true

D/Q.unread.Proxy_UnreadMonitor( 3458): insertOrUpdateUnread update=--ConversationInfo--,shortUin:*7533,type:1,lastread:1558317,unreadCount:2447,unreadGiftCount:0,unreadRedPacketCount:0,unreadMark:0

D/Q.msg.TroopMsgProxy( 3458): insertToList MessageRecord=friendUin:7533senderuin:3003,istroop:1,msgType:-5040,time:1557048447,shmsgseq:1560794

D/ReadInJoyHelper( 3458): canInMessageList,uin:3434959637,isKandianTab:true,dailyKDTime:9223372036854775807,subKDTime:0,canShow:true ,error :

D/MSF.C.NetConnTag( 2506): pa ok: 48709

D/MSF.C.NetConnTag( 2506): netSend ssoSeq:48709 uin:*8736 cmd:BS08PTQ9FS85K34GPys1Cj8wOA 48912 27fd6c31

D/BadgeUtils_UnreadMonitor( 3458): setBadge limit: 999, count: 34

D/CommonBadgeUtilImpl( 3458): setBadge count=34|forceSet=false

D/MSF.C.NetConnTag( 2506): netRecv ssoSeq:-1115902881 uin:*8736 cmd:BS08PTQ9FS85K34EOAgwKSIEIjsvKAgpLQ -1115902498 cross:0

I/MSF.S.AppProcessManager( 2506): SendToApp PUSH process:com.tencent.mobileqq fromServiceMsg: FromServiceMsg msName:onRecvPushMsg ssoSeq:-1115902881 serviceCmd:OnlinePush.PbPushGroupMsg appSeq:-1115902881 failCode:1000 cost=2 needBoot=true

I/troop_ext( 3458): onTroopReceiveOrSendMsg troopInfo is null or not eliminated. troopUin: 495757025

D/Q.msg.TroopMsgProxy( 3458): insertToList MessageRecord=friendUin:7025senderuin:9433,istroop:1,msgType:-1000,time:1557048499,shmsgseq:1079210

D/Q.unread.Proxy_UnreadMonitor( 3458): insertOrUpdateUnread update=--ConversationInfo--,shortUin:*7025,type:1,lastread:1059427,unreadCount:19763,unreadGiftCount:0,unreadRedPacketCount:0,unreadMark:0

D/MSF.C.NetConnTag( 2506): netRecv ssoSeq:-1115868985 uin:*8736 cmd:BS08PTQ9FS85K34EOAgwKSIEIjsvKAgpLQ -1115868634 cross:0

I/MSF.S.AppProcessManager( 2506): SendToApp PUSH process:com.tencent.mobileqq fromServiceMsg: FromServiceMsg msName:onRecvPushMsg ssoSeq:-1115868985 serviceCmd:OnlinePush.PbPushGroupMsg appSeq:-1115868985 failCode:1000 cost=1 needBoot=true

I/troop_ext( 3458): onTroopReceiveOrSendMsg troopInfo is null or not eliminated. troopUin: 495757025

D/Q.msg.TroopMsgProxy( 3458): insertToList MessageRecord=friendUin:7025senderuin:9433,istroop:1,msgType:-1000,time:1557048507,shmsgseq:1079211

D/Q.unread.Proxy_UnreadMonitor( 3458): insertOrUpdateUnread update=--ConversationInfo--,shortUin:*7025,type:1,lastread:1059427,unreadCount:19764,unreadGiftCount:0,unreadRedPacketCount:0,unreadMark:0

D/MSF.C.NetConnTag( 2506): netRecv ssoSeq:-1115864663 uin:*8736 cmd:BS08PTQ9FS85K34EOAgwKSIEIjsvKAgpLQ -1115864304 cross:0

I/MSF.S.AppProcessManager( 2506): SendToApp PUSH process:com.tencent.mobileqq fromServiceMsg: FromServiceMsg msName:onRecvPushMsg ssoSeq:-1115864663 serviceCmd:OnlinePush.PbPushGroupMsg appSeq:-1115864663 failCode:1000 cost=3 needBoot=true

I/troop_ext( 3458): onTroopReceiveOrSendMsg troopInfo is null or not eliminated. troopUin: 495757025

D/Q.msg.TroopMsgProxy( 3458): insertToList MessageRecord=friendUin:7025senderuin:2739,istroop:1,msgType:-1000,time:1557048508,shmsgseq:1079212

D/Q.unread.Proxy_UnreadMonitor( 3458): insertOrUpdateUnread update=--ConversationInfo--,shortUin:*7025,type:1,lastread:1059427,unreadCount:19765,unreadGiftCount:0,unreadRedPacketCount:0,unreadMark:0

D/MSF.C.NetConnTag( 2506): netRecv ssoSeq:-1115848902 uin:*8736 cmd:BS08PTQ9FS85K34EOAgwKSIEIjsvKAgpLQ -1115847895 cross:0

I/MSF.S.AppProcessManager( 2506): SendToApp PUSH process:com.tencent.mobileqq fromServiceMsg: FromServiceMsg msName:onRecvPushMsg ssoSeq:-1115848902 serviceCmd:OnlinePush.PbPushGroupMsg appSeq:-1115848902 failCode:1000 cost=1 needBoot=true

I/troop_ext( 3458): onTroopReceiveOrSendMsg troopInfo is null or not eliminated. troopUin: 495757025

W/System.err( 3458): java.lang.NumberFormatException: Invalid int: ""

W/System.err( 3458): 	at java.lang.Integer.invalidInt(Integer.java:138)

W/System.err( 3458): 	at java.lang.Integer.parseInt(Integer.java:358)

W/System.err( 3458): 	at java.lang.Integer.parseInt(Integer.java:334)

W/System.err( 3458): 	at com.tencent.mobileqq.data.MessageForMixedMsg.doParse(ProGuard:290)

W/System.err( 3458): 	at com.tencent.mobileqq.data.ChatMessage.parse(ProGuard:104)

W/System.err( 3458): 	at com.tencent.mobileqq.data.MessageForMixedMsg.parse(ProGuard:72)

W/System.err( 3458): 	at com.tencent.mobileqq.service.message.MessageProtoCodec.a(ProGuard:2629)

W/System.err( 3458): 	at com.tencent.mobileqq.service.message.MessagePBElemDecoder.b(ProGuard:3200)

W/System.err( 3458): 	at com.tencent.mobileqq.service.message.MessageProtoCodec.a(ProGuard:2422)

W/System.err( 3458): 	at com.tencent.mobileqq.service.message.MessageProtoCodec.a(ProGuard:2332)

W/System.err( 3458): 	at com.tencent.mobileqq.app.message.BaseMessageProcessorForTroopAndDisc.a(ProGuard:221)

W/System.err( 3458): 	at com.tencent.mobileqq.troop.data.TroopMessageProcessor.a(ProGuard:764)

W/System.err( 3458): 	at com.tencent.mobileqq.troop.data.TroopMessageProcessor.a(ProGuard:137)

W/System.err( 3458): 	at com.tencent.mobileqq.app.MessageHandler.h(ProGuard:2932)

W/System.err( 3458): 	at com.tencent.mobileqq.app.MessageHandler.a(ProGuard:4490)

W/System.err( 3458): 	at com.tencent.mobileqq.service.MobileQQServiceBase.a(ProGuard:309)

W/System.err( 3458): 	at com.tencent.mobileqq.service.MobileQQService.a(ProGuard:757)

W/System.err( 3458): 	at com.tencent.mobileqq.app.QQAppInterface.a(ProGuard:10455)

W/System.err( 3458): 	at com.tencent.mobileqq.compatible.TempServlet.onReceive(ProGuard:52)

W/System.err( 3458): 	at mqq.app.MSFServlet.onReceive(MSFServlet.java:39)

W/System.err( 3458): 	at mqq.app.ServletContainer.notifyMSFServlet(ServletContainer.java:138)

W/System.err( 3458): 	at mqq.app.MainService.receiveMessageFromMSF(MainService.java:281)

W/System.err( 3458): 	at mqq.app.MainService.access$300(MainService.java:70)

W/System.err( 3458): 	at mqq.app.MainService$5.onRecvCmdPush(MainService.java:858)

W/System.err( 3458): 	at com.tencent.mobileqq.msf.sdk.MsfRespHandleUtil.handlePushMsg(MsfRespHandleUtil.java:187)

W/System.err( 3458): 	at mqq.app.MainService$2.run(MainService.java:486)

W/System.err( 3458): 	at java.lang.Thread.run(Thread.java:818)

D/Q.msg.TroopMsgProxy( 3458): insertToList MessageRecord=friendUin:7025senderuin:0711,istroop:1,msgType:-1035,time:1557048511,shmsgseq:1079213

D/Q.unread.Proxy_UnreadMonitor( 3458): insertOrUpdateUnread update=--ConversationInfo--,shortUin:*7025,type:1,lastread:1059427,unreadCount:19766,unreadGiftCount:0,unreadRedPacketCount:0,unreadMark:0

W/System.err( 3458): java.lang.NumberFormatException: Invalid int: ""

W/System.err( 3458): 	at java.lang.Integer.invalidInt(Integer.java:138)

W/System.err( 3458): 	at java.lang.Integer.parseInt(Integer.java:358)

W/System.err( 3458): 	at java.lang.Integer.parseInt(Integer.java:334)

W/System.err( 3458): 	at com.tencent.mobileqq.data.MessageForMixedMsg.doParse(ProGuard:290)

W/System.err( 3458): 	at com.tencent.mobileqq.data.ChatMessage.parse(ProGuard:104)

W/System.err( 3458): 	at com.tencent.mobileqq.data.MessageForMixedMsg.parse(ProGuard:72)

W/System.err( 3458): 	at com.tencent.mobileqq.app.message.BaseMessageManager.a(ProGuard:1221)

W/System.err( 3458): 	at com.tencent.mobileqq.app.message.BaseMessageManager.a(ProGuard:1040)

W/System.err( 3458): 	at com.tencent.mobileqq.app.message.QQMessageFacade.a(ProGuard:2043)

W/System.err( 3458): 	at com.tencent.mobileqq.app.message.QQMessageFacade.a(ProGuard:1041)

W/System.err( 3458): 	at com.tencent.mobileqq.app.message.QQMessageFacade.a(ProGuard:842)

W/System.err( 3458): 	at com.tencent.mobileqq.troop.data.TroopMessageProcessor.a(ProGuard:954)

W/System.err( 3458): 	at com.tencent.mobileqq.troop.data.TroopMessageProcessor.a(ProGuard:137)

W/System.err( 3458): 	at com.tencent.mobileqq.app.MessageHandler.h(ProGuard:2932)

W/System.err( 3458): 	at com.tencent.mobileqq.app.MessageHandler.a(ProGuard:4490)

W/System.err( 3458): 	at com.tencent.mobileqq.service.MobileQQServiceBase.a(ProGuard:309)

W/System.err( 3458): 	at com.tencent.mobileqq.service.MobileQQService.a(ProGuard:757)

W/System.err( 3458): 	at com.tencent.mobileqq.app.QQAppInterface.a(ProGuard:10455)

W/System.err( 3458): 	at com.tencent.mobileqq.compatible.TempServlet.onReceive(ProGuard:52)

W/System.err( 3458): 	at mqq.app.MSFServlet.onReceive(MSFServlet.java:39)

W/System.err( 3458): 	at mqq.app.ServletContainer.notifyMSFServlet(ServletContainer.java:138)

W/System.err( 3458): 	at mqq.app.MainService.receiveMessageFromMSF(MainService.java:281)

W/System.err( 3458): 	at mqq.app.MainService.access$300(MainService.java:70)

W/System.err( 3458): 	at mqq.app.MainService$5.onRecvCmdPush(MainService.java:858)

W/System.err( 3458): 	at com.tencent.mobileqq.msf.sdk.MsfRespHandleUtil.handlePushMsg(MsfRespHandleUtil.java:187)

W/System.err( 3458): 	at mqq.app.MainService$2.run(MainService.java:486)

W/System.err( 3458): 	at java.lang.Thread.run(Thread.java:818)

W/Settings( 2506): Setting airplane_mode_on has moved from android.provider.Settings.System to android.provider.Settings.Global, returning read-only value.

D/WorkerThreadMonitor( 2506): Kill MSF check result[ senderSize:0,sendInterval:26198,receiveInterval=3768,addCmdCount=119

D/MSF.C.NetConnTag( 2506): netRecv ssoSeq:-1115824265 uin:*8736 cmd:BS08PTQ9FS85K34EOAgwKSIEIjsvKAgpLQ -1115823842 cross:0

I/troop_ext( 3458): onTroopReceiveOrSendMsg troopInfo is null or not eliminated. troopUin: 596217533

I/MSF.S.AppProcessManager( 2506): SendToApp PUSH process:com.tencent.mobileqq fromServiceMsg: FromServiceMsg msName:onRecvPushMsg ssoSeq:-1115824265 serviceCmd:OnlinePush.PbPushGroupMsg appSeq:-1115824265 failCode:1000 cost=4 needBoot=true

D/Q.msg.TroopMsgProxy( 3458): insertToList MessageRecord=friendUin:7533senderuin:3004,istroop:1,msgType:-1000,time:1557048517,shmsgseq:1560798

D/Q.unread.Proxy_UnreadMonitor( 3458): insertOrUpdateUnread update=--ConversationInfo--,shortUin:*7533,type:1,lastread:1558317,unreadCount:2448,unreadGiftCount:0,unreadRedPacketCount:0,unreadMark:0

D/MSF.C.NetConnTag( 2506): netRecv ssoSeq:-1115815062 uin:*8736 cmd:BS08PTQ9FS85K34EOAgwKSIEIjsvKAgpLQ -1115814703 cross:0

I/MSF.S.AppProcessManager( 2506): SendToApp PUSH process:com.tencent.mobileqq fromServiceMsg: FromServiceMsg msName:onRecvPushMsg ssoSeq:-1115815062 serviceCmd:OnlinePush.PbPushGroupMsg appSeq:-1115815062 failCode:1000 cost=1 needBoot=true

I/troop_ext( 3458): onTroopReceiveOrSendMsg troopInfo is null or not eliminated. troopUin: 495757025

D/Q.msg.TroopMsgProxy( 3458): insertToList MessageRecord=friendUin:7025senderuin:9433,istroop:1,msgType:-1000,time:1557048519,shmsgseq:1079214

D/Q.unread.Proxy_UnreadMonitor( 3458): insertOrUpdateUnread update=--ConversationInfo--,shortUin:*7025,type:1,lastread:1059427,unreadCount:19767,unreadGiftCount:0,unreadRedPacketCount:0,unreadMark:0

D/MSF.C.NetConnTag( 2506): netRecv ssoSeq:-1115810329 uin:*8736 cmd:BS08PTQ9FS85K34EOAgwKSIEIjsvKAgpLQ -1115809922 cross:0

I/MSF.S.AppProcessManager( 2506): SendToApp PUSH process:com.tencent.mobileqq fromServiceMsg: FromServiceMsg msName:onRecvPushMsg ssoSeq:-1115810329 serviceCmd:OnlinePush.PbPushGroupMsg appSeq:-1115810329 failCode:1000 cost=1 needBoot=true

I/troop_ext( 3458): onTroopReceiveOrSendMsg troopInfo is null or not eliminated. troopUin: 596217533

D/Q.msg.TroopMsgProxy( 3458): insertToList MessageRecord=friendUin:7533senderuin:3004,istroop:1,msgType:-1000,time:1557048520,shmsgseq:1560799

D/Q.unread.Proxy_UnreadMonitor( 3458): insertOrUpdateUnread update=--ConversationInfo--,shortUin:*7533,type:1,lastread:1558317,unreadCount:2449,unreadGiftCount:0,unreadRedPacketCount:0,unreadMark:0

D/MSF.C.NetConnTag( 2506): netRecv ssoSeq:-1115803752 uin:*8736 cmd:BS08PTQ9FS85K34EOAgwKSIEIjsvKAgpLQ -1115803353 cross:0

I/MSF.S.AppProcessManager( 2506): SendToApp PUSH process:com.tencent.mobileqq fromServiceMsg: FromServiceMsg msName:onRecvPushMsg ssoSeq:-1115803752 serviceCmd:OnlinePush.PbPushGroupMsg appSeq:-1115803752 failCode:1000 cost=3 needBoot=true

I/troop_ext( 3458): onTroopReceiveOrSendMsg troopInfo is null or not eliminated. troopUin: 596217533

D/Q.msg.TroopMsgProxy( 3458): insertToList MessageRecord=friendUin:7533senderuin:7823,istroop:1,msgType:-1000,time:1557048521,shmsgseq:1560800

D/Q.unread.Proxy_UnreadMonitor( 3458): insertOrUpdateUnread update=--ConversationInfo--,shortUin:*7533,type:1,lastread:1558317,unreadCount:2450,unreadGiftCount:0,unreadRedPacketCount:0,unreadMark:0

D/MSF.C.NetConnTag( 2506): netRecv ssoSeq:-1115799592 uin:*8736 cmd:BS08PTQ9FS85K34EOAgwKSIEIjsvKAgpLQ -1115799017 cross:0

I/MSF.S.AppProcessManager( 2506): SendToApp PUSH process:com.tencent.mobileqq fromServiceMsg: FromServiceMsg msName:onRecvPushMsg ssoSeq:-1115799592 serviceCmd:OnlinePush.PbPushGroupMsg appSeq:-1115799592 failCode:1000 cost=1 needBoot=true

I/troop_ext( 3458): onTroopReceiveOrSendMsg troopInfo is null or not eliminated. troopUin: 495757025

D/Q.msg.TroopMsgProxy( 3458): insertToList MessageRecord=friendUin:7025senderuin:0719,istroop:1,msgType:-1049,time:1557048522,shmsgseq:1079215

D/Q.unread.Proxy_UnreadMonitor( 3458): insertOrUpdateUnread update=--ConversationInfo--,shortUin:*7025,type:1,lastread:1059427,unreadCount:19768,unreadGiftCount:0,unreadRedPacketCount:0,unreadMark:0

D/MSF.C.NetConnTag( 2506): netRecv ssoSeq:-1115765163 uin:*8736 cmd:BS08PTQ9FS85K34EOAgwKSIEIjsvKAgpLQ -1115764788 cross:0

I/MSF.S.AppProcessManager( 2506): SendToApp PUSH process:com.tencent.mobileqq fromServiceMsg: FromServiceMsg msName:onRecvPushMsg ssoSeq:-1115765163 serviceCmd:OnlinePush.PbPushGroupMsg appSeq:-1115765163 failCode:1000 cost=0 needBoot=true

I/troop_ext( 3458): onTroopReceiveOrSendMsg troopInfo is null or not eliminated. troopUin: 495757025

D/Q.msg.TroopMsgProxy( 3458): insertToList MessageRecord=friendUin:7025senderuin:9433,istroop:1,msgType:-1000,time:1557048530,shmsgseq:1079216

D/Q.unread.Proxy_UnreadMonitor( 3458): insertOrUpdateUnread update=--ConversationInfo--,shortUin:*7025,type:1,lastread:1059427,unreadCount:19769,unreadGiftCount:0,unreadRedPacketCount:0,unreadMark:0

D/MSF.C.NetConnTag( 2506): netRecv ssoSeq:-1115760540 uin:*8736 cmd:BS08PTQ9FS85K34EOAgwKSIEIjsvKAgpLQ -1115760125 cross:0

I/MSF.S.AppProcessManager( 2506): SendToApp PUSH process:com.tencent.mobileqq fromServiceMsg: FromServiceMsg msName:onRecvPushMsg ssoSeq:-1115760540 serviceCmd:OnlinePush.PbPushGroupMsg appSeq:-1115760540 failCode:1000 cost=2 needBoot=true

I/troop_ext( 3458): onTroopReceiveOrSendMsg troopInfo is null or not eliminated. troopUin: 495757025

D/Q.msg.TroopMsgProxy( 3458): insertToList MessageRecord=friendUin:7025senderuin:3291,istroop:1,msgType:-1000,time:1557048531,shmsgseq:1079217

D/Q.unread.Proxy_UnreadMonitor( 3458): insertOrUpdateUnread update=--ConversationInfo--,shortUin:*7025,type:1,lastread:1059427,unreadCount:19770,unreadGiftCount:0,unreadRedPacketCount:0,unreadMark:0

D/Q.fts.BgCpu.Total( 3458): 2019-05-05 17:28:59 cpu:72 - wall:138  FTSMsgOperator transCount:19 transCost:127 transAvg:6.6842103 FTSTroopOperator transCount:0 transCost:0 transAvg:0.0

D/PatchLogTag( 3458): AbscractPatchItemConfig isValidConfig return true

D/PatchLogTag( 3458): PatchConfig isValidConfig return true

D/BatteryStats.BgCpu( 3458): bgPrintCpuCostSofar msfrecv=1446[3636],   fts=1055[16282]

D/MSF.C.NetConnTag( 2506): netRecv ssoSeq:-1115704219 uin:*8736 cmd:BS08PTQ9FS85K34EOAgwKSIEIjsvKAgpLQ -1115703796 cross:0

I/MSF.S.AppProcessManager( 2506): SendToApp PUSH process:com.tencent.mobileqq fromServiceMsg: FromServiceMsg msName:onRecvPushMsg ssoSeq:-1115704219 serviceCmd:OnlinePush.PbPushGroupMsg appSeq:-1115704219 failCode:1000 cost=3 needBoot=true

I/troop_ext( 3458): onTroopReceiveOrSendMsg troopInfo is null or not eliminated. troopUin: 596217533

D/Q.msg.TroopMsgProxy( 3458): insertToList MessageRecord=friendUin:7533senderuin:3004,istroop:1,msgType:-1000,time:1557048544,shmsgseq:1560801

D/Q.unread.Proxy_UnreadMonitor( 3458): insertOrUpdateUnread update=--ConversationInfo--,shortUin:*7533,type:1,lastread:1558317,unreadCount:2451,unreadGiftCount:0,unreadRedPacketCount:0,unreadMark:0

D/PatchLogTag( 3458): AbscractPatchItemConfig isValidConfig return true

D/PatchLogTag( 3458): PatchConfig isValidConfig return true

D/MSF.C.NetConnTag( 2506): netRecv ssoSeq:-1115609683 uin:*8736 cmd:BS08PTQ9FS85K34EOAgwKSIEIjsvKAgpLQ -1115609316 cross:0

I/MSF.S.AppProcessManager( 2506): SendToApp PUSH process:com.tencent.mobileqq fromServiceMsg: FromServiceMsg msName:onRecvPushMsg ssoSeq:-1115609683 serviceCmd:OnlinePush.PbPushGroupMsg appSeq:-1115609683 failCode:1000 cost=2 needBoot=true

D/GuardManager( 2506): prestart 3, 1557048564256, 1557048464977, 720000, true, true, 1557048464977

I/troop_ext( 3458): onTroopReceiveOrSendMsg troopInfo is null or not eliminated. troopUin: 596217533

D/Q.msg.TroopMsgProxy( 3458): insertToList MessageRecord=friendUin:7533senderuin:0492,istroop:1,msgType:-1000,time:1557048564,shmsgseq:1560802

D/Q.unread.Proxy_UnreadMonitor( 3458): insertOrUpdateUnread update=--ConversationInfo--,shortUin:*7533,type:1,lastread:1558317,unreadCount:2452,unreadGiftCount:0,unreadRedPacketCount:0,unreadMark:0

W/Settings( 2506): Setting airplane_mode_on has moved from android.provider.Settings.System to android.provider.Settings.Global, returning read-only value.

D/MSF.C.NetConnTag( 2506): netRecv ssoSeq:-1115586307 uin:*8736 cmd:BS08PTQ9FS85K34EOAgwKSIEIjsvKAgpLQ -1115585364 cross:0

I/MSF.S.AppProcessManager( 2506): SendToApp PUSH process:com.tencent.mobileqq fromServiceMsg: FromServiceMsg msName:onRecvPushMsg ssoSeq:-1115586307 serviceCmd:OnlinePush.PbPushGroupMsg appSeq:-1115586307 failCode:1000 cost=2 needBoot=true

I/troop_ext( 3458): onTroopReceiveOrSendMsg troopInfo is null or not eliminated. troopUin: 495757025

W/System.err( 3458): java.lang.NumberFormatException: Invalid int: ""

W/System.err( 3458): 	at java.lang.Integer.invalidInt(Integer.java:138)

W/System.err( 3458): 	at java.lang.Integer.parseInt(Integer.java:358)

W/System.err( 3458): 	at java.lang.Integer.parseInt(Integer.java:334)

W/System.err( 3458): 	at com.tencent.mobileqq.data.MessageForMixedMsg.doParse(ProGuard:290)

W/System.err( 3458): 	at com.tencent.mobileqq.data.ChatMessage.parse(ProGuard:104)

W/System.err( 3458): 	at com.tencent.mobileqq.data.MessageForMixedMsg.parse(ProGuard:72)

W/System.err( 3458): 	at com.tencent.mobileqq.service.message.MessageProtoCodec.a(ProGuard:2629)

W/System.err( 3458): 	at com.tencent.mobileqq.service.message.MessagePBElemDecoder.b(ProGuard:3200)

W/System.err( 3458): 	at com.tencent.mobileqq.service.message.MessageProtoCodec.a(ProGuard:2422)

W/System.err( 3458): 	at com.tencent.mobileqq.service.message.MessageProtoCodec.a(ProGuard:2332)

W/System.err( 3458): 	at com.tencent.mobileqq.app.message.BaseMessageProcessorForTroopAndDisc.a(ProGuard:221)

W/System.err( 3458): 	at com.tencent.mobileqq.troop.data.TroopMessageProcessor.a(ProGuard:764)

W/System.err( 3458): 	at com.tencent.mobileqq.troop.data.TroopMessageProcessor.a(ProGuard:137)

W/System.err( 3458): 	at com.tencent.mobileqq.app.MessageHandler.h(ProGuard:2932)

W/System.err( 3458): 	at com.tencent.mobileqq.app.MessageHandler.a(ProGuard:4490)

W/System.err( 3458): 	at com.tencent.mobileqq.service.MobileQQServiceBase.a(ProGuard:309)

W/System.err( 3458): 	at com.tencent.mobileqq.service.MobileQQService.a(ProGuard:757)

W/System.err( 3458): 	at com.tencent.mobileqq.app.QQAppInterface.a(ProGuard:10455)

W/System.err( 3458): 	at com.tencent.mobileqq.compatible.TempServlet.onReceive(ProGuard:52)

W/System.err( 3458): 	at mqq.app.MSFServlet.onReceive(MSFServlet.java:39)

W/System.err( 3458): 	at mqq.app.ServletContainer.notifyMSFServlet(ServletContainer.java:138)

W/System.err( 3458): 	at mqq.app.MainService.receiveMessageFromMSF(MainService.java:281)

W/System.err( 3458): 	at mqq.app.MainService.access$300(MainService.java:70)

W/System.err( 3458): 	at mqq.app.MainService$5.onRecvCmdPush(MainService.java:858)

W/System.err( 3458): 	at com.tencent.mobileqq.msf.sdk.MsfRespHandleUtil.handlePushMsg(MsfRespHandleUtil.java:187)

W/System.err( 3458): 	at mqq.app.MainService$2.run(MainService.java:486)

W/System.err( 3458): 	at java.lang.Thread.run(Thread.java:818)

D/Q.msg.TroopMsgProxy( 3458): insertToList MessageRecord=friendUin:7025senderuin:3054,istroop:1,msgType:-1035,time:1557048570,shmsgseq:1079218

D/Q.unread.Proxy_UnreadMonitor( 3458): insertOrUpdateUnread update=--ConversationInfo--,shortUin:*7025,type:1,lastread:1059427,unreadCount:19771,unreadGiftCount:0,unreadRedPacketCount:0,unreadMark:0

W/System.err( 3458): java.lang.NumberFormatException: Invalid int: ""

W/System.err( 3458): 	at java.lang.Integer.invalidInt(Integer.java:138)

W/System.err( 3458): 	at java.lang.Integer.parseInt(Integer.java:358)

W/System.err( 3458): 	at java.lang.Integer.parseInt(Integer.java:334)

W/System.err( 3458): 	at com.tencent.mobileqq.data.MessageForMixedMsg.doParse(ProGuard:290)

W/System.err( 3458): 	at com.tencent.mobileqq.data.ChatMessage.parse(ProGuard:104)

W/System.err( 3458): 	at com.tencent.mobileqq.data.MessageForMixedMsg.parse(ProGuard:72)

W/System.err( 3458): 	at com.tencent.mobileqq.app.message.BaseMessageManager.a(ProGuard:1221)

W/System.err( 3458): 	at com.tencent.mobileqq.app.message.BaseMessageManager.a(ProGuard:1040)

W/System.err( 3458): 	at com.tencent.mobileqq.app.message.QQMessageFacade.a(ProGuard:2043)

W/System.err( 3458): 	at com.tencent.mobileqq.app.message.QQMessageFacade.a(ProGuard:1041)

W/System.err( 3458): 	at com.tencent.mobileqq.app.message.QQMessageFacade.a(ProGuard:842)

W/System.err( 3458): 	at com.tencent.mobileqq.troop.data.TroopMessageProcessor.a(ProGuard:954)

W/System.err( 3458): 	at com.tencent.mobileqq.troop.data.TroopMessageProcessor.a(ProGuard:137)

W/System.err( 3458): 	at com.tencent.mobileqq.app.MessageHandler.h(ProGuard:2932)

W/System.err( 3458): 	at com.tencent.mobileqq.app.MessageHandler.a(ProGuard:4490)

W/System.err( 3458): 	at com.tencent.mobileqq.service.MobileQQServiceBase.a(ProGuard:309)

W/System.err( 3458): 	at com.tencent.mobileqq.service.MobileQQService.a(ProGuard:757)

W/System.err( 3458): 	at com.tencent.mobileqq.app.QQAppInterface.a(ProGuard:10455)

W/System.err( 3458): 	at com.tencent.mobileqq.compatible.TempServlet.onReceive(ProGuard:52)

W/System.err( 3458): 	at mqq.app.MSFServlet.onReceive(MSFServlet.java:39)

W/System.err( 3458): 	at mqq.app.ServletContainer.notifyMSFServlet(ServletContainer.java:138)

W/System.err( 3458): 	at mqq.app.MainService.receiveMessageFromMSF(MainService.java:281)

W/System.err( 3458): 	at mqq.app.MainService.access$300(MainService.java:70)

W/System.err( 3458): 	at mqq.app.MainService$5.onRecvCmdPush(MainService.java:858)

W/System.err( 3458): 	at com.tencent.mobileqq.msf.sdk.MsfRespHandleUtil.handlePushMsg(MsfRespHandleUtil.java:187)

W/System.err( 3458): 	at mqq.app.MainService$2.run(MainService.java:486)

W/System.err( 3458): 	at java.lang.Thread.run(Thread.java:818)

W/Settings( 2506): Setting airplane_mode_on has moved from android.provider.Settings.System to android.provider.Settings.Global, returning read-only value.

D/WorkerThreadMonitor( 2506): Kill MSF check result[ senderSize:0,sendInterval:86199,receiveInterval=5467,addCmdCount=119

D/MSF.C.NetConnTag( 2506): netRecv ssoSeq:-1115552512 uin:*8736 cmd:BS08PTQ9FS85K34EOAgwKSIEIjsvKAgpLQ -1115552153 cross:0

I/MSF.S.AppProcessManager( 2506): SendToApp PUSH process:com.tencent.mobileqq fromServiceMsg: FromServiceMsg msName:onRecvPushMsg ssoSeq:-1115552512 serviceCmd:OnlinePush.PbPushGroupMsg appSeq:-1115552512 failCode:1000 cost=2 needBoot=true

I/troop_ext( 3458): onTroopReceiveOrSendMsg troopInfo is null or not eliminated. troopUin: 596217533

D/Q.msg.TroopMsgProxy( 3458): insertToList MessageRecord=friendUin:7533senderuin:0492,istroop:1,msgType:-1000,time:1557048577,shmsgseq:1560803

D/Q.unread.Proxy_UnreadMonitor( 3458): insertOrUpdateUnread update=--ConversationInfo--,shortUin:*7533,type:1,lastread:1558317,unreadCount:2453,unreadGiftCount:0,unreadRedPacketCount:0,unreadMark:0

D/MSF.C.NetConnTag( 2506): netRecv ssoSeq:-1115524824 uin:*8736 cmd:BS08PTQ9FS85K34EOAgwKSIEIjsvKAgpLQ -1115524465 cross:0

I/MSF.S.AppProcessManager( 2506): SendToApp PUSH process:com.tencent.mobileqq fromServiceMsg: FromServiceMsg msName:onRecvPushMsg ssoSeq:-1115524824 serviceCmd:OnlinePush.PbPushGroupMsg appSeq:-1115524824 failCode:1000 cost=4 needBoot=true

I/troop_ext( 3458): onTroopReceiveOrSendMsg troopInfo is null or not eliminated. troopUin: 495757025

D/Q.msg.TroopMsgProxy( 3458): insertToList MessageRecord=friendUin:7025senderuin:2739,istroop:1,msgType:-1000,time:1557048583,shmsgseq:1079219

D/Q.unread.Proxy_UnreadMonitor( 3458): insertOrUpdateUnread update=--ConversationInfo--,shortUin:*7025,type:1,lastread:1059427,unreadCount:19772,unreadGiftCount:0,unreadRedPacketCount:0,unreadMark:0

D/MSF.C.NetConnTag( 2506): netRecv ssoSeq:-1115523933 uin:*8736 cmd:BS08PTQ9FS85K34EOAgwKSIEIjsvKAgpLQ -1115523582 cross:0

I/MSF.S.AppProcessManager( 2506): SendToApp PUSH process:com.tencent.mobileqq fromServiceMsg: FromServiceMsg msName:onRecvPushMsg ssoSeq:-1115523933 serviceCmd:OnlinePush.PbPushGroupMsg appSeq:-1115523933 failCode:1000 cost=1 needBoot=true

I/troop_ext( 3458): onTroopReceiveOrSendMsg troopInfo is null or not eliminated. troopUin: 596217533

D/Q.msg.TroopMsgProxy( 3458): insertToList MessageRecord=friendUin:7533senderuin:0492,istroop:1,msgType:-1000,time:1557048583,shmsgseq:1560804

D/Q.unread.Proxy_UnreadMonitor( 3458): insertOrUpdateUnread update=--ConversationInfo--,shortUin:*7533,type:1,lastread:1558317,unreadCount:2454,unreadGiftCount:0,unreadRedPacketCount:0,unreadMark:0

D/MSF.C.NetConnTag( 2506): netRecv ssoSeq:-1115502042 uin:*8736 cmd:BS08PTQ9FS85K34EOAgwKSIEIjsvKAgpLQ -1115501691 cross:0

I/MSF.S.AppProcessManager( 2506): SendToApp PUSH process:com.tencent.mobileqq fromServiceMsg: FromServiceMsg msName:onRecvPushMsg ssoSeq:-1115502042 serviceCmd:OnlinePush.PbPushGroupMsg appSeq:-1115502042 failCode:1000 cost=4 needBoot=true

I/troop_ext( 3458): onTroopReceiveOrSendMsg troopInfo is null or not eliminated. troopUin: 495757025

D/Q.msg.TroopMsgProxy( 3458): insertToList MessageRecord=friendUin:7025senderuin:2739,istroop:1,msgType:-1000,time:1557048588,shmsgseq:1079220

D/Q.unread.Proxy_UnreadMonitor( 3458): insertOrUpdateUnread update=--ConversationInfo--,shortUin:*7025,type:1,lastread:1059427,unreadCount:19773,unreadGiftCount:0,unreadRedPacketCount:0,unreadMark:0

D/MSF.C.NetConnTag( 2506): netRecv ssoSeq:-1115481597 uin:*8736 cmd:BS08PTQ9FS85K34EOAgwKSIEIjsvKAgpLQ -1115481238 cross:0

I/MSF.S.AppProcessManager( 2506): SendToApp PUSH process:com.tencent.mobileqq fromServiceMsg: FromServiceMsg msName:onRecvPushMsg ssoSeq:-1115481597 serviceCmd:OnlinePush.PbPushGroupMsg appSeq:-1115481597 failCode:1000 cost=1 needBoot=true

I/troop_ext( 3458): onTroopReceiveOrSendMsg troopInfo is null or not eliminated. troopUin: 495757025

D/Q.msg.TroopMsgProxy( 3458): insertToList MessageRecord=friendUin:7025senderuin:2739,istroop:1,msgType:-1000,time:1557048593,shmsgseq:1079221

D/Q.unread.Proxy_UnreadMonitor( 3458): insertOrUpdateUnread update=--ConversationInfo--,shortUin:*7025,type:1,lastread:1059427,unreadCount:19774,unreadGiftCount:0,unreadRedPacketCount:0,unreadMark:0

D/MSF.C.NetConnTag( 2506): netRecv ssoSeq:-1115455823 uin:*8736 cmd:BS08PTQ9FS85K34EOAgwKSIEIjsvKAgpLQ -1115454880 cross:0

I/MSF.S.AppProcessManager( 2506): SendToApp PUSH process:com.tencent.mobileqq fromServiceMsg: FromServiceMsg msName:onRecvPushMsg ssoSeq:-1115455823 serviceCmd:OnlinePush.PbPushGroupMsg appSeq:-1115455823 failCode:1000 cost=1 needBoot=true

I/troop_ext( 3458): onTroopReceiveOrSendMsg troopInfo is null or not eliminated. troopUin: 596217533

D/Q.msg.TroopMsgProxy( 3458): insertToList MessageRecord=friendUin:7533senderuin:3004,istroop:1,msgType:-2000,time:1557048598,shmsgseq:1560805

D/Q.unread.Proxy_UnreadMonitor( 3458): insertOrUpdateUnread update=--ConversationInfo--,shortUin:*7533,type:1,lastread:1558317,unreadCount:2455,unreadGiftCount:0,unreadRedPacketCount:0,unreadMark:0

D/ProxyIpManagerImpl( 3458): Load local proxy ip failed, uin:*8736 type: 3 reason: not mobile network!

D/TicketManager( 3458): get ticket succ, stKey!

D/TicketManager( 3458): get ticket succ, st!

D/MSF.C.NetConnTag( 2506): netRecv ssoSeq:-1115441140 uin:*8736 cmd:BS08PTQ9FS85K34EOAgwKSIEIjsvKAgpLQ -1115440781 cross:0

I/MSF.S.AppProcessManager( 2506): SendToApp PUSH process:com.tencent.mobileqq fromServiceMsg: FromServiceMsg msName:onRecvPushMsg ssoSeq:-1115441140 serviceCmd:OnlinePush.PbPushGroupMsg appSeq:-1115441140 failCode:1000 cost=2 needBoot=true

I/troop_ext( 3458): onTroopReceiveOrSendMsg troopInfo is null or not eliminated. troopUin: 495757025

