D/Q.msg.TroopMsgProxy( 3458): insertToList MessageRecord=friendUin:7025senderuin:2739,istroop:1,msgType:-1000,time:1557048602,shmsgseq:1079222

D/Q.unread.Proxy_UnreadMonitor( 3458): insertOrUpdateUnread update=--ConversationInfo--,shortUin:*7025,type:1,lastread:1059427,unreadCount:19775,unreadGiftCount:0,unreadRedPacketCount:0,unreadMark:0

W/Settings( 2506): Setting airplane_mode_on has moved from android.provider.Settings.System to android.provider.Settings.Global, returning read-only value.

W/Settings( 2506): Setting airplane_mode_on has moved from android.provider.Settings.System to android.provider.Settings.Global, returning read-only value.

W/Settings( 2506): Setting airplane_mode_on has moved from android.provider.Settings.System to android.provider.Settings.Global, returning read-only value.

D/MSF.C.NetConnTag( 2506): netRecv ssoSeq:-1115439868 uin:*8736 cmd:BS08PTQ9FS85K34EOAgwKSIEIjsvKAgpLQ -1115439493 cross:0

I/MSF.S.AppProcessManager( 2506): SendToApp PUSH process:com.tencent.mobileqq fromServiceMsg: FromServiceMsg msName:onRecvPushMsg ssoSeq:-1115439868 serviceCmd:OnlinePush.PbPushGroupMsg appSeq:-1115439868 failCode:1000 cost=1 needBoot=true

I/troop_ext( 3458): onTroopReceiveOrSendMsg troopInfo is null or not eliminated. troopUin: 596217533

D/Q.msg.TroopMsgProxy( 3458): insertToList MessageRecord=friendUin:7533senderuin:0492,istroop:1,msgType:-1000,time:1557048602,shmsgseq:1560806

D/Q.unread.Proxy_UnreadMonitor( 3458): insertOrUpdateUnread update=--ConversationInfo--,shortUin:*7533,type:1,lastread:1558317,unreadCount:2456,unreadGiftCount:0,unreadRedPacketCount:0,unreadMark:0

D/MSF.C.NetConnTag( 2506): netRecv ssoSeq:-1115430114 uin:*8736 cmd:BS08PTQ9FS85K34EOAgwKSIEIjsvKAgpLQ -1115429539 cross:0

I/MSF.S.AppProcessManager( 2506): SendToApp PUSH process:com.tencent.mobileqq fromServiceMsg: FromServiceMsg msName:onRecvPushMsg ssoSeq:-1115430114 serviceCmd:OnlinePush.PbPushGroupMsg appSeq:-1115430114 failCode:1000 cost=0 needBoot=true

I/troop_ext( 3458): onTroopReceiveOrSendMsg troopInfo is null or not eliminated. troopUin: 495757025

D/Q.msg.TroopMsgProxy( 3458): insertToList MessageRecord=friendUin:7025senderuin:0711,istroop:1,msgType:-1049,time:1557048604,shmsgseq:1079223

D/Q.unread.Proxy_UnreadMonitor( 3458): insertOrUpdateUnread update=--ConversationInfo--,shortUin:*7025,type:1,lastread:1059427,unreadCount:19776,unreadGiftCount:0,unreadRedPacketCount:0,unreadMark:0

D/houdini (17936): [17936] Initialize library(version: 5.0.7b_x.48396 RELEASE)... successfully.

I/ActivityManager( 1748): Start proc 17936:com.tencent.mm:push/u0a31 for service com.tencent.mm/.booter.CoreService

D/houdini (17936): [17936] Added shared library /data/app/com.tencent.mm-1/lib/arm/libstlport_shared.so for ClassLoader by Native Bridge.

D/houdini (17936): [17936] Added shared library /data/app/com.tencent.mm-1/lib/arm/libc++_shared.so for ClassLoader by Native Bridge.

D/houdini (17936): [17936] Added shared library /data/app/com.tencent.mm-1/lib/arm/libwechatxlog.so for ClassLoader by Native Bridge.

E/ActivityThread(17936): Failed to find provider info for com.tencent.mm.coolassist.debugprovider

W/art     (17936): Verification of void com.tencent.mm.boot.svg.SVGPreload.load(com.tencent.mm.svg.a.e$a) took 135.638ms

D/houdini (17936): [17958] Added shared library /data/app/com.tencent.mm-1/lib/arm/libwechatnetwork.so for ClassLoader by Native Bridge.

D/houdini (17936): [17958] Added shared library /data/app/com.tencent.mm-1/lib/arm/libwechatnormsg.so for ClassLoader by Native Bridge.

D/houdini (17936): [17958] Added shared library /data/app/com.tencent.mm-1/lib/arm/libMMProtocalJni.so for ClassLoader by Native Bridge.

D/houdini (17936): [17936] Added shared library /data/app/com.tencent.mm-1/lib/arm/libappbrandcommon.so for ClassLoader by Native Bridge.

D/houdini (17936): [17936] Added shared library /data/app/com.tencent.mm-1/lib/arm/libYTCommon.so for ClassLoader by Native Bridge.

D/houdini (17936): [17936] Added shared library /data/app/com.tencent.mm-1/lib/arm/libnnpack.so for ClassLoader by Native Bridge.

D/houdini (17936): [17936] Added shared library /data/app/com.tencent.mm-1/lib/arm/libimage_filter_common.so for ClassLoader by Native Bridge.

D/houdini (17936): [17936] Added shared library /data/app/com.tencent.mm-1/lib/arm/libimage_filter_gpu.so for ClassLoader by Native Bridge.

D/WifiService( 1748): New client listening to asynchronous messages

D/houdini (17936): [17958] Added shared library /data/app/com.tencent.mm-1/lib/arm/libtencentloc.so for ClassLoader by Native Bridge.

D/BluetoothManagerService( 1748): Message: 20

D/BluetoothManagerService( 1748): Added callback: android.bluetooth.IBluetoothManagerCallback$Stub$Proxy@12b2d13e:true

W/art     (17936): Native thread exiting without having called DetachCurrentThread (maybe it's going to use a pthread_key_create destructor?): Thread[31,tid=17990,Native,Thread*=0xadc2e800,peer=0x13d510a0,"default"]

W/art     (17936): Attempt to remove local handle scope entry from IRT, ignoring

W/art     (17936): Native thread exiting without having called DetachCurrentThread (maybe it's going to use a pthread_key_create destructor?): Thread[31,tid=17991,Native,Thread*=0xa100bc00,peer=0x13d6d0a0,"default"]

D/XgStat  ( 2931): [XgStat(107): ProGuard:662] - sentEventList size:1

E/XgStat  ( 2931): [XgStat(107): ProGuard:190] - [http://pingma.qq.com:80/mstat/report/?index=1556535740]Send request(eventsize:1,269bytes), content:[{"ky":"Axg0","et":1000,"ui":"355757010301568","mc":"30:9C:23:BE:31:BA","ut":1,"ch":"xgsdk","mid":"b5d2b933b8a2f9916a3a739992bba7ea1d13d1d9","si":478195168,"cts":1557048617,"ts":1557048617,"sv":"3.1","dts":1,"ei":"SrvAck","kv":{"type":"0","busiMsgId":"0","msgId":"0"}}]

D/XgStat  ( 2661): [XgStat(102): ProGuard:662] - sentEventList size:1

E/XgStat  ( 2661): [XgStat(102): ProGuard:190] - [http://pingma.qq.com:80/mstat/report/?index=1556535741]Send request(eventsize:1,269bytes), content:[{"ky":"Axg0","et":1000,"ui":"355757010301568","mc":"30:9C:23:BE:31:BA","ut":1,"ch":"xgsdk","mid":"794af8451e6d89094f319aeaa29bcf29a70285c8","si":619044488,"cts":1557048617,"ts":1557048617,"sv":"3.1","dts":1,"ei":"SrvAck","kv":{"type":"0","busiMsgId":"0","msgId":"0"}}]

D/XgStat  ( 2661): [XgStat(102): ProGuard:662] - sentEventList size:1

E/XgStat  ( 2661): [XgStat(102): ProGuard:190] - [http://pingma.qq.com:80/mstat/report/?index=1556535742]Send request(eventsize:1,269bytes), content:[{"ky":"Axg0","et":1000,"ui":"355757010301568","mc":"30:9C:23:BE:31:BA","ut":1,"ch":"xgsdk","mid":"794af8451e6d89094f319aeaa29bcf29a70285c8","si":619044488,"cts":1557048617,"ts":1557048617,"sv":"3.1","dts":1,"ei":"SrvAck","kv":{"type":"0","busiMsgId":"0","msgId":"0"}}]

D/XgStat  ( 2931): [XgStat(107): ProGuard:662] - sentEventList size:1

E/XgStat  ( 2931): [XgStat(107): ProGuard:190] - [http://pingma.qq.com:80/mstat/report/?index=1556535741]Send request(eventsize:1,269bytes), content:[{"ky":"Axg0","et":1000,"ui":"355757010301568","mc":"30:9C:23:BE:31:BA","ut":1,"ch":"xgsdk","mid":"b5d2b933b8a2f9916a3a739992bba7ea1d13d1d9","si":478195168,"cts":1557048617,"ts":1557048617,"sv":"3.1","dts":1,"ei":"SrvAck","kv":{"type":"0","busiMsgId":"0","msgId":"0"}}]

W/art     (17936): Native thread exiting without having called DetachCurrentThread (maybe it's going to use a pthread_key_create destructor?): Thread[28,tid=17989,Native,Thread*=0xa100ac00,peer=0x13d410a0,"default"]

W/art     (17936): Native thread exiting without having called DetachCurrentThread (maybe it's going to use a pthread_key_create destructor?): Thread[28,tid=18001,Native,Thread*=0xa100ac00,peer=0x13d41520,"default"]

W/art     (17936): Native thread exiting without having called DetachCurrentThread (maybe it's going to use a pthread_key_create destructor?): Thread[30,tid=17987,Native,Thread*=0xadc2d400,peer=0x13d490a0,"default"]

W/art     (17936): Native thread exiting without having called DetachCurrentThread (maybe it's going to use a pthread_key_create destructor?): Thread[32,tid=18011,Native,Thread*=0xa100ac00,peer=0x13d8f0a0,"default"]

W/art     (17936): Native thread exiting without having called DetachCurrentThread (maybe it's going to use a pthread_key_create destructor?): Thread[32,tid=18015,Native,Thread*=0xa100bc00,peer=0x13d8f100,"default"]

W/art     (17936): Native thread exiting without having called DetachCurrentThread (maybe it's going to use a pthread_key_create destructor?): Thread[33,tid=18014,Native,Thread*=0xadc2e400,peer=0x13d910a0,"default"]

W/art     (17936): Native thread exiting without having called DetachCurrentThread (maybe it's going to use a pthread_key_create destructor?): Thread[32,tid=18012,Native,Thread*=0xa100ac00,peer=0x13d8f160,"default"]

D/MSF.C.NetConnTag( 2506): netRecv ssoSeq:-1115348639 uin:*8736 cmd:BS08PTQ9FS85K34EOAgwKSIEIjsvKAgpLQ -1115348264 cross:0

I/MSF.S.AppProcessManager( 2506): SendToApp PUSH process:com.tencent.mobileqq fromServiceMsg: FromServiceMsg msName:onRecvPushMsg ssoSeq:-1115348639 serviceCmd:OnlinePush.PbPushGroupMsg appSeq:-1115348639 failCode:1000 cost=3 needBoot=true

I/troop_ext( 3458): onTroopReceiveOrSendMsg troopInfo is null or not eliminated. troopUin: 495757025

D/Q.msg.TroopMsgProxy( 3458): insertToList MessageRecord=friendUin:7025senderuin:9433,istroop:1,msgType:-1000,time:1557048621,shmsgseq:1079224

D/Q.unread.Proxy_UnreadMonitor( 3458): insertOrUpdateUnread update=--ConversationInfo--,shortUin:*7025,type:1,lastread:1059427,unreadCount:19777,unreadGiftCount:0,unreadRedPacketCount:0,unreadMark:0

I/ActivityManager( 1748): Killing 16576:com.tencent.mm/u0a31 (adj 13): 99447k from cached

D/WifiService( 1748): Client connection lost with reason: 4

W/BroadcastQueue( 1748): Exception when sending broadcast to ComponentInfo{com.tencent.mm/com.tencent.mm.plugin.report.service.KVCommCrossProcessReceiver}

W/BroadcastQueue( 1748): android.os.DeadObjectException

W/BroadcastQueue( 1748): 	at android.os.BinderProxy.transactNative(Native Method)

W/BroadcastQueue( 1748): 	at android.os.BinderProxy.transact(Binder.java:496)

W/BroadcastQueue( 1748): 	at android.app.ApplicationThreadProxy.scheduleReceiver(ApplicationThreadNative.java:861)

W/BroadcastQueue( 1748): 	at com.android.server.am.BroadcastQueue.processCurBroadcastLocked(BroadcastQueue.java:245)

W/BroadcastQueue( 1748): 	at com.android.server.am.BroadcastQueue.processNextBroadcast(BroadcastQueue.java:936)

W/BroadcastQueue( 1748): 	at com.android.server.am.BroadcastQueue$BroadcastHandler.handleMessage(BroadcastQueue.java:149)

W/BroadcastQueue( 1748): 	at android.os.Handler.dispatchMessage(Handler.java:102)

W/BroadcastQueue( 1748): 	at android.os.Looper.loop(Looper.java:135)

W/BroadcastQueue( 1748): 	at android.os.HandlerThread.run(HandlerThread.java:61)

W/BroadcastQueue( 1748): 	at com.android.server.ServiceThread.run(ServiceThread.java:46)

W/libprocessgroup( 1748): failed to open /acct/uid_10031/pid_16576/cgroup.procs: No such file or directory

D/houdini (18019): [18019] Initialize library(version: 5.0.7b_x.48396 RELEASE)... successfully.

I/ActivityManager( 1748): Start proc 18019:com.tencent.mm/u0a31 for broadcast com.tencent.mm/.plugin.report.service.KVCommCrossProcessReceiver

W/ActivityManager( 1748): Spurious death for ProcessRecord{28fc0e19 18019:com.tencent.mm/u0a31}, curProc for 16576: null

W/art     (17936): Native thread exiting without having called DetachCurrentThread (maybe it's going to use a pthread_key_create destructor?): Thread[28,tid=18009,Native,Thread*=0xa1009000,peer=0x32c074c0,"default"]

W/art     (17936): Native thread exiting without having called DetachCurrentThread (maybe it's going to use a pthread_key_create destructor?): Thread[30,tid=18007,Native,Thread*=0xadc2d400,peer=0x32c07520,"default"]

W/art     (17936): Native thread exiting without having called DetachCurrentThread (maybe it's going to use a pthread_key_create destructor?): Thread[28,tid=18036,Native,Thread*=0xa1009c00,peer=0x3376ab80,"default"]

W/art     (17936): Native thread exiting without having called DetachCurrentThread (maybe it's going to use a pthread_key_create destructor?): Thread[28,tid=18034,Native,Thread*=0xadc2d400,peer=0x3376ad60,"default"]

I/Process (17936): Sending signal. PID: 17936 SIG: 9

D/WifiService( 1748): Client connection lost with reason: 4

I/ActivityManager( 1748): Process com.tencent.mm:push (pid 17936) has died

D/houdini (18019): [18019] Added shared library /data/app/com.tencent.mm-1/lib/arm/libstlport_shared.so for ClassLoader by Native Bridge.

D/houdini (18019): [18019] Added shared library /data/app/com.tencent.mm-1/lib/arm/libc++_shared.so for ClassLoader by Native Bridge.

D/houdini (18019): [18019] Added shared library /data/app/com.tencent.mm-1/lib/arm/libwechatxlog.so for ClassLoader by Native Bridge.

E/ActivityThread(18019): Failed to find provider info for com.tencent.mm.coolassist.debugprovider

W/art     (18019): Verification of void com.tencent.mm.boot.svg.SVGPreload.load(com.tencent.mm.svg.a.e$a) took 143.128ms

I/VFS.FileSystemManager(18019): Static environment:

I/VFS.FileSystemManager(18019):   storage => /storage/emulated/0

I/VFS.FileSystemManager(18019):   extCache => /storage/emulated/0/Android/data/com.tencent.mm/cache

I/VFS.FileSystemManager(18019):   dataCache => /data/data/com.tencent.mm/cache

I/VFS.FileSystemManager(18019):   extData => /storage/emulated/0/Android/data/com.tencent.mm

I/VFS.FileSystemManager(18019):   data => /data/data/com.tencent.mm

I/VFS.FileSystemManager(18019): File system configuration changed:

I/VFS.FileSystemManager(18019): [CLEAN ALL]

D/houdini (18019): [18057] Added shared library /data/app/com.tencent.mm-1/lib/arm/libmatrixmrs.so for ClassLoader by Native Bridge.

D/houdini (18019): [18055] Added shared library /data/app/com.tencent.mm-1/lib/arm/libwcdb.so for ClassLoader by Native Bridge.

I/WCDB    (18019): Initialize JNI module (1/11) CursorWindow...

V/WCDB.JNIHelp(18019): Registering com/tencent/wcdb/CursorWindow natives

I/WCDB    (18019): Initialize JNI module (2/11) FileUtils...

V/WCDB.JNIHelp(18019): Registering com/tencent/wcdb/FileUtils natives

I/WCDB    (18019): Initialize JNI module (3/11) ChunkedCursorWindow...

V/WCDB.JNIHelp(18019): Registering com/tencent/wcdb/database/ChunkedCursorWindow natives

V/WCDB.JNIHelp(18019): Registering com/tencent/wcdb/database/SQLiteAsyncQuery natives

I/WCDB    (18019): Initialize JNI module (4/11) SQLiteConnection...

I/WCDB    (18019): Initialize JNI module (5/11) SQLiteDebug...

V/WCDB.JNIHelp(18019): Registering com/tencent/wcdb/database/SQLiteDebug natives

I/WCDB    (18019): Initialize JNI module (6/11) SQLiteDirectCursor...

V/WCDB.JNIHelp(18019): Registering com/tencent/wcdb/database/SQLiteDirectQuery natives

I/WCDB    (18019): Initialize JNI module (7/11) SQLiteGlobal...

V/WCDB.JNIHelp(18019): Registering com/tencent/wcdb/database/SQLiteGlobal natives

I/WCDB    (18019): Initialize JNI module (8/11) DBBackup...

V/WCDB.JNIHelp(18019): Registering com/tencent/wcdb/repair/BackupKit natives

V/WCDB.JNIHelp(18019): Registering com/tencent/wcdb/repair/RecoverKit natives

I/WCDB    (18019): Initialize JNI module (9/11) DBDumpUtil...

V/WCDB.JNIHelp(18019): Registering com/tencent/wcdb/repair/DBDumpUtil natives

I/WCDB    (18019): Initialize JNI module (10/11) DBRepair...

V/WCDB.JNIHelp(18019): Registering com/tencent/wcdb/repair/RepairKit$RepairCursor natives

I/WCDB    (18019): Initialize JNI module (11/11) Log...

V/WCDB.JNIHelp(18019): Registering com/tencent/wcdb/support/Log natives

D/houdini (18019): [18069] Added shared library /data/app/com.tencent.mm-1/lib/arm/libhardcoder.so for ClassLoader by Native Bridge.

E/art     (18019): No implementation found for java.util.ArrayList com.tencent.mars.smc.SmcLogic.getLoadLibraries() (tried Java_com_tencent_mars_smc_SmcLogic_getLoadLibraries and Java_com_tencent_mars_smc_SmcLogic_getLoadLibraries__)

D/houdini (18019): [18055] Added shared library /data/app/com.tencent.mm-1/lib/arm/libwechatmm.so for ClassLoader by Native Bridge.

D/houdini (18019): [18056] Added shared library /data/app/com.tencent.mm-1/lib/arm/libwechatnormsg.so for ClassLoader by Native Bridge.

D/houdini (18019): [18057] Added shared library /data/app/com.tencent.mm-1/lib/arm/libcommonimgdec.so for ClassLoader by Native Bridge.

D/houdini (18019): [18057] Added shared library /data/app/com.tencent.mm-1/lib/arm/libwechatcommon.so for ClassLoader by Native Bridge.

I/art     (18019): Rejecting re-init on previously-failed class java.lang.Class<com.tencent.tinker.lib.util.TinkerJobIntentService$f>

I/art     (18019): Rejecting re-init on previously-failed class java.lang.Class<com.tencent.tinker.lib.util.TinkerJobIntentService$f>

D/houdini (18019): [18055] Added shared library /data/app/com.tencent.mm-1/lib/arm/libMMProtocalJni.so for ClassLoader by Native Bridge.

D/houdini (18019): [18057] Added shared library /data/app/com.tencent.mm-1/lib/arm/libwechatvoicereco.so for ClassLoader by Native Bridge.

D/houdini (18019): [18055] Added shared library /data/app/com.tencent.mm-1/lib/arm/libtxmapengine.so for ClassLoader by Native Bridge.

D/houdini (18019): [18057] Added shared library /data/app/com.tencent.mm-1/lib/arm/libtencentloc.so for ClassLoader by Native Bridge.

D/houdini (18019): [18056] Added shared library /data/app/com.tencent.mm-1/lib/arm/libFFmpeg.so for ClassLoader by Native Bridge.

D/houdini (18019): [18056] Added shared library /data/app/com.tencent.mm-1/lib/arm/libwechatpack.so for ClassLoader by Native Bridge.

D/houdini (18019): [18056] Added shared library /data/app/com.tencent.mm-1/lib/arm/libwechatsight_v7a.so for ClassLoader by Native Bridge.

D/houdini (18019): [18054] Added shared library /data/app/com.tencent.mm-1/lib/arm/libappbrandcommon.so for ClassLoader by Native Bridge.

D/houdini (18019): [18054] Added shared library /data/app/com.tencent.mm-1/lib/arm/libYTCommon.so for ClassLoader by Native Bridge.

D/houdini (18019): [18054] Added shared library /data/app/com.tencent.mm-1/lib/arm/libnnpack.so for ClassLoader by Native Bridge.

D/houdini (18019): [18054] Added shared library /data/app/com.tencent.mm-1/lib/arm/libimage_filter_common.so for ClassLoader by Native Bridge.

D/houdini (18019): [18054] Added shared library /data/app/com.tencent.mm-1/lib/arm/libimage_filter_gpu.so for ClassLoader by Native Bridge.

D/WifiService( 1748): New client listening to asynchronous messages

D/BluetoothManagerService( 1748): Message: 20

D/BluetoothManagerService( 1748): Added callback: android.bluetooth.IBluetoothManagerCallback$Stub$Proxy@1e8b5a9b:true

V/XBMC    (18019): detaching thread

D/MSF.C.NetConnTag( 2506): netRecv ssoSeq:-1115289500 uin:*8736 cmd:BS08PTQ9FS85K34EOAgwKSIEIjsvKAgpLQ -1115288573 cross:0

I/MSF.S.AppProcessManager( 2506): SendToApp PUSH process:com.tencent.mobileqq fromServiceMsg: FromServiceMsg msName:onRecvPushMsg ssoSeq:-1115289500 serviceCmd:OnlinePush.PbPushGroupMsg appSeq:-1115289500 failCode:1000 cost=0 needBoot=true

I/troop_ext( 3458): onTroopReceiveOrSendMsg troopInfo is null or not eliminated. troopUin: 495757025

W/System.err( 3458): java.lang.NumberFormatException: Invalid int: ""

W/System.err( 3458): 	at java.lang.Integer.invalidInt(Integer.java:138)

W/System.err( 3458): 	at java.lang.Integer.parseInt(Integer.java:358)

W/System.err( 3458): 	at java.lang.Integer.parseInt(Integer.java:334)

W/System.err( 3458): 	at com.tencent.mobileqq.data.MessageForMixedMsg.doParse(ProGuard:290)

W/System.err( 3458): 	at com.tencent.mobileqq.data.ChatMessage.parse(ProGuard:104)

W/System.err( 3458): 	at com.tencent.mobileqq.data.MessageForMixedMsg.parse(ProGuard:72)

W/System.err( 3458): 	at com.tencent.mobileqq.service.message.MessageProtoCodec.a(ProGuard:2629)

W/System.err( 3458): 	at com.tencent.mobileqq.service.message.MessagePBElemDecoder.b(ProGuard:3200)

W/System.err( 3458): 	at com.tencent.mobileqq.service.message.MessageProtoCodec.a(ProGuard:2422)

W/System.err( 3458): 	at com.tencent.mobileqq.service.message.MessageProtoCodec.a(ProGuard:2332)

W/System.err( 3458): 	at com.tencent.mobileqq.app.message.BaseMessageProcessorForTroopAndDisc.a(ProGuard:221)

W/System.err( 3458): 	at com.tencent.mobileqq.troop.data.TroopMessageProcessor.a(ProGuard:764)

W/System.err( 3458): 	at com.tencent.mobileqq.troop.data.TroopMessageProcessor.a(ProGuard:137)

W/System.err( 3458): 	at com.tencent.mobileqq.app.MessageHandler.h(ProGuard:2932)

W/System.err( 3458): 	at com.tencent.mobileqq.app.MessageHandler.a(ProGuard:4490)

W/System.err( 3458): 	at com.tencent.mobileqq.service.MobileQQServiceBase.a(ProGuard:309)

W/System.err( 3458): 	at com.tencent.mobileqq.service.MobileQQService.a(ProGuard:757)

W/System.err( 3458): 	at com.tencent.mobileqq.app.QQAppInterface.a(ProGuard:10455)

W/System.err( 3458): 	at com.tencent.mobileqq.compatible.TempServlet.onReceive(ProGuard:52)

W/System.err( 3458): 	at mqq.app.MSFServlet.onReceive(MSFServlet.java:39)

W/System.err( 3458): 	at mqq.app.ServletContainer.notifyMSFServlet(ServletContainer.java:138)

W/System.err( 3458): 	at mqq.app.MainService.receiveMessageFromMSF(MainService.java:281)

W/System.err( 3458): 	at mqq.app.MainService.access$300(MainService.java:70)

W/System.err( 3458): 	at mqq.app.MainService$5.onRecvCmdPush(MainService.java:858)

W/System.err( 3458): 	at com.tencent.mobileqq.msf.sdk.MsfRespHandleUtil.handlePushMsg(MsfRespHandleUtil.java:187)

W/System.err( 3458): 	at mqq.app.MainService$2.run(MainService.java:486)

W/System.err( 3458): 	at java.lang.Thread.run(Thread.java:818)

D/Q.msg.TroopMsgProxy( 3458): insertToList MessageRecord=friendUin:7025senderuin:3054,istroop:1,msgType:-1035,time:1557048634,shmsgseq:1079225

D/Q.unread.Proxy_UnreadMonitor( 3458): insertOrUpdateUnread update=--ConversationInfo--,shortUin:*7025,type:1,lastread:1059427,unreadCount:19778,unreadGiftCount:0,unreadRedPacketCount:0,unreadMark:0

W/System.err( 3458): java.lang.NumberFormatException: Invalid int: ""

W/System.err( 3458): 	at java.lang.Integer.invalidInt(Integer.java:138)

W/System.err( 3458): 	at java.lang.Integer.parseInt(Integer.java:358)

W/System.err( 3458): 	at java.lang.Integer.parseInt(Integer.java:334)

W/System.err( 3458): 	at com.tencent.mobileqq.data.MessageForMixedMsg.doParse(ProGuard:290)

W/System.err( 3458): 	at com.tencent.mobileqq.data.ChatMessage.parse(ProGuard:104)

W/System.err( 3458): 	at com.tencent.mobileqq.data.MessageForMixedMsg.parse(ProGuard:72)

W/System.err( 3458): 	at com.tencent.mobileqq.app.message.BaseMessageManager.a(ProGuard:1221)

W/System.err( 3458): 	at com.tencent.mobileqq.app.message.BaseMessageManager.a(ProGuard:1040)

W/System.err( 3458): 	at com.tencent.mobileqq.app.message.QQMessageFacade.a(ProGuard:2043)

W/System.err( 3458): 	at com.tencent.mobileqq.app.message.QQMessageFacade.a(ProGuard:1041)

W/System.err( 3458): 	at com.tencent.mobileqq.app.message.QQMessageFacade.a(ProGuard:842)

W/System.err( 3458): 	at com.tencent.mobileqq.troop.data.TroopMessageProcessor.a(ProGuard:954)

W/System.err( 3458): 	at com.tencent.mobileqq.troop.data.TroopMessageProcessor.a(ProGuard:137)

W/System.err( 3458): 	at com.tencent.mobileqq.app.MessageHandler.h(ProGuard:2932)

W/System.err( 3458): 	at com.tencent.mobileqq.app.MessageHandler.a(ProGuard:4490)

W/System.err( 3458): 	at com.tencent.mobileqq.service.MobileQQServiceBase.a(ProGuard:309)

W/System.err( 3458): 	at com.tencent.mobileqq.service.MobileQQService.a(ProGuard:757)

W/System.err( 3458): 	at com.tencent.mobileqq.app.QQAppInterface.a(ProGuard:10455)

W/System.err( 3458): 	at com.tencent.mobileqq.compatible.TempServlet.onReceive(ProGuard:52)

W/System.err( 3458): 	at mqq.app.MSFServlet.onReceive(MSFServlet.java:39)

W/System.err( 3458): 	at mqq.app.ServletContainer.notifyMSFServlet(ServletContainer.java:138)

W/System.err( 3458): 	at mqq.app.MainService.receiveMessageFromMSF(MainService.java:281)

W/System.err( 3458): 	at mqq.app.MainService.access$300(MainService.java:70)

W/System.err( 3458): 	at mqq.app.MainService$5.onRecvCmdPush(MainService.java:858)

W/System.err( 3458): 	at com.tencent.mobileqq.msf.sdk.MsfRespHandleUtil.handlePushMsg(MsfRespHandleUtil.java:187)

W/System.err( 3458): 	at mqq.app.MainService$2.run(MainService.java:486)

W/System.err( 3458): 	at java.lang.Thread.run(Thread.java:818)

D/WorkerThreadMonitor( 2506): Kill MSF check result[ senderSize:0,sendInterval:146201,receiveInterval=1100,addCmdCount=119

W/Settings( 2506): Setting airplane_mode_on has moved from android.provider.Settings.System to android.provider.Settings.Global, returning read-only value.

D/MSF.C.NetConnTag( 2506): netRecv ssoSeq:-1115263296 uin:*8736 cmd:BS08PTQ9FS85K34EOAgwKSIEIjsvKAgpLQ -1115262857 cross:0

I/MSF.S.AppProcessManager( 2506): SendToApp PUSH process:com.tencent.mobileqq fromServiceMsg: FromServiceMsg msName:onRecvPushMsg ssoSeq:-1115263296 serviceCmd:OnlinePush.PbPushGroupMsg appSeq:-1115263296 failCode:1000 cost=1 needBoot=true

I/troop_ext( 3458): onTroopReceiveOrSendMsg troopInfo is null or not eliminated. troopUin: 495757025

D/Q.msg.TroopMsgProxy( 3458): insertToList MessageRecord=friendUin:7025senderuin:1721,istroop:1,msgType:-1000,time:1557048640,shmsgseq:1079226

D/Q.unread.Proxy_UnreadMonitor( 3458): insertOrUpdateUnread update=--ConversationInfo--,shortUin:*7025,type:1,lastread:1059427,unreadCount:19779,unreadGiftCount:0,unreadRedPacketCount:0,unreadMark:0

D/MSF.C.NetConnTag( 2506): netRecv ssoSeq:-1115235557 uin:*8736 cmd:BS08PTQ9FS85K34EOAgwKSIEIjsvKAgpLQ -1115235174 cross:0

I/MSF.S.AppProcessManager( 2506): SendToApp PUSH process:com.tencent.mobileqq fromServiceMsg: FromServiceMsg msName:onRecvPushMsg ssoSeq:-1115235557 serviceCmd:OnlinePush.PbPushGroupMsg appSeq:-1115235557 failCode:1000 cost=1 needBoot=true

I/troop_ext( 3458): onTroopReceiveOrSendMsg troopInfo is null or not eliminated. troopUin: 495757025

D/Q.msg.TroopMsgProxy( 3458): insertToList MessageRecord=friendUin:7025senderuin:3054,istroop:1,msgType:-1000,time:1557048646,shmsgseq:1079227

D/Q.unread.Proxy_UnreadMonitor( 3458): insertOrUpdateUnread update=--ConversationInfo--,shortUin:*7025,type:1,lastread:1059427,unreadCount:19780,unreadGiftCount:0,unreadRedPacketCount:0,unreadMark:0

D/MSF.C.NetConnTag( 2506): netRecv ssoSeq:-1115212190 uin:*8736 cmd:BS08PTQ9FS85K34EOAgwKSIEIjsvKAgpLQ -1115211831 cross:0

I/troop_ext( 3458): onTroopReceiveOrSendMsg troopInfo is null or not eliminated. troopUin: 596217533

I/MSF.S.AppProcessManager( 2506): SendToApp PUSH process:com.tencent.mobileqq fromServiceMsg: FromServiceMsg msName:onRecvPushMsg ssoSeq:-1115212190 serviceCmd:OnlinePush.PbPushGroupMsg appSeq:-1115212190 failCode:1000 cost=4 needBoot=true

D/Q.msg.TroopMsgProxy( 3458): insertToList MessageRecord=friendUin:7533senderuin:0492,istroop:1,msgType:-1000,time:1557048651,shmsgseq:1560807

D/Q.unread.Proxy_UnreadMonitor( 3458): insertOrUpdateUnread update=--ConversationInfo--,shortUin:*7533,type:1,lastread:1558317,unreadCount:2457,unreadGiftCount:0,unreadRedPacketCount:0,unreadMark:0

D/MSF.C.NetConnTag( 2506): netRecv ssoSeq:-1115180544 uin:*8736 cmd:BS08PTQ9FS85K34EOAgwKSIEIjsvKAgpLQ -1115180153 cross:0

I/MSF.S.AppProcessManager( 2506): SendToApp PUSH process:com.tencent.mobileqq fromServiceMsg: FromServiceMsg msName:onRecvPushMsg ssoSeq:-1115180544 serviceCmd:OnlinePush.PbPushGroupMsg appSeq:-1115180544 failCode:1000 cost=0 needBoot=true

D/GuardManager( 2506): prestart 3, 1557048657347, 1557048564256, 720000, true, true, 1557048564256

I/troop_ext( 3458): onTroopReceiveOrSendMsg troopInfo is null or not eliminated. troopUin: 495757025

D/Q.msg.TroopMsgProxy( 3458): insertToList MessageRecord=friendUin:7025senderuin:9433,istroop:1,msgType:-1000,time:1557048657,shmsgseq:1079228

D/Q.unread.Proxy_UnreadMonitor( 3458): insertOrUpdateUnread update=--ConversationInfo--,shortUin:*7025,type:1,lastread:1059427,unreadCount:19781,unreadGiftCount:0,unreadRedPacketCount:0,unreadMark:0

D/GuardManager( 2506): onEvent:2, 720000, 0

W/Settings( 2506): Setting airplane_mode_on has moved from android.provider.Settings.System to android.provider.Settings.Global, returning read-only value.

W/Settings( 2506): Setting airplane_mode_on has moved from android.provider.Settings.System to android.provider.Settings.Global, returning read-only value.

D/MSF.C.NetConnTag( 2506): netRecv ssoSeq:-1115140835 uin:*8736 cmd:BS08PTQ9FS85K34EOAgwKSIEIjsvKAgpLQ -1115140428 cross:0

I/MSF.S.AppProcessManager( 2506): SendToApp PUSH process:com.tencent.mobileqq fromServiceMsg: FromServiceMsg msName:onRecvPushMsg ssoSeq:-1115140835 serviceCmd:OnlinePush.PbPushGroupMsg appSeq:-1115140835 failCode:1000 cost=1 needBoot=true

I/troop_ext( 3458): onTroopReceiveOrSendMsg troopInfo is null or not eliminated. troopUin: 495757025

D/Q.msg.TroopMsgProxy( 3458): insertToList MessageRecord=friendUin:7025senderuin:3054,istroop:1,msgType:-1000,time:1557048666,shmsgseq:1079229

D/Q.unread.Proxy_UnreadMonitor( 3458): insertOrUpdateUnread update=--ConversationInfo--,shortUin:*7025,type:1,lastread:1059427,unreadCount:19782,unreadGiftCount:0,unreadRedPacketCount:0,unreadMark:0

D/MSF.C.NetConnTag( 2506): netRecv ssoSeq:-1115114400 uin:*8736 cmd:BS08PTQ9FS85K34GPykVLzkr -1115114025 cross:0

I/MSF.S.AppProcessManager( 2506): SendToApp PUSH process:com.tencent.mobileqq fromServiceMsg: FromServiceMsg msName:onRecvPushMsg ssoSeq:-1115114400 serviceCmd:OnlinePush.ReqPush appSeq:-1115114400 failCode:1000 cost=1 needBoot=true

D/Q.unread.Proxy_UnreadMonitor( 3458): insertOrUpdateUnread update=--ConversationInfo--,shortUin:*7025,type:1,lastread:1059427,unreadCount:19781,unreadGiftCount:0,unreadRedPacketCount:0,unreadMark:0

D/Q.msg.TroopMsgProxy( 3458): insertToList MessageRecord=friendUin:7025senderuin:3054,istroop:1,msgType:-5040,time:1557048634,shmsgseq:1079225

D/ReadInJoyHelper( 3458): canInMessageList,uin:3434959637,isKandianTab:true,dailyKDTime:9223372036854775807,subKDTime:0,canShow:true ,error :

D/BadgeUtils_UnreadMonitor( 3458): setBadge limit: 999, count: 34

D/CommonBadgeUtilImpl( 3458): setBadge count=34|forceSet=false

D/MSF.C.NetConnTag( 2506): pa ok: 48718

D/MSF.C.NetConnTag( 2506): netSend ssoSeq:48718 uin:*8736 cmd:BS08PTQ9FS85K34GPys1Cj8wOA 48921 27fd6c31

D/MSF.C.NetConnTag( 2506): netRecv ssoSeq:-1115105202 uin:*8736 cmd:BS08PTQ9FS85K34EOAgwKSIEIjsvKAgpLQ -1115104339 cross:0

I/MSF.S.AppProcessManager( 2506): SendToApp PUSH process:com.tencent.mobileqq fromServiceMsg: FromServiceMsg msName:onRecvPushMsg ssoSeq:-1115105202 serviceCmd:OnlinePush.PbPushGroupMsg appSeq:-1115105202 failCode:1000 cost=1 needBoot=true

I/troop_ext( 3458): onTroopReceiveOrSendMsg troopInfo is null or not eliminated. troopUin: 495757025

D/Q.msg.TroopMsgProxy( 3458): insertToList MessageRecord=friendUin:7025senderuin:9433,istroop:1,msgType:-2011,time:1557048673,shmsgseq:1079230

D/Q.unread.Proxy_UnreadMonitor( 3458): insertOrUpdateUnread update=--ConversationInfo--,shortUin:*7025,type:1,lastread:1059427,unreadCount:19782,unreadGiftCount:0,unreadRedPacketCount:0,unreadMark:0

D/MSF.C.NetConnTag( 2506): netRecv ssoSeq:-1115100465 uin:*8736 cmd:BS08PTQ9FS85K34GPykVLzkr -1115100090 cross:0

I/MSF.S.AppProcessManager( 2506): SendToApp PUSH process:com.tencent.mobileqq fromServiceMsg: FromServiceMsg msName:onRecvPushMsg ssoSeq:-1115100465 serviceCmd:OnlinePush.ReqPush appSeq:-1115100465 failCode:1000 cost=1 needBoot=true

D/Q.unread.Proxy_UnreadMonitor( 3458): insertOrUpdateUnread update=--ConversationInfo--,shortUin:*7025,type:1,lastread:1059427,unreadCount:19781,unreadGiftCount:0,unreadRedPacketCount:0,unreadMark:0

D/Q.msg.TroopMsgProxy( 3458): insertToList MessageRecord=friendUin:7025senderuin:3054,istroop:1,msgType:-5040,time:1557048646,shmsgseq:1079227

D/ReadInJoyHelper( 3458): canInMessageList,uin:3434959637,isKandianTab:true,dailyKDTime:9223372036854775807,subKDTime:0,canShow:true ,error :

D/MSF.C.NetConnTag( 2506): pa ok: 48719

D/MSF.C.NetConnTag( 2506): netSend ssoSeq:48719 uin:*8736 cmd:BS08PTQ9FS85K34GPys1Cj8wOA 48922 27fd6c31

D/BadgeUtils_UnreadMonitor( 3458): setBadge limit: 999, count: 34

D/CommonBadgeUtilImpl( 3458): setBadge count=34|forceSet=false

D/MSF.C.NetConnTag( 2506): netRecv ssoSeq:-1115089365 uin:*8736 cmd:BS08PTQ9FS85K34EOAgwKSIEIjsvKAgpLQ -1115088990 cross:0

I/MSF.S.AppProcessManager( 2506): SendToApp PUSH process:com.tencent.mobileqq fromServiceMsg: FromServiceMsg msName:onRecvPushMsg ssoSeq:-1115089365 serviceCmd:OnlinePush.PbPushGroupMsg appSeq:-1115089365 failCode:1000 cost=0 needBoot=true

I/troop_ext( 3458): onTroopReceiveOrSendMsg troopInfo is null or not eliminated. troopUin: 495757025

D/Q.msg.TroopMsgProxy( 3458): insertToList MessageRecord=friendUin:7025senderuin:9433,istroop:1,msgType:-1000,time:1557048677,shmsgseq:1079231

D/Q.unread.Proxy_UnreadMonitor( 3458): insertOrUpdateUnread update=--ConversationInfo--,shortUin:*7025,type:1,lastread:1059427,unreadCount:19782,unreadGiftCount:0,unreadRedPacketCount:0,unreadMark:0

D/MSF.C.NetConnTag( 2506): netRecv ssoSeq:-1115053705 uin:*8736 cmd:BS08PTQ9FS85K34EOAgwKSIEIjsvKAgpLQ -1115053338 cross:0

I/MSF.S.AppProcessManager( 2506): SendToApp PUSH process:com.tencent.mobileqq fromServiceMsg: FromServiceMsg msName:onRecvPushMsg ssoSeq:-1115053705 serviceCmd:OnlinePush.PbPushGroupMsg appSeq:-1115053705 failCode:1000 cost=0 needBoot=true

I/troop_ext( 3458): onTroopReceiveOrSendMsg troopInfo is null or not eliminated. troopUin: 495757025

D/Q.msg.TroopMsgProxy( 3458): insertToList MessageRecord=friendUin:7025senderuin:9433,istroop:1,msgType:-1000,time:1557048685,shmsgseq:1079232

D/Q.unread.Proxy_UnreadMonitor( 3458): insertOrUpdateUnread update=--ConversationInfo--,shortUin:*7025,type:1,lastread:1059427,unreadCount:19783,unreadGiftCount:0,unreadRedPacketCount:0,unreadMark:0

D/houdini (18117): [18117] Initialize library(version: 5.0.7b_x.48396 RELEASE)... successfully.

I/ActivityManager( 1748): Start proc 18117:com.tencent.mm:push/u0a31 for service com.tencent.mm/.booter.CoreService

I/art     ( 1460): Explicit concurrent mark sweep GC freed 707(30KB) AllocSpace objects, 0(0B) LOS objects, 66% free, 4MB/12MB, paused 65us total 4.754ms

I/art     ( 1460): Explicit concurrent mark sweep GC freed 7(240B) AllocSpace objects, 0(0B) LOS objects, 66% free, 4MB/12MB, paused 168us total 4.926ms

I/art     ( 1460): Explicit concurrent mark sweep GC freed 5(160B) AllocSpace objects, 0(0B) LOS objects, 66% free, 4MB/12MB, paused 122us total 6.262ms

D/MSF.C.NetConnTag( 2506): pa ok: 48720

D/MSF.C.NetConnTag( 2506): netSend ssoSeq:48720 uin:*8736 cmd:GTcxIAkuJnQZKj0kNj0CPz4 48803 27fd6c31

D/MSF.C.NetConnTag( 2506): netRecv ssoSeq:48720 uin:*8736 cmd:GTcxIAkuJnQZKj0kNj0CPz4 48831 cross:0

D/MSF.C.NetConnTag( 2506): netRecv ssoSeq:-1115022669 uin:*8736 cmd:BS08PTQ9FS85K34EOAgwKSIEIjsvKAgpLQ -1115021622 cross:0

I/MSF.S.AppProcessManager( 2506): SendToApp PUSH process:com.tencent.mobileqq fromServiceMsg: FromServiceMsg msName:onRecvPushMsg ssoSeq:-1115022669 serviceCmd:OnlinePush.PbPushGroupMsg appSeq:-1115022669 failCode:1000 cost=4 needBoot=true

I/troop_ext( 3458): onTroopReceiveOrSendMsg troopInfo is null or not eliminated. troopUin: 495757025

W/System.err( 3458): java.lang.NumberFormatException: Invalid int: ""

W/System.err( 3458): 	at java.lang.Integer.invalidInt(Integer.java:138)

W/System.err( 3458): 	at java.lang.Integer.parseInt(Integer.java:358)

W/System.err( 3458): 	at java.lang.Integer.parseInt(Integer.java:334)

W/System.err( 3458): 	at com.tencent.mobileqq.data.MessageForMixedMsg.doParse(ProGuard:290)

W/System.err( 3458): 	at com.tencent.mobileqq.data.ChatMessage.parse(ProGuard:104)

W/System.err( 3458): 	at com.tencent.mobileqq.data.MessageForMixedMsg.parse(ProGuard:72)

W/System.err( 3458): 	at com.tencent.mobileqq.service.message.MessageProtoCodec.a(ProGuard:2629)

W/System.err( 3458): 	at com.tencent.mobileqq.service.message.MessagePBElemDecoder.b(ProGuard:3200)

W/System.err( 3458): 	at com.tencent.mobileqq.service.message.MessageProtoCodec.a(ProGuard:2422)

W/System.err( 3458): 	at com.tencent.mobileqq.service.message.MessageProtoCodec.a(ProGuard:2332)

W/System.err( 3458): 	at com.tencent.mobileqq.app.message.BaseMessageProcessorForTroopAndDisc.a(ProGuard:221)

W/System.err( 3458): 	at com.tencent.mobileqq.troop.data.TroopMessageProcessor.a(ProGuard:764)

W/System.err( 3458): 	at com.tencent.mobileqq.troop.data.TroopMessageProcessor.a(ProGuard:137)

W/System.err( 3458): 	at com.tencent.mobileqq.app.MessageHandler.h(ProGuard:2932)

W/System.err( 3458): 	at com.tencent.mobileqq.app.MessageHandler.a(ProGuard:4490)

W/System.err( 3458): 	at com.tencent.mobileqq.service.MobileQQServiceBase.a(ProGuard:309)

W/System.err( 3458): 	at com.tencent.mobileqq.service.MobileQQService.a(ProGuard:757)

W/System.err( 3458): 	at com.tencent.mobileqq.app.QQAppInterface.a(ProGuard:10455)

W/System.err( 3458): 	at com.tencent.mobileqq.compatible.TempServlet.onReceive(ProGuard:52)

W/System.err( 3458): 	at mqq.app.MSFServlet.onReceive(MSFServlet.java:39)

W/System.err( 3458): 	at mqq.app.ServletContainer.notifyMSFServlet(ServletContainer.java:138)

W/System.err( 3458): 	at mqq.app.MainService.receiveMessageFromMSF(MainService.java:281)

W/System.err( 3458): 	at mqq.app.MainService.access$300(MainService.java:70)

W/System.err( 3458): 	at mqq.app.MainService$5.onRecvCmdPush(MainService.java:858)

W/System.err( 3458): 	at com.tencent.mobileqq.msf.sdk.MsfRespHandleUtil.handlePushMsg(MsfRespHandleUtil.java:187)

W/System.err( 3458): 	at mqq.app.MainService$2.run(MainService.java:486)

W/System.err( 3458): 	at java.lang.Thread.run(Thread.java:818)

D/Q.msg.TroopMsgProxy( 3458): insertToList MessageRecord=friendUin:7025senderuin:0711,istroop:1,msgType:-1035,time:1557048691,shmsgseq:1079233

D/Q.unread.Proxy_UnreadMonitor( 3458): insertOrUpdateUnread update=--ConversationInfo--,shortUin:*7025,type:1,lastread:1059427,unreadCount:19784,unreadGiftCount:0,unreadRedPacketCount:0,unreadMark:0

W/System.err( 3458): java.lang.NumberFormatException: Invalid int: ""

W/System.err( 3458): 	at java.lang.Integer.invalidInt(Integer.java:138)

W/System.err( 3458): 	at java.lang.Integer.parseInt(Integer.java:358)

W/System.err( 3458): 	at java.lang.Integer.parseInt(Integer.java:334)

W/System.err( 3458): 	at com.tencent.mobileqq.data.MessageForMixedMsg.doParse(ProGuard:290)

W/System.err( 3458): 	at com.tencent.mobileqq.data.ChatMessage.parse(ProGuard:104)

W/System.err( 3458): 	at com.tencent.mobileqq.data.MessageForMixedMsg.parse(ProGuard:72)

W/System.err( 3458): 	at com.tencent.mobileqq.app.message.BaseMessageManager.a(ProGuard:1221)

W/System.err( 3458): 	at com.tencent.mobileqq.app.message.BaseMessageManager.a(ProGuard:1040)

W/System.err( 3458): 	at com.tencent.mobileqq.app.message.QQMessageFacade.a(ProGuard:2043)

W/System.err( 3458): 	at com.tencent.mobileqq.app.message.QQMessageFacade.a(ProGuard:1041)

W/System.err( 3458): 	at com.tencent.mobileqq.app.message.QQMessageFacade.a(ProGuard:842)

W/System.err( 3458): 	at com.tencent.mobileqq.troop.data.TroopMessageProcessor.a(ProGuard:954)

W/System.err( 3458): 	at com.tencent.mobileqq.troop.data.TroopMessageProcessor.a(ProGuard:137)

W/System.err( 3458): 	at com.tencent.mobileqq.app.MessageHandler.h(ProGuard:2932)

W/System.err( 3458): 	at com.tencent.mobileqq.app.MessageHandler.a(ProGuard:4490)

W/System.err( 3458): 	at com.tencent.mobileqq.service.MobileQQServiceBase.a(ProGuard:309)

W/System.err( 3458): 	at com.tencent.mobileqq.service.MobileQQService.a(ProGuard:757)

W/System.err( 3458): 	at com.tencent.mobileqq.app.QQAppInterface.a(ProGuard:10455)

W/System.err( 3458): 	at com.tencent.mobileqq.compatible.TempServlet.onReceive(ProGuard:52)

W/System.err( 3458): 	at mqq.app.MSFServlet.onReceive(MSFServlet.java:39)

W/System.err( 3458): 	at mqq.app.ServletContainer.notifyMSFServlet(ServletContainer.java:138)

W/System.err( 3458): 	at mqq.app.MainService.receiveMessageFromMSF(MainService.java:281)

W/System.err( 3458): 	at mqq.app.MainService.access$300(MainService.java:70)

W/System.err( 3458): 	at mqq.app.MainService$5.onRecvCmdPush(MainService.java:858)

W/System.err( 3458): 	at com.tencent.mobileqq.msf.sdk.MsfRespHandleUtil.handlePushMsg(MsfRespHandleUtil.java:187)

W/System.err( 3458): 	at mqq.app.MainService$2.run(MainService.java:486)

W/System.err( 3458): 	at java.lang.Thread.run(Thread.java:818)

D/houdini (18117): [18117] Added shared library /data/app/com.tencent.mm-1/lib/arm/libstlport_shared.so for ClassLoader by Native Bridge.

D/houdini (18117): [18117] Added shared library /data/app/com.tencent.mm-1/lib/arm/libc++_shared.so for ClassLoader by Native Bridge.

D/houdini (18117): [18117] Added shared library /data/app/com.tencent.mm-1/lib/arm/libwechatxlog.so for ClassLoader by Native Bridge.

E/ActivityThread(18117): Failed to find provider info for com.tencent.mm.coolassist.debugprovider

W/Settings( 2506): Setting airplane_mode_on has moved from android.provider.Settings.System to android.provider.Settings.Global, returning read-only value.

W/art     (18117): Verification of void com.tencent.mm.boot.svg.SVGPreload.load(com.tencent.mm.svg.a.e$a) took 137.615ms

D/MSF.C.NetConnTag( 2506): netRecv ssoSeq:-1115019274 uin:*8736 cmd:BS08PTQ9FS85K34EOAgwKSIEIjsvKAgpLQ -1115018923 cross:0

I/MSF.S.AppProcessManager( 2506): SendToApp PUSH process:com.tencent.mobileqq fromServiceMsg: FromServiceMsg msName:onRecvPushMsg ssoSeq:-1115019274 serviceCmd:OnlinePush.PbPushGroupMsg appSeq:-1115019274 failCode:1000 cost=0 needBoot=true

I/troop_ext( 3458): onTroopReceiveOrSendMsg troopInfo is null or not eliminated. troopUin: 495757025

D/Q.msg.TroopMsgProxy( 3458): insertToList MessageRecord=friendUin:7025senderuin:2739,istroop:1,msgType:-1000,time:1557048692,shmsgseq:1079234

D/Q.unread.Proxy_UnreadMonitor( 3458): insertOrUpdateUnread update=--ConversationInfo--,shortUin:*7025,type:1,lastread:1059427,unreadCount:19785,unreadGiftCount:0,unreadRedPacketCount:0,unreadMark:0

D/houdini (18117): [18139] Added shared library /data/app/com.tencent.mm-1/lib/arm/libwechatnetwork.so for ClassLoader by Native Bridge.

D/houdini (18117): [18140] Added shared library /data/app/com.tencent.mm-1/lib/arm/libwechatnormsg.so for ClassLoader by Native Bridge.

D/houdini (18117): [18140] Added shared library /data/app/com.tencent.mm-1/lib/arm/libMMProtocalJni.so for ClassLoader by Native Bridge.

D/houdini (18117): [18117] Added shared library /data/app/com.tencent.mm-1/lib/arm/libappbrandcommon.so for ClassLoader by Native Bridge.

I/tx      (12748): Thread: CXThreadBase: OnThreadProc final Exit...

D/houdini (18117): [18117] Added shared library /data/app/com.tencent.mm-1/lib/arm/libYTCommon.so for ClassLoader by Native Bridge.

D/houdini (18117): [18117] Added shared library /data/app/com.tencent.mm-1/lib/arm/libnnpack.so for ClassLoader by Native Bridge.

D/houdini (18117): [18117] Added shared library /data/app/com.tencent.mm-1/lib/arm/libimage_filter_common.so for ClassLoader by Native Bridge.

D/houdini (18117): [18117] Added shared library /data/app/com.tencent.mm-1/lib/arm/libimage_filter_gpu.so for ClassLoader by Native Bridge.

I/Unity   (12748): 61.129.8.101;61.129.8.102;61.129.8.103;101.226.213.139;101.226.213.140;101.226.213.141;180.97.116.143;180.97.116.141;180.97.116.142;180.97.116.140;101.227.168.139;101.227.168.140;101.227.168.141;61.129.8.100

I/Unity   (12748):  

I/Unity   (12748): (Filename: .\artifacts/generated/common/runtime/DebugBindings.gen.cpp Line: 51)

I/Unity   (12748): 

I/System.out(12748): TX checkNetworkState

I/NetworkStateChecker(12748): CheckNetworkState

I/NetworkStateChecker(12748): Network Type : WIFI

I/tx      (12748): after Thread: CXThreadBase: Start m_bThreadRun.Set(true)

I/tx      (12748): after Thread: CXThreadBase::Resume m_bPause.Set(false)

I/tx      (12748): after Thread: CXThreadBase::Resume m_PauseEvent.Set()

E/CAkDelayWG(12748): AkDelayWG sampleRate: 44100, numChannels: 2, bitsPerSample=16

D/WifiService( 1748): New client listening to asynchronous messages

D/houdini (18117): [18140] Added shared library /data/app/com.tencent.mm-1/lib/arm/libtencentloc.so for ClassLoader by Native Bridge.

D/BluetoothManagerService( 1748): Message: 20

D/BluetoothManagerService( 1748): Added callback: android.bluetooth.IBluetoothManagerCallback$Stub$Proxy@2e3d134e:true

I/MapLBSService(12748): GetMyLoction

I/Unity   (12748): wifipri: to get GPS info

I/Unity   (12748):  

I/Unity   (12748): (Filename: .\artifacts/generated/common/runtime/DebugBindings.gen.cpp Line: 51)

I/Unity   (12748): 

I/Unity   (12748): TssdkSys CreateTssSDKSys, nplatf = 1

I/Unity   (12748):  

I/Unity   (12748): (Filename: .\artifacts/generated/common/runtime/DebugBindings.gen.cpp Line: 51)

I/Unity   (12748): 

I/Unity   (12748): TssdkSys OnAccountLogin

I/Unity   (12748):  

I/Unity   (12748): (Filename: .\artifacts/generated/common/runtime/DebugBindings.gen.cpp Line: 51)

I/Unity   (12748): 

W/DebugConnManager(12748): getNetworkInfo() on networkType 1

W/IntentResolver( 1748): resolveIntent: multiple matches, only some with CATEGORY_DEFAULT

I/ah      (12748): customized createSocket. host: lbs.map.qq.com

I/art     ( 1748): Explicit concurrent mark sweep GC freed 84343(3MB) AllocSpace objects, 3(48KB) LOS objects, 33% free, 15MB/23MB, paused 6.206ms total 89.897ms

I/ah      (12748): Setting SNI hostname

W/art     (18117): Attempt to remove local handle scope entry from IRT, ignoring

W/art     (18117): Native thread exiting without having called DetachCurrentThread (maybe it's going to use a pthread_key_create destructor?): Thread[27,tid=18182,Native,Thread*=0xa13a7400,peer=0x13d4a0a0,"default"]

W/art     (18117): Native thread exiting without having called DetachCurrentThread (maybe it's going to use a pthread_key_create destructor?): Thread[27,tid=18189,Native,Thread*=0xa13a7400,peer=0x13d4a580,"default"]

I/MapLBSService(12748): onLocationChanged

D/MapLBSService(12748): {"callbackTag":2"code":0,"desc":"success","errorCode":0,"fakeType":0,"latitude":"31.231071","longtitude":"121.476927","nation":"","province":"?,"city":"?,"district":"?}

W/DebugConnManager(12748): getNetworkInfo() on networkType 1

W/art     (18117): Native thread exiting without having called DetachCurrentThread (maybe it's going to use a pthread_key_create destructor?): Thread[30,tid=18174,Native,Thread*=0xa13a6400,peer=0x13d510a0,"default"]

I/Unity   (12748): {"callbackTag":2"code":0,"desc":"success","errorCode":0,"fakeType":0,"latitude":"31.231071","longtitude":"121.476927","nation":"","province":"?,"city":"?,"district":"?}

I/Unity   (12748):  

I/Unity   (12748): (Filename: .\artifacts/generated/common/runtime/DebugBindings.gen.cpp Line: 51)

I/Unity   (12748): 

I/Unity   (12748): Pandora Send LBS Pos

I/Unity   (12748):  

I/Unity   (12748): (Filename: .\artifacts/generated/common/runtime/DebugBindings.gen.cpp Line: 51)

I/Unity   (12748): 

I/Unity   (12748): wifipri GPS : long:121476927 lat:31231071

I/Unity   (12748):  

I/Unity   (12748): (Filename: .\artifacts/generated/common/runtime/DebugBindings.gen.cpp Line: 51)

I/Unity   (12748): 

E/Unity   (12748): WifiPrivilegeSDK android ask privilege

E/Unity   (12748):  

E/Unity   (12748): (Filename: .\artifacts/generated/common/runtime/DebugBindings.gen.cpp Line: 51)

E/Unity   (12748): 

W/art     (18117): Native thread exiting without having called DetachCurrentThread (maybe it's going to use a pthread_key_create destructor?): Thread[32,tid=18200,Native,Thread*=0xa13a7c00,peer=0x13d9e0a0,"default"]

D/WorkerThreadMonitor( 2506): Kill MSF check result[ senderSize:0,sendInterval:4644,receiveInterval=2958,addCmdCount=122

E/Unity   (12748): WifiPrivilegeSDK errorcode:200041003 errMsg:

E/Unity   (12748):  

E/Unity   (12748): (Filename: .\artifacts/generated/common/runtime/DebugBindings.gen.cpp Line: 51)

E/Unity   (12748): 

I/Unity   (12748): wifipri errorCode:200041003

I/Unity   (12748): errorMsg

I/Unity   (12748):  

I/Unity   (12748): (Filename: .\artifacts/generated/common/runtime/DebugBindings.gen.cpp Line: 51)

I/Unity   (12748): 

E/Unity   (12748): clearwifiData in error sdk

E/Unity   (12748):  

E/Unity   (12748): (Filename: .\artifacts/generated/common/runtime/DebugBindings.gen.cpp Line: 51)

E/Unity   (12748): 

I/Unity   (12748): wifipri GPS time out:

I/Unity   (12748):  

I/Unity   (12748): (Filename: .\artifacts/generated/common/runtime/DebugBindings.gen.cpp Line: 51)

I/Unity   (12748): 

I/ActivityManager( 1748): Killing 18019:com.tencent.mm/u0a31 (adj 11): 127911k from cached

D/WifiService( 1748): Client connection lost with reason: 4

W/BroadcastQueue( 1748): Exception when sending broadcast to ComponentInfo{com.tencent.mm/com.tencent.mm.plugin.report.service.KVCommCrossProcessReceiver}

W/BroadcastQueue( 1748): android.os.DeadObjectException

W/BroadcastQueue( 1748): 	at android.os.BinderProxy.transactNative(Native Method)

W/BroadcastQueue( 1748): 	at android.os.BinderProxy.transact(Binder.java:496)

W/BroadcastQueue( 1748): 	at android.app.ApplicationThreadProxy.scheduleReceiver(ApplicationThreadNative.java:861)

W/BroadcastQueue( 1748): 	at com.android.server.am.BroadcastQueue.processCurBroadcastLocked(BroadcastQueue.java:245)

W/BroadcastQueue( 1748): 	at com.android.server.am.BroadcastQueue.processNextBroadcast(BroadcastQueue.java:936)

W/BroadcastQueue( 1748): 	at com.android.server.am.BroadcastQueue$BroadcastHandler.handleMessage(BroadcastQueue.java:149)

W/BroadcastQueue( 1748): 	at android.os.Handler.dispatchMessage(Handler.java:102)

W/BroadcastQueue( 1748): 	at android.os.Looper.loop(Looper.java:135)

W/BroadcastQueue( 1748): 	at android.os.HandlerThread.run(HandlerThread.java:61)

W/BroadcastQueue( 1748): 	at com.android.server.ServiceThread.run(ServiceThread.java:46)

W/libprocessgroup( 1748): failed to open /acct/uid_10031/pid_18019/cgroup.procs: No such file or directory

D/houdini (18217): [18217] Initialize library(version: 5.0.7b_x.48396 RELEASE)... successfully.

