E/Unity   (12748): Notice  startConfig= 1557039600   trans = 05/05/2019 15:00:00  05/05/2019 17:22:04 05/05/2019 23:59:59

E/Unity   (12748):  

E/Unity   (12748): (Filename: .\artifacts/generated/common/runtime/DebugBindings.gen.cpp Line: 51)

E/Unity   (12748): 

I/Unity   (12748): [Noticesys]  msgID 85647 MsgUrlhttps://www.google.com.hk/#title=?endmsgtitle =  content  openid=  MsgType  = APO_NOTICETYPE_ALERT contenturl =http://image.smoba.qq.com/yywj/2018feiyingtugonggao2/0505SQHDHJ.png

I/Unity   (12748):  

I/Unity   (12748): (Filename: .\artifacts/generated/common/runtime/DebugBindings.gen.cpp Line: 51)

I/Unity   (12748): 

I/Unity   (12748): [Noticesys] find url  ori = https://www.google.com.hk/#title=?end

I/Unity   (12748):  

I/Unity   (12748): (Filename: .\artifacts/generated/common/runtime/DebugBindings.gen.cpp Line: 51)

I/Unity   (12748): 

I/Unity   (12748): <b>[Pandora]</b> OnPandoraEvent enter

I/Unity   (12748):  

I/Unity   (12748): (Filename: .\artifacts/generated/common/runtime/DebugBindings.gen.cpp Line: 51)

I/Unity   (12748): 

I/Unity   (12748): <b>[Pandora]</b> ua?socialbroker

I/Unity   (12748):  

I/Unity   (12748): (Filename: .\artifacts/generated/common/runtime/DebugBindings.gen.cpp Line: 51)

I/Unity   (12748): 

I/Unity   (12748): <b>[Pandora]</b> ua?frame

I/Unity   (12748):  

I/Unity   (12748): (Filename: .\artifacts/generated/common/runtime/DebugBindings.gen.cpp Line: 51)

I/Unity   (12748): 

D/TencentPay(12748): Network-Manager | Midas_WorkThread-0 | ping errorStream: 


D/TencentPay(12748): Network-Manager | Midas_WorkThread-S | ping: PING 113.96.232.166 (113.96.232.166) 56(84) bytes of data.

D/TencentPay(12748): 64 bytes from 113.96.232.166: icmp_seq=1 ttl=52 time=4.29 ms

D/TencentPay(12748): 64 bytes from 113.96.232.166: icmp_seq=2 ttl=52 time=3.52 ms

D/TencentPay(12748): 64 bytes from 113.96.232.166: icmp_seq=3 ttl=52 time=4.36 ms

D/TencentPay(12748): 64 bytes from 113.96.232.166: icmp_seq=4 ttl=52 time=4.54 ms

D/TencentPay(12748): 

D/TencentPay(12748): --- 113.96.232.166 ping statistics ---

D/TencentPay(12748): 4 packets transmitted, 4 received, 0% packet loss, time 3004ms

D/TencentPay(12748): rtt min/avg/max/mdev = 3.527/4.184/4.549/0.398 ms

D/TencentPay(12748): 


I/Unity   (12748): <b>[Pandora]</b> OnPandoraEvent enter

I/Unity   (12748):  

I/Unity   (12748): (Filename: .\artifacts/generated/common/runtime/DebugBindings.gen.cpp Line: 51)

I/Unity   (12748): 

I/Unity   (12748): <b>[Pandora]</b> ua?starproject

I/Unity   (12748):  

I/Unity   (12748): (Filename: .\artifacts/generated/common/runtime/DebugBindings.gen.cpp Line: 51)

I/Unity   (12748): 

I/Unity   (12748): <b>[Pandora]</b> ua?frame

I/Unity   (12748):  

I/Unity   (12748): (Filename: .\artifacts/generated/common/runtime/DebugBindings.gen.cpp Line: 51)

I/Unity   (12748): 

I/Unity   (12748): <b>[Pandora]</b> OnPandoraEvent enter

I/Unity   (12748):  

I/Unity   (12748): (Filename: .\artifacts/generated/common/runtime/DebugBindings.gen.cpp Line: 51)

I/Unity   (12748): 

I/Unity   (12748): <b>[Pandora]</b> ua?popv2

I/Unity   (12748):  

I/Unity   (12748): (Filename: .\artifacts/generated/common/runtime/DebugBindings.gen.cpp Line: 51)

I/Unity   (12748): 

I/Unity   (12748): <b>[Pandora]</b> OnPandoraEvent enter

I/Unity   (12748):  

I/Unity   (12748): (Filename: .\artifacts/generated/common/runtime/DebugBindings.gen.cpp Line: 51)

I/Unity   (12748): 

I/Unity   (12748): <b>[Pandora]</b> OnPandoraEvent enter

I/Unity   (12748):  

I/Unity   (12748): (Filename: .\artifacts/generated/common/runtime/DebugBindings.gen.cpp Line: 51)

I/Unity   (12748): 

I/Unity   (12748): <b>[Pandora]</b> ua?frame

I/Unity   (12748):  

I/Unity   (12748): (Filename: .\artifacts/generated/common/runtime/DebugBindings.gen.cpp Line: 51)

I/Unity   (12748): 

I/Unity   (12748): <b>[Pandora]</b> OnPandoraEvent enter

I/Unity   (12748):  

I/Unity   (12748): (Filename: .\artifacts/generated/common/runtime/DebugBindings.gen.cpp Line: 51)

I/Unity   (12748): 

I/Unity   (12748): <b>[Pandora]</b> ua?albumv2

I/Unity   (12748):  

I/Unity   (12748): (Filename: .\artifacts/generated/common/runtime/DebugBindings.gen.cpp Line: 51)

I/Unity   (12748): 

I/Unity   (12748): <b>[Pandora]</b> ua?frame

I/Unity   (12748):  

I/Unity   (12748): (Filename: .\artifacts/generated/common/runtime/DebugBindings.gen.cpp Line: 51)

I/Unity   (12748): 

I/Unity   (12748): <b>[Pandora]</b> OnPandoraEvent enter

I/Unity   (12748):  

I/Unity   (12748): (Filename: .\artifacts/generated/common/runtime/DebugBindings.gen.cpp Line: 51)

I/Unity   (12748): 

I/Unity   (12748): <b>[Pandora]</b> ua?guildlist

I/Unity   (12748):  

I/Unity   (12748): (Filename: .\artifacts/generated/common/runtime/DebugBindings.gen.cpp Line: 51)

I/Unity   (12748): 

I/Unity   (12748): <b>[Pandora]</b> OnPandoraEvent enter

I/Unity   (12748):  

I/Unity   (12748): (Filename: .\artifacts/generated/common/runtime/DebugBindings.gen.cpp Line: 51)

I/Unity   (12748): 

I/Unity   (12748): <b>[Pandora]</b> ua?frame

I/Unity   (12748):  

I/Unity   (12748): (Filename: .\artifacts/generated/common/runtime/DebugBindings.gen.cpp Line: 51)

I/Unity   (12748): 

I/Unity   (12748): <b>[Pandora]</b> OnPandoraEvent enter

I/Unity   (12748):  

I/Unity   (12748): (Filename: .\artifacts/generated/common/runtime/DebugBindings.gen.cpp Line: 51)

I/Unity   (12748): 

I/Unity   (12748): <b>[Pandora]</b> ua?giving

I/Unity   (12748):  

I/Unity   (12748): (Filename: .\artifacts/generated/common/runtime/DebugBindings.gen.cpp Line: 51)

I/Unity   (12748): 

I/Unity   (12748): <b>[Pandora]</b> ua?frame

I/Unity   (12748):  

I/Unity   (12748): (Filename: .\artifacts/generated/common/runtime/DebugBindings.gen.cpp Line: 51)

I/Unity   (12748): 

I/Unity   (12748): <b>[Pandora]</b> OnPandoraEvent enter

I/Unity   (12748):  

I/Unity   (12748): (Filename: .\artifacts/generated/common/runtime/DebugBindings.gen.cpp Line: 51)

I/Unity   (12748): 

I/Unity   (12748): <b>[Pandora]</b> ua?guildrecommend

I/Unity   (12748):  

I/Unity   (12748): (Filename: .\artifacts/generated/common/runtime/DebugBindings.gen.cpp Line: 51)

I/Unity   (12748): 

I/Unity   (12748): <b>[Pandora]</b> OnPandoraEvent enter

I/Unity   (12748):  

I/Unity   (12748): (Filename: .\artifacts/generated/common/runtime/DebugBindings.gen.cpp Line: 51)

I/Unity   (12748): 

I/Unity   (12748): <b>[Pandora]</b> ua?frame

I/Unity   (12748):  

I/Unity   (12748): (Filename: .\artifacts/generated/common/runtime/DebugBindings.gen.cpp Line: 51)

I/Unity   (12748): 

I/Unity   (12748): <b>[Pandora]</b> OnPandoraEvent enter

I/Unity   (12748):  

I/Unity   (12748): (Filename: .\artifacts/generated/common/runtime/DebugBindings.gen.cpp Line: 51)

I/Unity   (12748): 

I/Unity   (12748): <b>[Pandora]</b> ua?findfriends

I/Unity   (12748):  

I/Unity   (12748): (Filename: .\artifacts/generated/common/runtime/DebugBindings.gen.cpp Line: 51)

I/Unity   (12748): 

I/Unity   (12748): <b>[Pandora]</b> OnPandoraEvent enter

I/Unity   (12748):  

I/Unity   (12748): (Filename: .\artifacts/generated/common/runtime/DebugBindings.gen.cpp Line: 51)

I/Unity   (12748): 

I/Unity   (12748): <b>[Pandora]</b> ua?frame

I/Unity   (12748):  

I/Unity   (12748): (Filename: .\artifacts/generated/common/runtime/DebugBindings.gen.cpp Line: 51)

I/Unity   (12748): 

I/Unity   (12748): <b>[Pandora]</b> OnPandoraEvent enter

I/Unity   (12748):  

I/Unity   (12748): (Filename: .\artifacts/generated/common/runtime/DebugBindings.gen.cpp Line: 51)

I/Unity   (12748): 

I/Unity   (12748): <b>[Pandora]</b> ua?popv3

I/Unity   (12748):  

I/Unity   (12748): (Filename: .\artifacts/generated/common/runtime/DebugBindings.gen.cpp Line: 51)

I/Unity   (12748): 

I/Unity   (12748): <b>[Pandora]</b> ua?frame

I/Unity   (12748):  

I/Unity   (12748): (Filename: .\artifacts/generated/common/runtime/DebugBindings.gen.cpp Line: 51)

I/Unity   (12748): 

I/Unity   (12748): <b>[Pandora]</b> OnPandoraEvent enter

I/Unity   (12748):  

I/Unity   (12748): (Filename: .\artifacts/generated/common/runtime/DebugBindings.gen.cpp Line: 51)

I/Unity   (12748): 

I/Unity   (12748): <b>[Pandora]</b> ua?matrix

I/Unity   (12748):  

I/Unity   (12748): (Filename: .\artifacts/generated/common/runtime/DebugBindings.gen.cpp Line: 51)

I/Unity   (12748): 

I/Unity   (12748): <b>[Pandora]</b> OnPandoraEvent enter

I/Unity   (12748):  

I/Unity   (12748): (Filename: .\artifacts/generated/common/runtime/DebugBindings.gen.cpp Line: 51)

I/Unity   (12748): 

I/Unity   (12748): <b>[Pandora]</b> ua?frame

I/Unity   (12748):  

I/Unity   (12748): (Filename: .\artifacts/generated/common/runtime/DebugBindings.gen.cpp Line: 51)

I/Unity   (12748): 

I/Unity   (12748): <b>[Pandora]</b> OnPandoraEvent enter

I/Unity   (12748):  

I/Unity   (12748): (Filename: .\artifacts/generated/common/runtime/DebugBindings.gen.cpp Line: 51)

I/Unity   (12748): 

I/Unity   (12748): <b>[Pandora]</b> ua?richalbum

I/Unity   (12748):  

I/Unity   (12748): (Filename: .\artifacts/generated/common/runtime/DebugBindings.gen.cpp Line: 51)

I/Unity   (12748): 

I/Unity   (12748): <b>[Pandora]</b> ua?frame

I/Unity   (12748):  

I/Unity   (12748): (Filename: .\artifacts/generated/common/runtime/DebugBindings.gen.cpp Line: 51)

I/Unity   (12748): 

I/Unity   (12748): <b>[Pandora]</b> OnPandoraEvent enter

I/Unity   (12748):  

I/Unity   (12748): (Filename: .\artifacts/generated/common/runtime/DebugBindings.gen.cpp Line: 51)

I/Unity   (12748): 

I/Unity   (12748): <b>[Pandora]</b> ua?callfriendsv2

I/Unity   (12748):  

I/Unity   (12748): (Filename: .\artifacts/generated/common/runtime/DebugBindings.gen.cpp Line: 51)

I/Unity   (12748): 

I/Unity   (12748): <b>[Pandora]</b> ua?frame

I/Unity   (12748):  

I/Unity   (12748): (Filename: .\artifacts/generated/common/runtime/DebugBindings.gen.cpp Line: 51)

I/Unity   (12748): 

I/Unity   (12748): <b>[Pandora]</b> OnPandoraEvent enter

I/Unity   (12748):  

I/Unity   (12748): (Filename: .\artifacts/generated/common/runtime/DebugBindings.gen.cpp Line: 51)

I/Unity   (12748): 

I/Unity   (12748): <b>[Pandora]</b> ua?cosplay

I/Unity   (12748):  

I/Unity   (12748): (Filename: .\artifacts/generated/common/runtime/DebugBindings.gen.cpp Line: 51)

I/Unity   (12748): 

I/Unity   (12748): <b>[Pandora]</b> ua?frame

I/Unity   (12748):  

I/Unity   (12748): (Filename: .\artifacts/generated/common/runtime/DebugBindings.gen.cpp Line: 51)

I/Unity   (12748): 

I/Unity   (12748): <b>[Pandora]</b> OnPandoraEvent enter

I/Unity   (12748):  

I/Unity   (12748): (Filename: .\artifacts/generated/common/runtime/DebugBindings.gen.cpp Line: 51)

I/Unity   (12748): 

I/Unity   (12748): <b>[Pandora]</b> OnPandoraEvent enter

I/Unity   (12748):  

I/Unity   (12748): (Filename: .\artifacts/generated/common/runtime/DebugBindings.gen.cpp Line: 51)

I/Unity   (12748): 

I/Unity   (12748): <b>[Pandora]</b> OnPandoraEvent enter

I/Unity   (12748):  

I/Unity   (12748): (Filename: .\artifacts/generated/common/runtime/DebugBindings.gen.cpp Line: 51)

I/Unity   (12748): 

I/Unity   (12748): <b>[Pandora]</b> OnPandoraEvent enter

I/Unity   (12748):  

I/Unity   (12748): (Filename: .\artifacts/generated/common/runtime/DebugBindings.gen.cpp Line: 51)

I/Unity   (12748): 

I/Unity   (12748): <b>[Pandora]</b> ua?themeactivity

I/Unity   (12748):  

I/Unity   (12748): (Filename: .\artifacts/generated/common/runtime/DebugBindings.gen.cpp Line: 51)

I/Unity   (12748): 

E/Unity   (12748): WifiPrivilegeSDK errorcode:200041003 errMsg:

E/Unity   (12748):  

E/Unity   (12748): (Filename: .\artifacts/generated/common/runtime/DebugBindings.gen.cpp Line: 51)

E/Unity   (12748): 

I/Unity   (12748): <b>[Pandora]</b> ua?frame

I/Unity   (12748):  

I/Unity   (12748): (Filename: .\artifacts/generated/common/runtime/DebugBindings.gen.cpp Line: 51)

I/Unity   (12748): 

I/Unity   (12748): wifipri errorCode:200041003

I/Unity   (12748): errorMsg

I/Unity   (12748):  

I/Unity   (12748): (Filename: .\artifacts/generated/common/runtime/DebugBindings.gen.cpp Line: 51)

I/Unity   (12748): 

E/Unity   (12748): clearwifiData in error sdk

E/Unity   (12748):  

E/Unity   (12748): (Filename: .\artifacts/generated/common/runtime/DebugBindings.gen.cpp Line: 51)

E/Unity   (12748): 

I/Unity   (12748): <b>[Pandora]</b> OnPandoraEvent enter

I/Unity   (12748):  

I/Unity   (12748): (Filename: .\artifacts/generated/common/runtime/DebugBindings.gen.cpp Line: 51)

I/Unity   (12748): 

I/Unity   (12748): <b>[Pandora]</b> ua?themematrix

I/Unity   (12748):  

I/Unity   (12748): (Filename: .\artifacts/generated/common/runtime/DebugBindings.gen.cpp Line: 51)

I/Unity   (12748): 

I/Unity   (12748): <b>[Pandora]</b> OnPandoraEvent enter

I/Unity   (12748):  

I/Unity   (12748): (Filename: .\artifacts/generated/common/runtime/DebugBindings.gen.cpp Line: 51)

I/Unity   (12748): 

I/Unity   (12748): <b>[Pandora]</b> ua?frame

I/Unity   (12748):  

I/Unity   (12748): (Filename: .\artifacts/generated/common/runtime/DebugBindings.gen.cpp Line: 51)

I/Unity   (12748): 

I/Unity   (12748): <b>[Pandora]</b> OnPandoraEvent enter

I/Unity   (12748):  

I/Unity   (12748): (Filename: .\artifacts/generated/common/runtime/DebugBindings.gen.cpp Line: 51)

I/Unity   (12748): 

I/Unity   (12748): <b>[Pandora]</b> OnPandoraEvent enter

I/Unity   (12748):  

I/Unity   (12748): (Filename: .\artifacts/generated/common/runtime/DebugBindings.gen.cpp Line: 51)

I/Unity   (12748): 

I/Unity   (12748): <b>[Pandora]</b> OnPandoraEvent enter

I/Unity   (12748):  

I/Unity   (12748): (Filename: .\artifacts/generated/common/runtime/DebugBindings.gen.cpp Line: 51)

I/Unity   (12748): 

I/Unity   (12748): <b>[Pandora]</b> OnPandoraEvent enter

I/Unity   (12748):  

I/Unity   (12748): (Filename: .\artifacts/generated/common/runtime/DebugBindings.gen.cpp Line: 51)

I/Unity   (12748): 

I/Unity   (12748): <b>[Pandora]</b> OnPandoraEvent enter

I/Unity   (12748):  

I/Unity   (12748): (Filename: .\artifacts/generated/common/runtime/DebugBindings.gen.cpp Line: 51)

I/Unity   (12748): 

I/Unity   (12748): <b>[Pandora]</b> OnPandoraEvent enter

I/Unity   (12748):  

I/Unity   (12748): (Filename: .\artifacts/generated/common/runtime/DebugBindings.gen.cpp Line: 51)

I/Unity   (12748): 

I/Unity   (12748): <b>[Pandora]</b> ua?timelimitsactivity

I/Unity   (12748):  

I/Unity   (12748): (Filename: .\artifacts/generated/common/runtime/DebugBindings.gen.cpp Line: 51)

I/Unity   (12748): 

I/Unity   (12748): <b>[Pandora]</b> ua?frame

I/Unity   (12748):  

I/Unity   (12748): (Filename: .\artifacts/generated/common/runtime/DebugBindings.gen.cpp Line: 51)

I/Unity   (12748): 

I/Unity   (12748): <b>[Pandora]</b> OnPandoraEvent enter

I/Unity   (12748):  

I/Unity   (12748): (Filename: .\artifacts/generated/common/runtime/DebugBindings.gen.cpp Line: 51)

I/Unity   (12748): 

I/Unity   (12748): <b>[Pandora]</b> OnPandoraEvent enter

I/Unity   (12748):  

I/Unity   (12748): (Filename: .\artifacts/generated/common/runtime/DebugBindings.gen.cpp Line: 51)

I/Unity   (12748): 

I/Unity   (12748): <b>[Pandora]</b> OnPandoraEvent enter

I/Unity   (12748):  

I/Unity   (12748): (Filename: .\artifacts/generated/common/runtime/DebugBindings.gen.cpp Line: 51)

I/Unity   (12748): 

I/Unity   (12748): <b>[Pandora]</b> OnPandoraEvent enter

I/Unity   (12748):  

I/Unity   (12748): (Filename: .\artifacts/generated/common/runtime/DebugBindings.gen.cpp Line: 51)

I/Unity   (12748): 

D/MidasComm<Log>(12748): __flush and write data size: 62480

D/MidasComm<Log>(12748): size to write: 62480, channel size: 0, limit: 1048576

D/MidasComm<Log>(12748): write map time: 6, sync time: 92

D/TencentPay(12748): Network-Manager | Midas_WorkThread-2 | ping errorStream: 


D/TencentPay(12748): Network-Manager | Midas_WorkThread-S | ping: PING 123.150.174.148 (123.150.174.148) 56(84) bytes of data.

D/TencentPay(12748): 64 bytes from 123.150.174.148: icmp_seq=1 ttl=50 time=36.7 ms

D/TencentPay(12748): 64 bytes from 123.150.174.148: icmp_seq=2 ttl=50 time=36.9 ms

D/TencentPay(12748): 64 bytes from 123.150.174.148: icmp_seq=3 ttl=50 time=36.1 ms

D/TencentPay(12748): 64 bytes from 123.150.174.148: icmp_seq=4 ttl=50 time=37.0 ms

D/TencentPay(12748): 

D/TencentPay(12748): --- 123.150.174.148 ping statistics ---

D/TencentPay(12748): 4 packets transmitted, 4 received, 0% packet loss, time 3004ms

D/TencentPay(12748): rtt min/avg/max/mdev = 36.158/36.740/37.081/0.357 ms

D/TencentPay(12748): 


D/MSF.C.NetConnTag( 2506): pa ok: 48692

D/MSF.C.NetConnTag( 2506): netSend ssoSeq:48692 uin:*8736 cmd:GxA1N3QZEx8kJA 49711 27fd6c31

D/MSF.C.NetConnTag( 2506): netRecv ssoSeq:48679 uin:*8736 cmd:GxA1N3QZEx8kJA costTime:30000 SignalStrengths wifi:31 gsm:7 cdma:-85 net:2 code:1002 failMsg:wait serverResp timeout

D/MSF.C.NetConnTag( 2506): found timeout msg check time: timenow = 1557048128366 firstSendHeartBeatTime = 1557048118418 ConfigManager.getHeartBeatTimeInterval() = 60000

I/MSF.S.AppProcessManager( 2506): SendToApp process:com.tencent.mobileqq fromServiceMsg: FromServiceMsg msName:unknown ssoSeq:48679 serviceCmd:QSec.AVEng appSeq:1204 failCode:1002 cost=2 needBoot=false

I/art     ( 3458): Background sticky concurrent mark sweep GC freed 112816(4MB) AllocSpace objects, 0(0B) LOS objects, 0% free, 91MB/91MB, paused 8.762ms total 48.236ms

I/art     ( 3458): Background sticky concurrent mark sweep GC freed 184159(6MB) AllocSpace objects, 6(1025KB) LOS objects, 3% free, 97MB/101MB, paused 14.168ms total 92.592ms

D/MSF.C.NetConnTag( 2506): pa ok: 48693

D/MSF.C.NetConnTag( 2506): netSend ssoSeq:48693 uin:*8736 cmd:GSYzISgxMSMLMzt6DBk 49016 27fd6c31

D/SEC_VA  ( 3458): cost(555:126:10)

D/MSF.C.NetConnTag( 2506): netRecv ssoSeq:48693 uin:*8736 cmd:GSYzISgxMSMLMzt6DBk 48780 cross:0

I/Unity   (12748): wifipri GPS time out:

I/Unity   (12748):  

I/Unity   (12748): (Filename: .\artifacts/generated/common/runtime/DebugBindings.gen.cpp Line: 51)

I/Unity   (12748): 

D/TencentPay(12748): Network-Manager | Midas_WorkThread-S | ping: PING 123.151.71.20 (123.151.71.20) 56(84) bytes of data.

D/TencentPay(12748): 64 bytes from 123.151.71.20: icmp_seq=1 ttl=50 time=34.9 ms

D/TencentPay(12748): 64 bytes from 123.151.71.20: icmp_seq=2 ttl=50 time=34.2 ms

D/TencentPay(12748): 64 bytes from 123.151.71.20: icmp_seq=3 ttl=50 time=34.3 ms

D/TencentPay(12748): 64 bytes from 123.151.71.20: icmp_seq=4 ttl=50 time=33.9 ms

D/TencentPay(12748): 

D/TencentPay(12748): --- 123.151.71.20 ping statistics ---

D/TencentPay(12748): 4 packets transmitted, 4 received, 0% packet loss, time 3003ms

D/TencentPay(12748): rtt min/avg/max/mdev = 33.957/34.370/34.901/0.365 ms

D/TencentPay(12748): 


D/TencentPay(12748): Network-Manager | Midas_WorkThread-1 | ping errorStream: 


D/TencentPay(12748): Network-Manager | Midas_WorkThread-S | ipSpeedMeasure time : [58.251.116.12->11.895/12.335/12.908/0.392] [4->12ms]


D/TencentPay(12748): Network-Manager | Midas_WorkThread-S | ipSpeedMeasure time : [157.255.192.104->12.186/13.492/15.413/1.244] [4->13ms]


D/TencentPay(12748): Network-Manager | Midas_WorkThread-S | ipSpeedMeasure time : [58.60.9.101->3.066/4.457/7.850/1.975] [4->4ms]


D/TencentPay(12748): Network-Manager | Midas_WorkThread-S | ipSpeedMeasure time : [113.96.232.166->3.527/4.184/4.549/0.398] [4->4ms]


D/TencentPay(12748): Network-Manager | Midas_WorkThread-S | ipSpeedMeasure time : [123.150.174.148->36.158/36.740/37.081/0.357] [4->37ms]


D/TencentPay(12748): Network-Manager | Midas_WorkThread-S | ipSpeedMeasure time : [123.151.71.20->33.957/34.370/34.901/0.365] [4->34ms]


D/TencentPay(12748): Network-Manager | Midas_WorkThread-S | handleIPs() ipList = {58.251.116.12={"cat":0,"times":0,"1":"14000","2":"14000","3":"14000","4":"14000","1000":"14000"}, 157.255.192.104={"cat":0,"times":0,"1":"14000","2":"14000","3":"14000","4":"14000","1000":"14000"}, 58.60.9.101={"cat":1,"times":0,"1":"14000","2":"14000","3":"14000","4":"14000","1000":"14000"}, 113.96.232.166={"cat":1,"times":0,"1":"14000","2":"14000","3":"14000","4":"14000","1000":"14000"}, 123.150.174.148={"cat":2,"times":0,"1":"14000","2":"14000","3":"14000","4":"14000","1000":"14000"}, 123.151.71.20={"cat":2,"times":0,"1":"14000","2":"14000","3":"14000","4":"14000","1000":"14000"}}


D/TencentPay(12748): Network-Manager | Midas_WorkThread-S | prepareIP() IpSpeed end netWorkType = 1000, tempIpList={58.251.116.12={"cat":0,"times":0,"1":"14000","2":"14000","3":"14000","4":"14000","1000":"12"}, 157.255.192.104={"cat":0,"times":0,"1":"14000","2":"14000","3":"14000","4":"14000","1000":"13"}, 58.60.9.101={"cat":1,"times":0,"1":"14000","2":"14000","3":"14000","4":"14000","1000":"4"}, 113.96.232.166={"cat":1,"times":0,"1":"14000","2":"14000","3":"14000","4":"14000","1000":"4"}, 123.150.174.148={"cat":2,"times":0,"1":"14000","2":"14000","3":"14000","4":"14000","1000":"37"}, 123.151.71.20={"cat":2,"times":0,"1":"14000","2":"14000","3":"14000","4":"14000","1000":"34"}}


D/TencentPay(12748): ipSetSpeedList | Midas_WorkThread-S | 1000  58.251.116.12={"cat":0,"times":0,"1":"14000","2":"14000","3":"14000","4":"14000","1000":"12"}&157.255.192.104={"cat":0,"times":0,"1":"14000","2":"14000","3":"14000","4":"14000","1000":"13"}&58.60.9.101={"cat":1,"times":0,"1":"14000","2":"14000","3":"14000","4":"14000","1000":"4"}&113.96.232.166={"cat":1,"times":0,"1":"14000","2":"14000","3":"14000","4":"14000","1000":"4"}&123.150.174.148={"cat":2,"times":0,"1":"14000","2":"14000","3":"14000","4":"14000","1000":"37"}&123.151.71.20={"cat":2,"times":0,"1":"14000","2":"14000","3":"14000","4":"14000","1000":"34"}


D/TencentPay(12748): APIPModle | Midas_WorkThread-S | writeToFile() in


D/TencentPay(12748): getFilePathForEnv | Midas_WorkThread-S | release


D/TencentPay(12748): writeObject | Midas_WorkThread-S | in


D/TencentPay(12748): ipsValidateMap | Midas_WorkThread-S | net=1557134512356&1000=1557062530850


D/TencentPay(12748): iptest | Midas_WorkThread-S | validate encode: codeKey = 5EE2CE105A451C5AD8C651BDF2F3C914_3  codeValue = 7CCF8C197D6B97AB21C1E044F1CC8BE1_13


D/TencentPay(12748): iptest | Midas_WorkThread-S | validate encode: codeKey = FD86B7BA5262CD6244E5B86F0A7BA071_4  codeValue = 3C7936776FCF337FB8A1AC7E05432CAE_13


D/TencentPay(12748): ipListMap | Midas_WorkThread-S | 58.251.116.12={"cat":0,"times":0,"1":"14000","2":"14000","3":"14000","4":"14000","1000":"12"}&157.255.192.104={"cat":0,"times":0,"1":"14000","2":"14000","3":"14000","4":"14000","1000":"13"}&58.60.9.101={"cat":1,"times":0,"1":"14000","2":"14000","3":"14000","4":"14000","1000":"4"}&113.96.232.166={"cat":1,"times":0,"1":"14000","2":"14000","3":"14000","4":"14000","1000":"4"}&123.150.174.148={"cat":2,"times":0,"1":"14000","2":"14000","3":"14000","4":"14000","1000":"37"}&123.151.71.20={"cat":2,"times":0,"1":"14000","2":"14000","3":"14000","4":"14000","1000":"34"}


D/TencentPay(12748): iptest | Midas_WorkThread-S | ipList encode: codeKey = 4D4DD2522B997E8A50494998589925B8_13  codeValue = 5E89B9A98892927769BB589791B3B0AE7D1024A2B4A44844547FE7AEBDF39DC48FF16C611A9406DA34F6679810E20E3B7207C63AE1CB8DC7E817942EDEBCEA0E68A37B55A51F481A2A836C23ED4D2CD1_79


D/TencentPay(12748): iptest | Midas_WorkThread-S | ipList encode: codeKey = B1F4BBAC20C4050CDD2EC18B28D42C5F_15  codeValue = 5E89B9A98892927769BB589791B3B0AE7D1024A2B4A44844547FE7AEBDF39DC48FF16C611A9406DA34F6679810E20E3B7207C63AE1CB8DC7E817942EDEBCEA0EB0EE880B4827344E61A6009078B8823A_79


D/TencentPay(12748): iptest | Midas_WorkThread-S | ipList encode: codeKey = 097E3448667A8487A8C7AA1E3164CC8E_11  codeValue = 42574DAEA7DC0008D9F9FE809E572E1FFAFF663B0D6DF0DFE9E372F54E9A0E57C6751828011D71C9706BDF1A9FCB15CA15B82ACBA3CC7C447FE6130E0A71EEA40B595D9B8B015378DD664154C3FF86BA_78


D/TencentPay(12748): iptest | Midas_WorkThread-S | ipList encode: codeKey = 0B255B4B92CD5003E08C828E2192A366_14  codeValue = 42574DAEA7DC0008D9F9FE809E572E1FFAFF663B0D6DF0DFE9E372F54E9A0E57C6751828011D71C9706BDF1A9FCB15CA15B82ACBA3CC7C447FE6130E0A71EEA40B595D9B8B015378DD664154C3FF86BA_78


D/TencentPay(12748): iptest | Midas_WorkThread-S | ipList encode: codeKey = 032361D7A4F8C4A9D14B9917B4821F68_15  codeValue = D01A1622F351E891020854800FD7C0940525F77F9E41E7A7CE565288E719CC5C8092620AD995C088BF8D81C63F9AAAFC2D9CCBA68784E8820336E0DDDA8B7CE595CE45BBEBB38AAC5E3109D7FBBDD8EF_79


D/TencentPay(12748): iptest | Midas_WorkThread-S | ipList encode: codeKey = CAEB07910A42E8795CD3F5FA66A73156_13  codeValue = D01A1622F351E891020854800FD7C0940525F77F9E41E7A7CE565288E719CC5C8092620AD995C088BF8D81C63F9AAAFC2D9CCBA68784E8820336E0DDDA8B7CE5A01EFE046F9704345A741B9F4DD4AAA1_79


D/TencentPay(12748): ipmeasure | Midas_WorkThread-S | writeToFile consume 7


W/Settings( 2506): Setting airplane_mode_on has moved from android.provider.Settings.System to android.provider.Settings.Global, returning read-only value.

D/MSF.C.NetConnTag( 2506): netRecv ssoSeq:48692 uin:*8736 cmd:GxA1N3QZEx8kJA 48851 cross:0

I/MSF.S.AppProcessManager( 2506): SendToApp process:com.tencent.mobileqq fromServiceMsg: FromServiceMsg msName:unknown ssoSeq:48692 serviceCmd:QSec.AVEng appSeq:1213 failCode:1000 cost=1 needBoot=false

E/BrowserAppInterface(16262): exitBrowserRunTime: receiveAction: com.tencent.process.exit

E/SQLiteLog(16262): (1) no such table: TracePathData

E/SQLiteLog(16262): (1) no such table: TracePathData

I/cmgame_process.CmGameAppInterface(16262): [onReceiveLegalExitProcAction]

I/cmgame_process.CmGameManager(16262): [CmGameManager] created.

I/ApolloSoLoader(16262): [loadSo], from:classLoad,sLoadEngineLibDone:false,sIsTaskRunning:false

I/ApolloSoLoader(16262): [loadSo], from:other,sLoadEngineLibDone:false,sIsTaskRunning:true

I/ApolloSoLoader(16262): [isSavaSoExists], check result:true

I/ApolloSoLoader(16262): jsc exists at new path.

I/cmgame_process.CmGameAppInterface(16262): [onBeforeExitProc]

I/mqq     (16262): [AppRuntime]ToolAppRuntime (*8736) onDestroy

I/mqq     (16262): [AppRuntime]BrowserAppInterface (*8736) onDestroy

I/PathTraceManager.Service(16262): stopPathTraceService

E/SQLiteLog(16262): (1) no such table: TracePathData

E/PathTraceManager(16262): postInvokeRemoteCmd Err

I/PathTraceManager(16262): removeSportBar

I/PathTraceManager(16262): onDestroy

I/cmgame_process.CmGameManager(16262): [CmGameManager] destroyed.

I/Process (16262): Sending signal. PID: 16262 SIG: 9

I/ActivityManager( 1748): Process com.tencent.mobileqq:tool (pid 16262) has died

W/MSF.S.AppProcessInfo( 2506): binderDied appProcessName=com.tencent.mobileqq:tool keepProcessAlive=false

D/WifiService( 1748): Client connection lost with reason: 4

D/ConnectivityService( 1748): ConnectivityService NetworkRequestInfo binderDied(NetworkRequest [ id=21, legacyType=-1, [ Capabilities: INTERNET&NOT_RESTRICTED&TRUSTED] ], android.os.BinderProxy@3cf58c56)

D/cmgame_process.CmGameUtil( 3458): onGameCrashed

I/CmGameTemp_CmGameTempSessionHandler( 3458): [initGameTimeStamp] game timestamp:

I/CmGameTemp_CmGameTempSessionHandler( 3458): addMsgUIHandler size:1 cmGameMsgUIHandler:abpa@3221278f

I/CmGameTemp_CmGameAudioManager( 3458): [initParams] appId:1400150987,key:buMMx8o3CO2Wlp1j,url:http://sqimg.qq.com/qq_product_operations/gme_sdk/GME_SDK_V2.zip,md5:b2c3bf0fb4e596cbb2136fdef7f697eb,OPEN_AUDIO:false,sDISPLAY:true

D/ConnectivityService( 1748): ConnectivityService NetworkRequestInfo binderDied(NetworkRequest [ id=22, legacyType=-1, [ Capabilities: INTERNET&NOT_RESTRICTED&TRUSTED] ], android.os.BinderProxy@25d324d7)

D/ConnectivityService( 1748): releasing NetworkRequest NetworkRequest [ id=21, legacyType=-1, [ Capabilities: INTERNET&NOT_RESTRICTED&TRUSTED] ]

I/CmGameTemp_CmGameAudioManager( 3458): [handleMessage] exitRoom,roomId:null

D/AVEngineWalper( 3458): StartOpenSpeaker.OnComplete. bOpen = false, result = 0

D/AVEngineWalper( 3458): StartOpenSpeaker.OnComplete. bOpen = false, result = 0

E/AVEngineWalper( 3458): ExitRoom!!!, strRoomIDnull

I/AVManager( 3458): exitRoom|ret=1003

E/ConnectivityService( 1748): RemoteException caught trying to send a callback msg for NetworkRequest [ id=21, legacyType=-1, [ Capabilities: INTERNET&NOT_RESTRICTED&TRUSTED] ]

D/ConnectivityService( 1748): releasing NetworkRequest NetworkRequest [ id=22, legacyType=-1, [ Capabilities: INTERNET&NOT_RESTRICTED&TRUSTED] ]

E/ConnectivityService( 1748): RemoteException caught trying to send a callback msg for NetworkRequest [ id=22, legacyType=-1, [ Capabilities: INTERNET&NOT_RESTRICTED&TRUSTED] ]

I/Unity   (12748): [Noticesys]  msgID 85646 MsgUrlhttps://www.google.com.hk/#title=?endmsgtitle =  content  openid=  MsgType  = APO_NOTICETYPE_ALERT contenturl =http://image.smoba.qq.com/yywj/2018feiyingtugonggao2/0505YZJFFB.png

I/Unity   (12748):  

I/Unity   (12748): (Filename: .\artifacts/generated/common/runtime/DebugBindings.gen.cpp Line: 51)

I/Unity   (12748): 

I/Unity   (12748): [Noticesys] find url  ori = https://www.google.com.hk/#title=?end

I/Unity   (12748):  

I/Unity   (12748): (Filename: .\artifacts/generated/common/runtime/DebugBindings.gen.cpp Line: 51)

I/Unity   (12748): 

W/Settings( 2506): Setting airplane_mode_on has moved from android.provider.Settings.System to android.provider.Settings.Global, returning read-only value.

I/Unity   (12748): [Noticesys]  msgID 85645 MsgUrlhttps://www.google.com.hk/#title=&button=9&url=https://pvp.qq.com/cp/a20190505wwkhj/&endmsgtitle =  content  openid=  MsgType  = APO_NOTICETYPE_ALERT contenturl =http://image.smoba.qq.com/yywj/2018feiyingtugonggao2/0425WWKHJZTZ.png

I/Unity   (12748):  

I/Unity   (12748): (Filename: .\artifacts/generated/common/runtime/DebugBindings.gen.cpp Line: 51)

I/Unity   (12748): 

I/Unity   (12748): [Noticesys] find url https://pvp.qq.com/cp/a20190505wwkhj/ ori = https://www.google.com.hk/#title=&button=9&url=https://pvp.qq.com/cp/a20190505wwkhj/&end

I/Unity   (12748):  

I/Unity   (12748): (Filename: .\artifacts/generated/common/runtime/DebugBindings.gen.cpp Line: 51)

I/Unity   (12748): 

I/Unity   (12748): [Noticesys]  msgID 85643 MsgUrlhttps://www.google.com.hk/#title=???5&endmsgtitle =  content  openid=  MsgType  = APO_NOTICETYPE_ALERT contenturl =http://image.smoba.qq.com/yywj/2018feiyingtugonggao2/0429QXYXM.png

I/Unity   (12748):  

I/Unity   (12748): (Filename: .\artifacts/generated/common/runtime/DebugBindings.gen.cpp Line: 51)

I/Unity   (12748): 

I/Unity   (12748): [Noticesys] find url  ori = https://www.google.com.hk/#title=???5&end

I/Unity   (12748):  

I/Unity   (12748): (Filename: .\artifacts/generated/common/runtime/DebugBindings.gen.cpp Line: 51)

I/Unity   (12748): 

E/Unity   (12748): TGA not available

E/Unity   (12748):  

E/Unity   (12748): (Filename: .\artifacts/generated/common/runtime/DebugBindings.gen.cpp Line: 51)

E/Unity   (12748): 

D/MidasComm<Log>(12748): __flush and write data size: 4984

D/MidasComm<Log>(12748): size to write: 4984, channel size: 62624, limit: 1048576

D/MidasComm<Log>(12748): write map time: 0, sync time: 6

D/MicroMsg.SDK.WXMsgImplComm(12748): ignore wechat app signature validation

E/Unity   (12748): https://kf.qq.com/touch/scene_product.html?scene_id=kf1062&qi=1&wi=1&z=1316&zn=%e6%89%8bQ306%e5%8c%ba+%e8%99%8e%e5%95%b8%e9%a3%8e%e7%94%9f&role=%e8%b4%be%e7%bb%b4%e6%96%af_c

E/Unity   (12748):  

E/Unity   (12748): (Filename: .\artifacts/generated/common/runtime/DebugBindings.gen.cpp Line: 51)

E/Unity   (12748): 

D/MicroMsg.SDK.WXMsgImplComm(12748): ignore wechat app signature validation

I/ActivityManager( 1748): START u0 {flg=0x20000000 cmp=com.tencent.tmgp.sgame/com.tencent.msdk.webview.WebViewActivity (has extras)} from uid 10035 on display 0

V/WindowManager( 1748): addAppToken: AppWindowToken{315617e2 token=Token{19ad88ad ActivityRecord{56a61c4 u0 com.tencent.tmgp.sgame/com.tencent.msdk.webview.WebViewActivity t7}}} to stack=1 task=7 at 1

I/Unity   (12748): Causing: OpenGL Renderer, Will Wait 1s!!!

W/ActivityManager( 1748): Activity pause timeout for ActivityRecord{bd045d5 u0 com.tencent.tmgp.sgame/.SGameActivity t7}

I/ActivityManager( 1748): Start proc 17333:com.tencent.tmgp.sgame:msdk_inner_webview/u0a35 for activity com.tencent.tmgp.sgame/com.tencent.msdk.webview.WebViewActivity

D/houdini (17333): [17333] Initialize library(version: 5.0.7b_x.48396 RELEASE)... successfully.

D/houdini (17333): [17333] Added shared library /data/app/com.tencent.tmgp.sgame-1/lib/arm/libtprt.so for ClassLoader by Native Bridge.

D/[MSDK WebViewActivity](17333): Close X5 : false

D/[MSDK WebViewActivity](17333): isRunCppCode : true

I/apolloVoice(12748): ApolloVoicePause

I/apolloVoice(12748): ApolloVoiceCloseMic

I/apolloVoice(12748): ApolloVoiceCloseSpeaker

I/Unity   (12748): SendToLua, eventId: 2000 arg1: 1 arg2: 0, msg: FFP_MSG_APP_PAUSED

I/Unity   (12748):  

I/Unity   (12748): (Filename: .\artifacts/generated/common/runtime/DebugBindings.gen.cpp Line: 51)

I/Unity   (12748): 

D/houdini (17333): [17333] Added shared library /data/data/com.tencent.mm/app_tbs/core_share_decouple/libtbs_crash_handler.so for ClassLoader by Native Bridge.

I/crash_recorder(17333): JNI_OnLoad at vm:0xb3121504

I/crash_recorder(17333): starting registerNativeSignalAction...

I/Unity   (12748): [NetSpeed ACC] Begin GoBack

I/Unity   (12748):  

I/Unity   (12748): (Filename: .\artifacts/generated/common/runtime/DebugBindings.gen.cpp Line: 51)

I/Unity   (12748): 

I/Unity   (12748): removing mglView

I/Apollo  (12748): onPause

I/        (12748): Apollo onPause

I/MsdkAdapter(12748): Apollo onPause

D/houdini (17333): [17333] Added shared library /data/data/com.tencent.mm/app_tbs/core_share_decouple/libBugly-tbscore.so for ClassLoader by Native Bridge.

D/CaptureScreen(12748): stop capture

D/houdini (17333): [17333] Added shared library /data/data/com.tencent.mm/app_tbs/core_share_decouple/libwebp_base.so for ClassLoader by Native Bridge.

W/art     (17333): Before Android 4.1, method void com.tencent.tbs.core.webkit.AbsoluteLayout.onInitializeAccessibilityEventInternal(android.view.accessibility.AccessibilityEvent) would have incorrectly overridden the package-private method in android.view.ViewGroup

W/art     (17333): Before Android 4.1, method void com.tencent.tbs.core.webkit.AbsoluteLayout.onInitializeAccessibilityNodeInfoInternal(android.view.accessibility.AccessibilityNodeInfo) would have incorrectly overridden the package-private method in android.view.ViewGroup

W/art     (17333): Before Android 4.1, method void com.tencent.tbs.core.webkit.WebView.onInitializeAccessibilityEventInternal(android.view.accessibility.AccessibilityEvent) would have incorrectly overridden the package-private method in android.view.ViewGroup

W/art     (17333): Before Android 4.1, method void com.tencent.tbs.core.webkit.WebView.onInitializeAccessibilityNodeInfoInternal(android.view.accessibility.AccessibilityNodeInfo) would have incorrectly overridden the package-private method in android.view.ViewGroup

W/art     (17333): Before Android 4.1, method void android.webview.chromium.tencent.TencentWebViewContentsClientAdapter.setDownloadListener(com.tencent.tbs.core.webkit.DownloadListener) would have incorrectly overridden the package-private method in android.webview.chromium.WebViewContentsClientAdapter

W/art     (17333): Before Android 4.1, method void android.webview.chromium.tencent.TencentWebViewContentsClientAdapter.setWebChromeClient(com.tencent.tbs.core.webkit.WebChromeClient) would have incorrectly overridden the package-private method in android.webview.chromium.WebViewContentsClientAdapter

W/art     (17333): Before Android 4.1, method void android.webview.chromium.tencent.TencentWebViewContentsClientAdapter.setWebViewClient(com.tencent.tbs.core.webkit.WebViewClient) would have incorrectly overridden the package-private method in android.webview.chromium.WebViewContentsClientAdapter

D/WifiService( 1748): New client listening to asynchronous messages

W/System.err(17333): java.lang.IllegalArgumentException: optimizedDirectory not readable/writable: /data/data/com.tencent.mm/app_tbs/core_share_decouple

W/System.err(17333): 	at dalvik.system.DexPathList.<init>(DexPathList.java:101)

W/System.err(17333): 	at dalvik.system.BaseDexClassLoader.<init>(BaseDexClassLoader.java:48)

W/System.err(17333): 	at dalvik.system.DexClassLoader.<init>(DexClassLoader.java:57)

W/System.err(17333): 	at com.tencent.tbs.tbsshell.TBSShellDelegate.createtDexLoader(Unknown Source)

W/System.err(17333): 	at com.tencent.tbs.tbsshell.partner.TBSShellPartner.access$5100(Unknown Source)

W/System.err(17333): 	at com.tencent.tbs.tbsshell.partner.TBSShellPartner$10.getCurrentClassLoader(Unknown Source)

W/System.err(17333): 	at com.tencent.smtt.asr.export.ASREngine.init(ASREngine.java:40)

W/System.err(17333): 	at com.tencent.tbs.tbsshell.partner.TBSShellPartner.initTbsASREngine(Unknown Source)

W/System.err(17333): 	at com.tencent.tbs.tbsshell.partner.TBSShellPartner.initTbsRuntimeEnvironment(Unknown Source)

W/System.err(17333): 	at com.tencent.tbs.tbsshell.TBSShell.initTesRuntimeEnvironment(Unknown Source)

W/System.err(17333): 	at com.tencent.tbs.tbsshell.TBSShell.initTesRuntimeEnvironment(Unknown Source)

W/System.err(17333): 	at java.lang.reflect.Method.invoke(Native Method)

W/System.err(17333): 	at java.lang.reflect.Method.invoke(Method.java:372)

W/System.err(17333): 	at com.tencent.smtt.export.external.DexLoader.invokeStaticMethod(Unknown Source)

W/System.err(17333): 	at com.tencent.smtt.sdk.az.a(Unknown Source)

W/System.err(17333): 	at com.tencent.smtt.sdk.az.<init>(Unknown Source)

W/System.err(17333): 	at com.tencent.smtt.sdk.l.a(Unknown Source)

W/System.err(17333): 	at com.tencent.smtt.sdk.bj.a(Unknown Source)

W/System.err(17333): 	at com.tencent.smtt.sdk.WebView.c(Unknown Source)

W/System.err(17333): 	at com.tencent.smtt.sdk.WebView.<init>(Unknown Source)

W/System.err(17333): 	at com.tencent.smtt.sdk.WebView.<init>(Unknown Source)

W/System.err(17333): 	at com.tencent.smtt.sdk.WebView.<init>(Unknown Source)

W/System.err(17333): 	at com.tencent.smtt.sdk.WebView.<init>(Unknown Source)

W/System.err(17333): 	at java.lang.reflect.Constructor.newInstance(Native Method)

W/System.err(17333): 	at java.lang.reflect.Constructor.newInstance(Constructor.java:288)

W/System.err(17333): 	at android.view.LayoutInflater.createView(LayoutInflater.java:607)

W/System.err(17333): 	at android.view.LayoutInflater.createViewFromTag(LayoutInflater.java:743)

W/System.err(17333): 	at android.view.LayoutInflater.rInflate(LayoutInflater.java:806)

W/System.err(17333): 	at android.view.LayoutInflater.rInflate(LayoutInflater.java:809)

W/System.err(17333): 	at android.view.LayoutInflater.inflate(LayoutInflater.java:504)

W/System.err(17333): 	at android.view.LayoutInflater.inflate(LayoutInflater.java:414)

W/System.err(17333): 	at android.view.LayoutInflater.inflate(LayoutInflater.java:365)

W/System.err(17333): 	at com.android.internal.policy.impl.PhoneWindow.setContentView(PhoneWindow.java:378)

W/System.err(17333): 	at android.app.Activity.setContentView(Activity.java:2145)

W/System.err(17333): 	at com.tencent.msdk.webview.WebViewActivity.onCreate(WebViewActivity.java:500)

W/System.err(17333): 	at android.app.Activity.performCreate(Activity.java:5990)

W/System.err(17333): 	at android.app.Instrumentation.callActivityOnCreate(Instrumentation.java:1106)

W/System.err(17333): 	at android.app.ActivityThread.performLaunchActivity(ActivityThread.java:2280)

W/System.err(17333): 	at android.app.ActivityThread.handleLaunchActivity(ActivityThread.java:2392)

W/System.err(17333): 	at android.app.ActivityThread.access$800(ActivityThread.java:153)

W/System.err(17333): 	at android.app.ActivityThread$H.handleMessage(ActivityThread.java:1305)

W/System.err(17333): 	at android.os.Handler.dispatchMessage(Handler.java:102)

W/System.err(17333): 	at android.os.Looper.loop(Looper.java:135)

W/System.err(17333): 	at android.app.ActivityThread.main(ActivityThread.java:5293)

W/System.err(17333): 	at java.lang.reflect.Method.invoke(Native Method)

W/System.err(17333): 	at java.lang.reflect.Method.invoke(Method.java:372)

W/System.err(17333): 	at com.android.internal.os.ZygoteInit$MethodAndArgsCaller.run(ZygoteInit.java:903)

W/System.err(17333): 	at com.android.internal.os.ZygoteInit.main(ZygoteInit.java:698)

I/art     (17333): Background sticky concurrent mark sweep GC freed 61106(6MB) AllocSpace objects, 45(720KB) LOS objects, 30% free, 8MB/12MB, paused 1.719ms total 108.715ms

D/houdini (17333): [17364] Added shared library /data/data/com.tencent.mm/app_tbs/core_share_decouple/libcommon_basemodule_jni.so for ClassLoader by Native Bridge.

D/libEGL  (17333): loaded /system/lib/egl/libEGL_adreno.so

D/houdini (17333): [17333] Added shared library /data/data/com.tencent.mm/app_tbs/core_share_decouple/libmttwebview.so for ClassLoader by Native Bridge.

D/        (17333): HostConnection::get() New Host Connection established 0xa1084380, tid 17364

D/houdini (17333): [17333] Added shared library /data/data/com.tencent.mm/app_tbs/core_share_decouple/libmttwebview_plat_support.so for ClassLoader by Native Bridge.

D/libEGL  (17333): loaded /system/lib/egl/libGLESv1_CM_adreno.so

D/libEGL  (17333): loaded /system/lib/egl/libGLESv2_adreno.so

D/houdini (17333): [17364] Added shared library /data/data/com.tencent.mm/app_tbs/core_share_decouple/libqb_keystore.so for ClassLoader by Native Bridge.

W/FileUtils(17333): Failed to chmod(/data/data/com.tencent.mm/app_tbs_common_share): android.system.ErrnoException: chmod failed: ENOENT (No such file or directory)

I/icumtt  (17333): ICU load finished. 53

D/        (17333): HostConnection::get() New Host Connection established 0xa1087e50, tid 17333

I/memcheck(17333): RenderProcessHostImpl

D/ConnectivityService( 1748): listenForNetwork for NetworkRequest [ id=25, legacyType=-1, [ Capabilities: INTERNET&NOT_RESTRICTED&TRUSTED] ]

D/ConnectivityService( 1748): handleRegisterNetworkRequest checking NetworkAgentInfo [WIFI () - 100]

D/ConnectivityService( 1748): apparently satisfied.  currentScore=60

D/ConnectivityManager.CallbackHandler(17333): CM callback handler got msg 524290

W/System.err(17333): java.io.FileNotFoundException: /data/data/com.tencent.tmgp.sgame/cache/optlist.ser: open failed: ENOENT (No such file or directory)

W/System.err(17333): 	at libcore.io.IoBridge.open(IoBridge.java:456)

W/System.err(17333): 	at java.io.FileInputStream.<init>(FileInputStream.java:76)

W/System.err(17333): 	at java.io.FileInputStream.<init>(FileInputStream.java:103)

W/System.err(17333): 	at com.tencent.smtt.net.c.a(Unknown Source)

W/System.err(17333): 	at com.tencent.smtt.net.c.c(Unknown Source)

W/System.err(17333): 	at com.tencent.smtt.net.NetworkSmttService.preconnectMainResources(Unknown Source)

W/System.err(17333): Caused by: android.system.ErrnoException: open failed: ENOENT (No such file or directory)

W/System.err(17333): 	at libcore.io.Posix.open(Native Method)

W/System.err(17333): 	at libcore.io.BlockGuardOs.open(BlockGuardOs.java:186)

W/System.err(17333): 	at libcore.io.IoBridge.open(IoBridge.java:442)

W/System.err(17333): 	... 5 more

D/[MSDK WebViewActivity](17333): Tbs useragent : Mozilla/5.0 (Linux; Android 5.1.1; SM-G955F Build/JLS36C; wv) AppleWebKit/537.36 (KHTML, like Gecko) Version/4.0 Chrome/57.0.2987.132 MQQBrowser/6.2 TBS/044328 Mobile Safari/537.36 MSDK/3.2.14a

I/ActivityManager( 1748): START u0 {cmp=com.tencent.tmgp.sgame/com.tencent.msdk.webview.JumpShareActivity (has extras)} from uid 10035 on display 0

V/WindowManager( 1748): addAppToken: AppWindowToken{2160e18d token=Token{2ba21224 ActivityRecord{e13dab7 u0 com.tencent.tmgp.sgame/com.tencent.msdk.webview.JumpShareActivity t7}}} to stack=1 task=7 at 2

I/memcheck(17333): RegisterMojoInterfaces

D/BluetoothManagerService( 1748): Message: 20

D/BluetoothManagerService( 1748): Added callback: android.bluetooth.IBluetoothManagerCallback$Stub$Proxy@38cdb545:true

D/BluetoothAdapter(17333): 209989734: getState() :  mService = null. Returning STATE_OFF

I/v8      (17333): CALL TRACE EVENT WITH ISOLATE NULL

I/v8      (17333): CALL TRACE EVENT WITH ISOLATE NULL

I/v8      (17333): CALL TRACE EVENT WITH ISOLATE NULL

I/v8      (17333): CALL TRACE EVENT WITH ISOLATE NULL

I/ActivityManager( 1748): START u0 {cmp=com.tencent.tmgp.sgame/com.tencent.msdk.webview.JumpShareActivity (has extras)} from uid 10035 on display 0

V/WindowManager( 1748): addAppToken: AppWindowToken{12e8d1ec token=Token{6921c9f ActivityRecord{3549e63e u0 com.tencent.tmgp.sgame/com.tencent.msdk.webview.JumpShareActivity t7}}} to stack=1 task=7 at 3

D/OpenGLRenderer(17333): Use EGL_SWAP_BEHAVIOR_PRESERVED: true

D/Atlas   (17333): Validating map...

I/art     ( 1748): Explicit concurrent mark sweep GC freed 69473(3MB) AllocSpace objects, 3(670KB) LOS objects, 33% free, 15MB/23MB, paused 299us total 45.674ms

V/WindowManager( 1748): Adding window Window{2b8720d8 u0 com.tencent.tmgp.sgame/com.tencent.msdk.webview.WebViewActivity} at 4 of 7 (after Window{d43ac0c u0 com.tencent.tmgp.sgame/com.tencent.tmgp.sgame.SGameActivity})

D/ConnectivityService( 1748): listenForNetwork for NetworkRequest [ id=26, legacyType=-1, [ Capabilities: INTERNET&NOT_RESTRICTED&TRUSTED] ]

D/ConnectivityService( 1748): handleRegisterNetworkRequest checking NetworkAgentInfo [WIFI () - 100]

D/ConnectivityService( 1748): apparently satisfied.  currentScore=60

D/ConnectivityManager.CallbackHandler(17333): CM callback handler got msg 524290

D/MSDK    (12748): MSDK try to load libMSDKSystem.so

W/DebugConnManager(17333): getNetworkInfo() on networkType 1

W/DebugConnManager(17333): getNetworkInfo() on networkType 0

I/tx      (12748): performOnMainThread begin

I/tx      (12748): performOnMainThread: pEnv is 10103584

I/tx      (12748): cls is 100019

I/tx      (12748): mid is 74ee7390

I/tx      (12748): pEnv->CallVoidMethod

I/System.out(12748): Main Thread:Thread[main,5,main]Current Thread:Thread[main,5,main]

I/tx      (12748): JNI Perform pSelector get

I/tx      (12748): callJNIperform working

I/tx      (12748): pEnv->CallVoidMethod after

I/OpenGLRenderer(17333): Initialized EGL, version 1.4

D/        (17333): HostConnection::get() New Host Connection established 0xa12a83d0, tid 17433

D/OpenGLRenderer(17333): Enabling debug mode 0

E/libEGL  (17333): validate_display:255 error 3008 (EGL_BAD_DISPLAY)

D/        (17333): HostConnection::get() New Host Connection established 0xa133c6b0, tid 17446

W/AudioCapabilities(17333): Unsupported mime audio/x-ms-wma

W/AudioCapabilities(17333): Unsupported mime audio/vnd.rn-realaudio

W/AudioCapabilities(17333): Unsupported mime audio/mpeg-L2

W/AudioCapabilities(17333): Unsupported mime audio/ac3

W/AudioCapabilities(17333): Unsupported mime audio/x-ape

W/AudioCapabilities(17333): Unsupported mime audio/vnd.dts

W/AudioCapabilities(17333): Unsupported mime audio/ffmpeg

W/VideoCapabilities(17333): Unsupported mime video/mpeg2

W/VideoCapabilities(17333): Unsupported mime video/x-ms-wmv

W/VideoCapabilities(17333): Unsupported mime video/vnd.rn-realvideo

W/VideoCapabilities(17333): Unsupported mime video/vc1

W/VideoCapabilities(17333): Unsupported mime video/x-flv

W/VideoCapabilities(17333): Unsupported mime video/divx

W/VideoCapabilities(17333): Unsupported mime video/ffmpeg

I/VideoCapabilities(17333): Unsupported profile 4 for video/mp4v-es

W/ContextImpl( 1748): Calling a method in the system process without a qualified user: android.app.ContextImpl.sendBroadcast:1327 com.android.server.InputMethodManagerService.hideCurrentInputLocked:1992 com.android.server.InputMethodManagerService.windowGainedFocus:2082 com.android.internal.view.IInputMethodManager$Stub.onTransact:221 com.android.server.InputMethodManagerService.onTransact:873 

E/eglCodecCommon(17333): glUtilsParamSize: unknow param 0x00008a34

E/eglCodecCommon(17333): glUtilsParamSize: unknow param 0x00008073

E/eglCodecCommon(17333): glUtilsParamSize: unknow param 0x000088ff

E/eglCodecCommon(17333): glUtilsParamSize: unknow param 0x000088ff

D/MSF.C.NetConnTag( 2506): netRecv ssoSeq:-1117486974 uin:*8736 cmd:BS08PTQ9FS85K34EOAgwKSIEIjsvKAgpLQ -1117486079 cross:0

I/MSF.S.AppProcessManager( 2506): SendToApp PUSH process:com.tencent.mobileqq fromServiceMsg: FromServiceMsg msName:onRecvPushMsg ssoSeq:-1117486974 serviceCmd:OnlinePush.PbPushGroupMsg appSeq:-1117486974 failCode:1000 cost=8 needBoot=true

I/troop_ext( 3458): onTroopReceiveOrSendMsg troopInfo is null or not eliminated. troopUin: 495757025

D/Q.msg.TroopMsgProxy( 3458): insertToList MessageRecord=friendUin:7025senderuin:3054,istroop:1,msgType:-2000,time:1557048147,shmsgseq:1079202

D/Q.unread.Proxy_UnreadMonitor( 3458): insertOrUpdateUnread update=--ConversationInfo--,shortUin:*7025,type:1,lastread:1059427,unreadCount:19755,unreadGiftCount:0,unreadRedPacketCount:0,unreadMark:0

D/ConnectivityService( 1748): ConnectivityService NetworkRequestInfo binderDied(NetworkRequest [ id=26, legacyType=-1, [ Capabilities: INTERNET&NOT_RESTRICTED&TRUSTED] ], android.os.BinderProxy@3bc16b8f)

D/ConnectivityService( 1748): ConnectivityService NetworkRequestInfo binderDied(NetworkRequest [ id=25, legacyType=-1, [ Capabilities: INTERNET&NOT_RESTRICTED&TRUSTED] ], android.os.BinderProxy@1fba8e1c)

I/WindowState( 1748): WIN DEATH: Window{2b8720d8 u0 com.tencent.tmgp.sgame/com.tencent.msdk.webview.WebViewActivity}

I/Zygote  ( 1460): Process 17333 exited due to signal (11)

W/InputDispatcher( 1748): channel '2b8720d8 com.tencent.tmgp.sgame/com.tencent.msdk.webview.WebViewActivity (server)' ~ Consumer closed input channel or an error occurred.  events=0x9

E/InputDispatcher( 1748): channel '2b8720d8 com.tencent.tmgp.sgame/com.tencent.msdk.webview.WebViewActivity (server)' ~ Channel is unrecoverably broken and will be disposed!

I/ActivityManager( 1748): Process com.tencent.tmgp.sgame:msdk_inner_webview (pid 17333) has died

D/ConnectivityService( 1748): releasing NetworkRequest NetworkRequest [ id=25, legacyType=-1, [ Capabilities: INTERNET&NOT_RESTRICTED&TRUSTED] ]

