D/ConnectivityService( 1748): releasing NetworkRequest NetworkRequest [ id=23, legacyType=-1, [ Capabilities: INTERNET&NOT_RESTRICTED&TRUSTED] ]

D/WifiService( 1748): New client listening to asynchronous messages

W/IntentResolver( 1748): resolveIntent: multiple matches, only some with CATEGORY_DEFAULT

--------- beginning of main

I/tx      (12748): after Thread: CXThreadBase::Resume m_PauseEvent.Set()

D/MSF.C.NetConnTag( 2506): use full head for uin:*8736

D/MSF.C.NetConnTag( 2506): pa ok: 48653

D/MSF.C.NetConnTag( 2506): netSend ssoSeq:48653 uin:*8736 cmd:GRAfehY3IjMkDjUmPT0 49800 27fd6c31

D/MSF.C.NetConnTag( 2506): send Packet addQueue, ssoSeq=48653, uin=*8736

D/MSF.C.CodecWarpper( 2506): recv Packet ssoSeq:48650, uin:*8736

D/MSF.C.NetConnTag( 2506): netRecv ssoSeq:48650 uin:*8736 cmd:KyAzOy82MXQYJiEhPysxCz8mIi0LCQg1KCo8MRk3Ky4rICQnDGs 48977 cross:0

I/MSF.S.AppProcessManager( 2506): SendToApp process:com.tencent.mobileqq fromServiceMsg: FromServiceMsg msName:unknown ssoSeq:48650 serviceCmd:account.RequestQueryQQMobileContactsV3 appSeq:1191 failCode:1000 cost=2 needBoot=false

E/SQLiteLog( 3458): (1) no such table: ContactMatch

E/SQLiteLog( 3458): (1) no such table: ContactBinded

D/ReadInJoyHelper( 3458): canInMessageList,uin:3434959637,isKandianTab:true,dailyKDTime:9223372036854775807,subKDTime:0,canShow:true ,error :

D/BadgeUtils_UnreadMonitor( 3458): setBadge limit: 999, count: 34

D/CommonBadgeUtilImpl( 3458): setBadge count=34|forceSet=false

D/MSF.C.NetConnTag( 2506): netRecv Delay FromServiceMsg ssoSeq:-1434626601 scmd: SSO.LoginMerge len: 2759 uncompressed len: 3669

D/MSF.C.CodecWarpper( 2506): recv Packet ssoSeq:48652, uin:*8736

D/MSF.C.NetConnTag( 2506): netRecv ssoSeq:48652 uin:*8736 cmd:BSo0NgkuJnR6O2c3bgd1 48810 cross:0

D/MSF.C.CodecWarpper( 2506): recv Packet ssoSeq:48651, uin:*8736

D/MSF.C.NetConnTag( 2506): netRecv ssoSeq:48651 uin:*8736 cmd:GjE/MjM0IAkvMSY9OT1rHS83Aj05MBYzLQ 52096 cross:0

I/MSF.S.AppProcessManager( 2506): SendToApp process:com.tencent.mobileqq fromServiceMsg: FromServiceMsg msName:unknown ssoSeq:48652 serviceCmd:OidbSvc.0x7c4_0 appSeq:1193 failCode:1000 cost=1 needBoot=false

I/MSF.S.AppProcessManager( 2506): SendToApp process:com.tencent.mobileqq fromServiceMsg: FromServiceMsg msName:unknown ssoSeq:48651 serviceCmd:ProfileService.GetRichSig appSeq:1192 failCode:1000 cost=2 needBoot=false

D/MSF.C.NetConnTag( 2506): add 48654 cmd:GjE/MjM0IAkvMSY9OT1rHS83Aj05MBYzLQ uin: *8736 len: 705 msg to GRAfehY3IjMkDjUmPT0 delayWaitSendList

E/SQLiteLog( 3458): (1) no such table: mr_friend_FF8A7210381967094F5554D7315CAA03_New

D/MSF.C.NetConnTag( 2506): use full head for uin:*8736

D/MSF.C.NetConnTag( 2506): clear storeSendSsoSeq tag for uin:*8736

D/MSF.C.NetConnTag( 2506): pa ok: 48655

D/MSF.C.NetConnTag( 2506): netSend ssoSeq:48655 uin:*8736 cmd:GRAfehY3IjMkDjUmPT0 49578 27fd6c31

D/MSF.C.NetConnTag( 2506): send Packet addQueue, ssoSeq=48655, uin=*8736

D/MSF.C.NetConnTag( 2506): netRecv Delay FromServiceMsg ssoSeq:-1434625338 scmd: SSO.LoginMerge len: 2533 uncompressed len: 3490

D/MSF.C.CodecWarpper( 2506): recv Packet ssoSeq:48654, uin:*8736

D/MSF.C.NetConnTag( 2506): netRecv ssoSeq:48654 uin:*8736 cmd:GjE/MjM0IAkvMSY9OT1rHS83Aj05MBYzLQ 52104 cross:0

I/MSF.S.AppProcessManager( 2506): SendToApp process:com.tencent.mobileqq fromServiceMsg: FromServiceMsg msName:unknown ssoSeq:48654 serviceCmd:ProfileService.GetRichSig appSeq:1194 failCode:1000 cost=3 needBoot=false

D/MSF.C.NetConnTag( 2506): add 48656 cmd:GjE/MjM0IAkvMSY9OT1rHS83Aj05MBYzLQ uin: *8736 len: 697 msg to GRAfehY3IjMkDjUmPT0 delayWaitSendList

D/MSF.C.NetConnTag( 2506): use full head for uin:*8736

D/MSF.C.NetConnTag( 2506): clear storeSendSsoSeq tag for uin:*8736

D/MSF.C.NetConnTag( 2506): pa ok: 48657

D/MSF.C.NetConnTag( 2506): netSend ssoSeq:48657 uin:*8736 cmd:GRAfehY3IjMkDjUmPT0 49572 27fd6c31

D/MSF.C.NetConnTag( 2506): send Packet addQueue, ssoSeq=48657, uin=*8736

D/MSF.C.NetConnTag( 2506): netRecv Delay FromServiceMsg ssoSeq:-1434624105 scmd: SSO.LoginMerge len: 2629 uncompressed len: 3660

D/MSF.C.CodecWarpper( 2506): recv Packet ssoSeq:48656, uin:*8736

D/MSF.C.NetConnTag( 2506): netRecv ssoSeq:48656 uin:*8736 cmd:GjE/MjM0IAkvMSY9OT1rHS83Aj05MBYzLQ 52276 cross:0

I/MSF.S.AppProcessManager( 2506): SendToApp process:com.tencent.mobileqq fromServiceMsg: FromServiceMsg msName:unknown ssoSeq:48656 serviceCmd:ProfileService.GetRichSig appSeq:1195 failCode:1000 cost=1 needBoot=false

D/MSF.C.NetConnTag( 2506): add 48658 cmd:GjE/MjM0IAkvMSY9OT1rHS83Aj05MBYzLQ uin: *8736 len: 701 msg to GRAfehY3IjMkDjUmPT0 delayWaitSendList

D/MSF.C.NetConnTag( 2506): use full head for uin:*8736

D/MSF.C.NetConnTag( 2506): clear storeSendSsoSeq tag for uin:*8736

D/MSF.C.NetConnTag( 2506): pa ok: 48659

D/MSF.C.NetConnTag( 2506): netSend ssoSeq:48659 uin:*8736 cmd:GRAfehY3IjMkDjUmPT0 49598 27fd6c31

D/MSF.C.NetConnTag( 2506): send Packet addQueue, ssoSeq=48659, uin=*8736

D/MSF.C.NetConnTag( 2506): netRecv Delay FromServiceMsg ssoSeq:-1434622838 scmd: SSO.LoginMerge len: 2523 uncompressed len: 3461

D/MSF.C.CodecWarpper( 2506): recv Packet ssoSeq:48658, uin:*8736

D/MSF.C.NetConnTag( 2506): netRecv ssoSeq:48658 uin:*8736 cmd:GjE/MjM0IAkvMSY9OT1rHS83Aj05MBYzLQ 52079 cross:0

I/MSF.S.AppProcessManager( 2506): SendToApp process:com.tencent.mobileqq fromServiceMsg: FromServiceMsg msName:unknown ssoSeq:48658 serviceCmd:ProfileService.GetRichSig appSeq:1196 failCode:1000 cost=3 needBoot=false

E/FileUtils( 3458): readFileToStringEx file = null

E/SignatureTemplateConfig( 3458): read config fail result = null

D/MSF.C.NetConnTag( 2506): add 48660 cmd:GjE/MjM0IAkvMSY9OT1rHS83Aj05MBYzLQ uin: *8736 len: 693 msg to GRAfehY3IjMkDjUmPT0 delayWaitSendList

D/Q.msg.MsgProxy( 3458): insertToList MessageRecord=friendUin:9350senderuin:9350,istroop:0,msgType:-1034,time:1557047980,shmsgseq:0

D/MSF.C.NetConnTag( 2506): use full head for uin:*8736

D/MSF.C.NetConnTag( 2506): clear storeSendSsoSeq tag for uin:*8736

D/MSF.C.NetConnTag( 2506): pa ok: 48661

D/MSF.C.NetConnTag( 2506): netSend ssoSeq:48661 uin:*8736 cmd:GRAfehY3IjMkDjUmPT0 49600 27fd6c31

D/MSF.C.NetConnTag( 2506): send Packet addQueue, ssoSeq=48661, uin=*8736

D/MSF.C.NetConnTag( 2506): netRecv Delay FromServiceMsg ssoSeq:-1434621590 scmd: SSO.LoginMerge len: 3045 uncompressed len: 4221

D/MSF.C.CodecWarpper( 2506): recv Packet ssoSeq:48660, uin:*8736

D/MSF.C.NetConnTag( 2506): netRecv ssoSeq:48660 uin:*8736 cmd:GjE/MjM0IAkvMSY9OT1rHS83Aj05MBYzLQ 52841 cross:0

I/MSF.S.AppProcessManager( 2506): SendToApp process:com.tencent.mobileqq fromServiceMsg: FromServiceMsg msName:unknown ssoSeq:48660 serviceCmd:ProfileService.GetRichSig appSeq:1197 failCode:1000 cost=1 needBoot=false

D/MSF.C.NetConnTag( 2506): add 48662 cmd:GjE/MjM0IAkvMSY9OT1rHS83Aj05MBYzLQ uin: *8736 len: 665 msg to GRAfehY3IjMkDjUmPT0 delayWaitSendList

D/MSF.C.NetConnTag( 2506): use full head for uin:*8736

D/MSF.C.NetConnTag( 2506): clear storeSendSsoSeq tag for uin:*8736

D/MSF.C.NetConnTag( 2506): pa ok: 48663

D/MSF.C.NetConnTag( 2506): netSend ssoSeq:48663 uin:*8736 cmd:GRAfehY3IjMkDjUmPT0 49490 27fd6c31

D/MSF.C.NetConnTag( 2506): send Packet addQueue, ssoSeq=48663, uin=*8736

D/MSF.C.NetConnTag( 2506): netRecv Delay FromServiceMsg ssoSeq:-1434620317 scmd: SSO.LoginMerge len: 1991 uncompressed len: 2676

D/MSF.C.CodecWarpper( 2506): recv Packet ssoSeq:48662, uin:*8736

D/MSF.C.NetConnTag( 2506): netRecv ssoSeq:48662 uin:*8736 cmd:GjE/MjM0IAkvMSY9OT1rHS83Aj05MBYzLQ 51298 cross:0

I/MSF.S.AppProcessManager( 2506): SendToApp process:com.tencent.mobileqq fromServiceMsg: FromServiceMsg msName:unknown ssoSeq:48662 serviceCmd:ProfileService.GetRichSig appSeq:1198 failCode:1000 cost=1 needBoot=false

I/tx      (12748): Thread: CXThreadBase: OnThreadProc final Exit...

D/MSF.C.NetConnTag( 2506): preDetectTimeoutMsg cmd:HCo0MTUbBgk8IH4VPjk1Lis3OTs0, ssoSeq:48630

D/MSF.C.NetConnTag( 2506): pa ok: 48664

D/MSF.C.NetConnTag( 2506): netSend ssoSeq:48664 uin:0 cmd:AiYxJi46IDs+bRE4My4g 48821 27fd6c31

D/MSF.C.NetConnTag( 2506): netRecv ssoSeq:48664 uin:0 cmd:AiYxJi46IDs+bRE4My4g 48730 cross:0

W/Settings( 2506): Setting airplane_mode_on has moved from android.provider.Settings.System to android.provider.Settings.Global, returning read-only value.

D/mqq     ( 3458): newServlet = com.tencent.mobileqq.app.activateFriends.ActivateFriendServlet@3df057a3

D/MSF.C.NetConnTag( 2506): pa ok: 48665

D/MSF.C.NetConnTag( 2506): netSend ssoSeq:48665 uin:*8736 cmd:BSo0NgkuJnR6O2c3Ywd3 49084 27fd6c31

D/MSF.C.NetConnTag( 2506): send Packet addQueue, ssoSeq=48665, uin=*8736

D/MSF.C.NetConnTag( 2506): use simple head for uin:*8736

D/MSF.C.CodecWarpper( 2506): recv Packet removeItem setV9, ssoSeq:48665, uin:*8736

D/MSF.C.NetConnTag( 2506): netRecv ssoSeq:48665 uin:*8736 cmd:BSo0NgkuJnR6O2c3Ywd3 48776 cross:0

I/MSF.S.AppProcessManager( 2506): SendToApp process:com.tencent.mobileqq fromServiceMsg: FromServiceMsg msName:unknown ssoSeq:48665 serviceCmd:OidbSvc.0x7c9_2 appSeq:1199 failCode:1000 cost=0 needBoot=false

D/MSF.C.NetConnTag( 2506): netRecv ssoSeq:48630 uin:*8736 cmd:HCo0MTUbBgk8IH4VPjk1Lis3OTs0 costTime:30000 SignalStrengths wifi:31 gsm:7 cdma:-85 net:2 code:1002 failMsg:wait serverResp timeout

D/MSF.C.NetConnTag( 2506): found timeout msg check time: timenow = 1557048005690 firstSendHeartBeatTime = 1557047995690 ConfigManager.getHeartBeatTimeInterval() = 60000

W/VideoConfigServlet( 3458): VideoConfigServlet, isSuccess[false]

I/MSF.S.AppProcessManager( 2506): SendToApp process:com.tencent.mobileqq fromServiceMsg: FromServiceMsg msName:unknown ssoSeq:48630 serviceCmd:VideoCCSvc.Adaptation appSeq:1183 failCode:1002 cost=0 needBoot=false

W/Settings( 2506): Setting airplane_mode_on has moved from android.provider.Settings.System to android.provider.Settings.Global, returning read-only value.

D/QQProtect.QPUpdate( 3458): [SFU] update event: 2

D/MSF.C.NetConnTag( 2506): pa ok: 48666

D/MSF.C.NetConnTag( 2506): netSend ssoSeq:48666 uin:*8736 cmd:BywyPTY9FAs6MT8gPzsxdBsTBSQ+OTE/ 48885 27fd6c31

D/MSF.C.NetConnTag( 2506): netRecv ssoSeq:48666 uin:*8736 cmd:BywyPTY9FAs6MT8gPzsxdBsTBSQ+OTE/ 48873 cross:0

I/MSF.S.AppProcessManager( 2506): SendToApp process:com.tencent.mobileqq fromServiceMsg: FromServiceMsg msName:unknown ssoSeq:48666 serviceCmd:MobileQQprotect.QPUpdate appSeq:1200 failCode:1000 cost=1 needBoot=false

D/QQProtect.QPUpdate( 3458): [SFU] update event: 5

D/QQProtect.QPUpdate( 3458): [SFU] update event: 15

D/QQProtect.QPUpdate( 3458): [SFU] update event: 16

D/QQProtect.QPUpdate( 3458): [SFU] update event: 17

D/MSF.C.NetConnTag( 2506): pa ok: 48667

D/MSF.C.NetConnTag( 2506): netSend ssoSeq:48667 uin:*8736 cmd:CS85MTQsDDQsLBJ6CT0mCC8zPyYu 48822 27fd6c31

D/MSF.C.NetConnTag( 2506): netRecv ssoSeq:-1118077359 uin:*8736 cmd:BS08PTQ9FS85K34EOAgwKSIEIjsvKAgpLQ -1118076224 cross:0

I/MSF.S.AppProcessManager( 2506): SendToApp PUSH process:com.tencent.mobileqq fromServiceMsg: FromServiceMsg msName:onRecvPushMsg ssoSeq:-1118077359 serviceCmd:OnlinePush.PbPushGroupMsg appSeq:-1118077359 failCode:1000 cost=1 needBoot=true

I/troop_ext( 3458): onTroopReceiveOrSendMsg troopInfo is null or not eliminated. troopUin: 596217533

D/Q.msg.TroopMsgProxy( 3458): insertToList MessageRecord=friendUin:7533senderuin:4414,istroop:1,msgType:-2011,time:1557048016,shmsgseq:1560788

D/Q.unread.Proxy_UnreadMonitor( 3458): insertOrUpdateUnread update=--ConversationInfo--,shortUin:*7533,type:1,lastread:1558317,unreadCount:2439,unreadGiftCount:0,unreadRedPacketCount:0,unreadMark:0

W/Settings( 2506): Setting airplane_mode_on has moved from android.provider.Settings.System to android.provider.Settings.Global, returning read-only value.

W/Settings( 2506): Setting airplane_mode_on has moved from android.provider.Settings.System to android.provider.Settings.Global, returning read-only value.

W/Settings( 2506): Setting airplane_mode_on has moved from android.provider.Settings.System to android.provider.Settings.Global, returning read-only value.

D/MSF.C.NetConnTag( 2506): netRecv ssoSeq:-1118038498 uin:*8736 cmd:BS08PTQ9FS85K34EOAgwKSIEIjsvKAgpLQ -1118037491 cross:0

I/MSF.S.AppProcessManager( 2506): SendToApp PUSH process:com.tencent.mobileqq fromServiceMsg: FromServiceMsg msName:onRecvPushMsg ssoSeq:-1118038498 serviceCmd:OnlinePush.PbPushGroupMsg appSeq:-1118038498 failCode:1000 cost=2 needBoot=true

I/troop_ext( 3458): onTroopReceiveOrSendMsg troopInfo is null or not eliminated. troopUin: 596217533

D/Q.msg.TroopMsgProxy( 3458): insertToList MessageRecord=friendUin:7533senderuin:3003,istroop:1,msgType:-2000,time:1557048025,shmsgseq:1560789

D/Q.unread.Proxy_UnreadMonitor( 3458): insertOrUpdateUnread update=--ConversationInfo--,shortUin:*7533,type:1,lastread:1558317,unreadCount:2440,unreadGiftCount:0,unreadRedPacketCount:0,unreadMark:0

D/ProxyIpManagerImpl( 3458): Load local proxy ip failed, uin:*8736 type: 3 reason: not mobile network!

D/TicketManager( 3458): get ticket succ, stKey!

D/TicketManager( 3458): get ticket succ, st!

W/Settings( 2506): Setting airplane_mode_on has moved from android.provider.Settings.System to android.provider.Settings.Global, returning read-only value.

W/Settings( 2506): Setting airplane_mode_on has moved from android.provider.Settings.System to android.provider.Settings.Global, returning read-only value.

W/Settings( 2506): Setting airplane_mode_on has moved from android.provider.Settings.System to android.provider.Settings.Global, returning read-only value.

D/MSF.C.NetConnTag( 2506): netRecv ssoSeq:-1118017576 uin:*8736 cmd:BS08PTQ9FS85K34EOAgwKSIEIjsvKAgpLQ -1118016649 cross:0

I/MSF.S.AppProcessManager( 2506): SendToApp PUSH process:com.tencent.mobileqq fromServiceMsg: FromServiceMsg msName:onRecvPushMsg ssoSeq:-1118017576 serviceCmd:OnlinePush.PbPushGroupMsg appSeq:-1118017576 failCode:1000 cost=1 needBoot=true

D/GuardManager( 2506): prestart 3, 1557048029159, 1557047936349, 720000, true, true, 1557047936349

I/troop_ext( 3458): onTroopReceiveOrSendMsg troopInfo is null or not eliminated. troopUin: 596217533

D/Q.msg.TroopMsgProxy( 3458): insertToList MessageRecord=friendUin:7533senderuin:4457,istroop:1,msgType:-2000,time:1557048029,shmsgseq:1560790

D/Q.unread.Proxy_UnreadMonitor( 3458): insertOrUpdateUnread update=--ConversationInfo--,shortUin:*7533,type:1,lastread:1558317,unreadCount:2441,unreadGiftCount:0,unreadRedPacketCount:0,unreadMark:0

D/ProxyIpManagerImpl( 3458): Load local proxy ip failed, uin:*8736 type: 3 reason: not mobile network!

D/TicketManager( 3458): get ticket succ, stKey!

D/TicketManager( 3458): get ticket succ, st!

W/Settings( 2506): Setting airplane_mode_on has moved from android.provider.Settings.System to android.provider.Settings.Global, returning read-only value.

W/Settings( 2506): Setting airplane_mode_on has moved from android.provider.Settings.System to android.provider.Settings.Global, returning read-only value.

W/Settings( 2506): Setting airplane_mode_on has moved from android.provider.Settings.System to android.provider.Settings.Global, returning read-only value.

W/Settings( 2506): Setting airplane_mode_on has moved from android.provider.Settings.System to android.provider.Settings.Global, returning read-only value.

D/WorkerThreadMonitor( 2506): Kill MSF check result[ senderSize:0,sendInterval:25397,receiveInterval=5817,addCmdCount=98

D/MSF.C.NetConnTag( 2506): netRecv ssoSeq:-1117990662 uin:*8736 cmd:BS08PTQ9FS85K34EOAgwKSIEIjsvKAgpLQ -1117990303 cross:0

I/MSF.S.AppProcessManager( 2506): SendToApp PUSH process:com.tencent.mobileqq fromServiceMsg: FromServiceMsg msName:onRecvPushMsg ssoSeq:-1117990662 serviceCmd:OnlinePush.PbPushGroupMsg appSeq:-1117990662 failCode:1000 cost=3 needBoot=true

I/troop_ext( 3458): onTroopReceiveOrSendMsg troopInfo is null or not eliminated. troopUin: 596217533

D/Q.msg.TroopMsgProxy( 3458): insertToList MessageRecord=friendUin:7533senderuin:3003,istroop:1,msgType:-1000,time:1557048035,shmsgseq:1560791

D/Q.unread.Proxy_UnreadMonitor( 3458): insertOrUpdateUnread update=--ConversationInfo--,shortUin:*7533,type:1,lastread:1558317,unreadCount:2442,unreadGiftCount:0,unreadRedPacketCount:0,unreadMark:0

D/MSF.C.NetConnTag( 2506): pa ok: 48677

D/MSF.C.NetConnTag( 2506): netSend ssoSeq:48677 uin:*8736 cmd:CS85GDU/FiwpbQUkNjckPhgmIQ 48864 27fd6c31

D/WorkerThreadMonitor( 2506): Kill MSF check result[ senderSize:0,sendInterval:137,receiveInterval=8,addCmdCount=99

D/MSF.C.NetConnTag( 2506): netRecv ssoSeq:-1117706767 uin:*8736 cmd:BS08PTQ9FS85K34GPykVLzkr -1117706168 cross:0

D/MSF.C.NetConnTag( 2506): pa ok: 48678

D/MSF.C.NetConnTag( 2506): netSend ssoSeq:48678 uin:*8736 cmd:BS08PTQ9FS85K34GPys1Cj8wOA 48881 27fd6c31

I/MSF.S.AppProcessManager( 2506): SendToApp PUSH process:com.tencent.mobileqq fromServiceMsg: FromServiceMsg msName:onRecvPushMsg ssoSeq:-1117706767 serviceCmd:OnlinePush.ReqPush appSeq:-1117706767 failCode:1000 cost=3 needBoot=true

D/QSFM    ( 3458): scan started: App

D/QSFM    ( 3458): scan completed: App

I/art     ( 3458): Background partial concurrent mark sweep GC freed 372730(16MB) AllocSpace objects, 12(3MB) LOS objects, 20% free, 60MB/76MB, paused 902us total 100.529ms

D/MSF.C.NetConnTag( 2506): pa ok: 48679

D/MSF.C.NetConnTag( 2506): netSend ssoSeq:48679 uin:*8736 cmd:GxA1N3QZEx8kJA 49698 27fd6c31

D/MSF.C.NetConnTag( 2506): pa ok: 48680

D/MSF.C.NetConnTag( 2506): netSend ssoSeq:48680 uin:*8736 cmd:GSI2MRk9Ky4vMQMiKHYGFw4cFhUZHXccCwAVCxwUBB0VERUF 48787 27fd6c31

D/MSF.C.NetConnTag( 2506): netRecv ssoSeq:-1117664759 uin:*8736 cmd:BS08PTQ9FS85K34GPykVLzkr -1117663896 cross:0

I/MSF.S.AppProcessManager( 2506): SendToApp PUSH process:com.tencent.mobileqq fromServiceMsg: FromServiceMsg msName:onRecvPushMsg ssoSeq:-1117664759 serviceCmd:OnlinePush.ReqPush appSeq:-1117664759 failCode:1000 cost=1 needBoot=true

D/MSF.C.NetConnTag( 2506): pa ok: 48681

D/MSF.C.NetConnTag( 2506): netSend ssoSeq:48681 uin:*8736 cmd:BS08PTQ9FS85K34GPys1Cj8wOA 48884 27fd6c31

D/MSF.C.NetConnTag( 2506): pa ok: 48682

D/MSF.C.NetConnTag( 2506): netSend ssoSeq:48682 uin:*8736 cmd:CS85MTQsDDQsLBN6CT0mCC8zPyYu 48885 27fd6c31

D/MSF.C.NetConnTag( 2506): pa ok: 48683

D/MSF.C.NetConnTag( 2506): netSend ssoSeq:48683 uin:*8736 cmd:AjY+Mzs2FiwpbRkx 48926 27fd6c31

D/MSF.C.NetConnTag( 2506): netRecv ssoSeq:-1117657198 uin:*8736 cmd:BS08PTQ9FS85K34EOAgwKSIEIjsvKAgpLQ -1117656279 cross:0

I/troop_ext( 3458): onTroopReceiveOrSendMsg troopInfo is null or not eliminated. troopUin: 495757025

I/MSF.S.AppProcessManager( 2506): SendToApp PUSH process:com.tencent.mobileqq fromServiceMsg: FromServiceMsg msName:onRecvPushMsg ssoSeq:-1117657198 serviceCmd:OnlinePush.PbPushGroupMsg appSeq:-1117657198 failCode:1000 cost=5 needBoot=true

D/Q.msg.TroopMsgProxy( 3458): insertToList MessageRecord=friendUin:7025senderuin:0711,istroop:1,msgType:-2000,time:1557048109,shmsgseq:1079201

D/Q.unread.Proxy_UnreadMonitor( 3458): insertOrUpdateUnread update=--ConversationInfo--,shortUin:*7025,type:1,lastread:1059427,unreadCount:19754,unreadGiftCount:0,unreadRedPacketCount:0,unreadMark:0

D/ProxyIpManagerImpl( 3458): Load local proxy ip failed, uin:*8736 type: 3 reason: not mobile network!

D/TicketManager( 3458): get ticket succ, stKey!

D/TicketManager( 3458): get ticket succ, st!

I/Unity   (12748): 61.129.8.102;61.129.8.103;101.226.213.139;101.226.213.140;101.226.213.141;180.97.116.143;180.97.116.141;180.97.116.142;180.97.116.140;101.227.168.139;101.227.168.140;101.227.168.141;61.129.8.100;61.129.8.101

I/Unity   (12748):  

I/Unity   (12748): (Filename: .\artifacts/generated/common/runtime/DebugBindings.gen.cpp Line: 51)

I/Unity   (12748): 

I/System.out(12748): TX checkNetworkState

I/NetworkStateChecker(12748): CheckNetworkState

I/NetworkStateChecker(12748): Network Type : WIFI

I/tx      (12748): after Thread: CXThreadBase: Start m_bThreadRun.Set(true)

I/tx      (12748): after Thread: CXThreadBase::Resume m_bPause.Set(false)

I/tx      (12748): after Thread: CXThreadBase::Resume m_PauseEvent.Set()

I/Unity   (12748): TssdkSys CreateTssSDKSys, nplatf = 1

I/Unity   (12748):  

I/Unity   (12748): (Filename: .\artifacts/generated/common/runtime/DebugBindings.gen.cpp Line: 51)

I/Unity   (12748): 

I/Unity   (12748): TssdkSys OnAccountLogin

I/Unity   (12748):  

I/Unity   (12748): (Filename: .\artifacts/generated/common/runtime/DebugBindings.gen.cpp Line: 51)

I/Unity   (12748): 

W/IntentResolver( 1748): resolveIntent: multiple matches, only some with CATEGORY_DEFAULT

I/Unity   (12748): Close activity, gc

I/Unity   (12748):  

I/Unity   (12748): (Filename: .\artifacts/generated/common/runtime/DebugBindings.gen.cpp Line: 51)

I/Unity   (12748): 

I/Unity   (12748): realImei 355757010301568

I/Unity   (12748):  

I/Unity   (12748): (Filename: .\artifacts/generated/common/runtime/DebugBindings.gen.cpp Line: 51)

I/Unity   (12748): 

W/Settings( 2506): Setting airplane_mode_on has moved from android.provider.Settings.System to android.provider.Settings.Global, returning read-only value.

W/Settings( 2506): Setting airplane_mode_on has moved from android.provider.Settings.System to android.provider.Settings.Global, returning read-only value.

W/Settings( 2506): Setting airplane_mode_on has moved from android.provider.Settings.System to android.provider.Settings.Global, returning read-only value.

I/tx      (12748): performOnMainThread begin

I/tx      (12748): performOnMainThread: pEnv is 10379584

I/tx      (12748): cls is 1

I/tx      (12748): mid is 74ee7390

I/tx      (12748): pEnv->CallVoidMethod

I/System.out(12748): Main Thread:Thread[main,5,main]Current Thread:Thread[UnityMain,5,main]

I/System.out(12748): Send msg to MainThread

I/System.out(12748): Main Thread:Thread[main,5,main]Current Thread:Thread[main,5,main]

I/tx      (12748): JNI Perform pSelector get

D/Midas   (12748): APMidasPayAPI | main | setEnv exception e:java.lang.ClassNotFoundException: com.pay.tool.APAppDataInterface


D/Midas   (12748): MidasPluginSDK | main | env= release


I/Midas   (12748): APMidasPayAPI | main | init enter


D/MidasComm<Log>(12748): Log init

I/Midas   (12748): insertTimeData interfaceName= | main | init format=sdk.log.init action= extend=


D/Midas   (12748): APMidasPayAPI | main | getMidasPluginVersion enter com.tencent.midas.data.APPluginReportManager.insertOneRecord(APPluginReportManager.java:360)


W/MidasComm<Log>(12748): get pkgName: com.tencent.tmgp.sgame

D/MidasComm<Log>(12748): has WRITE_EXTERNAL_STORAGE? : true

W/MidasComm<Log>(12748): get process name: 

I/MidasComm<Log>(12748): Log lib versionName: 1.2.19 versionCode: 39

D/MidasComm<Log>(12748): log dir: /storage/emulated/0/tencent/Midas/Log/com.tencent.tmgp.sgame/

D/MidasComm<Log>(12748): log file: /storage/emulated/0/tencent/Midas/Log/com.tencent.tmgp.sgame/20190505_1.txt

D/MidasComm<Log>(12748): current config: max log size: 1 MB, max log num: 2, max keep 15 DAYS

D/MidasComm<Log>(12748): final config: max log size: 1 MB, max log num: 2, max keep 15 DAYS

W/MidasComm<Log>(12748): open log appender

D/MidasComm<Log>(12748): open log file: /storage/emulated/0/tencent/Midas/Log/com.tencent.tmgp.sgame/20190505_1.txt

I/TencentPay(12748): APMidasPayAPI | main | init new enter


I/TencentPay(12748): insertTimeData interfaceName= | main | init


I/TencentPay(12748): insertTimeData timeName= | main | timename.init


I/TencentPay(12748): ?| main | insertTimeData timeName=timename.init,initTime:91


D/TencentPay(12748): APMidasPayAPI | main | getMidasPluginVersion enter com.tencent.midas.data.APPluginReportManager.insertOneRecord(APPluginReportManager.java:360)


I/TencentPay(12748): APMidasPayHelper | main | init initCount:0


I/TencentPay(12748): getLogRecord extend pre | main | null


I/TencentPay(12748): getLogRecord extend pre | main | name%25253Dtimename.init%252526times%25253D91%252526


D/TencentPay(12748): APMidasPayHelper | init | Calling into preLoadMidasPay com.tencent.midas.control.APMidasPayHelper.access$1200(APMidasPayHelper.java:44)


D/TencentPay(12748): APMidasPayHelper | init | Calling into preLoadMidasPay isNeedLocalUpdate == false


I/tx      (12748): callJNIperform working

I/tx      (12748): pEnv->CallVoidMethod after

I/TencentPay(12748): APBaseHttpReq | Thread-577 | urlParams=num=2&record0=3=88D975FC33B46F27538392DC3D668F49|7=0|13=0|24=1450002258|21=sdk.log.init|26=desktop_m_qq-2002-android-10007090-qq-1104466820-88D975FC33B46F27538392DC3D668F49|47=game|29=null|31=android_v1.6.9d|38=1557048111549|34=null|35=null|37=openid|43=kp_actoken|53=41158d26-1e57-4384-b59f-ec9fa9c927c3&record1=3=88D975FC33B46F27538392DC3D668F49|7=0|13=1|24=1450002258|21=sdk.plugin.time|26=desktop_m_qq-2002-android-10007090-qq-1104466820-88D975FC33B46F27538392DC3D668F49|8=name%25253Dtimename.init%252526times%25253D91%252526|47=game|29=null|31=android_v1.6.9d|38=1557048111637|34=null|35=null|37=openid|43=kp_actoken|53=41158d26-1e57-4384-b59f-ec9fa9c927c3=


I/TencentPay(12748): APHttp Request | Thread-577 | URL = https://szmg.qq.com/cgi-bin/log_data.fcg?offer_id=1450002258 HOST = szmg.qq.com


I/TencentPay(12748): getAssetsVersionCodeWtihFileName | init | zipEntry:MidasCore_1.6.9d_164_6f76a2b4dd1a1e923c7ba41928a554bb.jar


I/TencentPay(12748): getAssetsVersionCodeWtihFileName | init | fileName:MidasCore_1.6.9d_164_6f76a2b4dd1a1e923c7ba41928a554bb.jar


I/TencentPay(12748): special data direct | init | versionCode:164


I/TencentPay(12748): APPluginUtils | init | isNeedUpdateFromAssets coreVC:164 assetsVC:164


D/TencentPay(12748): insertTimeDataEx | init | timeName:sdk.plugin.init.isNeedAssetsUpdate.time,time19


D/TencentPay(12748): insertTimeData interfaceName= | init | init timeName=sdk.plugin.init.isNeedAssetsUpdate.time time=19


D/TencentPay(12748): APMidasPayAPI | init | getMidasPluginVersion enter com.tencent.midas.data.APPluginReportManager.insertOneRecord(APPluginReportManager.java:360)


D/TencentPay(12748): APMidasPayHelper | init | preLoadMidasPay isNeedUpdateFromAssets = 0


I/TencentPay(12748): APMidasPayHelper | init | preLoadMidasPay installPlugin ret:0 initRequest:com.tencent.midas.api.request.APMidasGameRequest@2a5c46d6


D/TencentPay(12748): APPluginChecker | init | Calling into isPluginValid com.tencent.midas.control.APMidasPayHelper.preLoadMidasPay(APMidasPayHelper.java:970)


D/TencentPay(12748): APPluginChecker | init | Check all plugin valid, parameter ok!


D/TencentPay(12748): APPluginChecker | init | Check all plugin valid, sign file exist!


D/TencentPay(12748): APPluginChecker | init | Check all plugin valid, current check file = MidasCore_1.6.9d_164_6f76a2b4dd1a1e923c7ba41928a554bb.apk


D/TencentPay(12748): APPluginChecker | init | Check all plugin valid, current check file = MidasCore_1.6.9d_164_6f76a2b4dd1a1e923c7ba41928a554bb.apk, MD5 OK


D/TencentPay(12748): APPluginChecker | init | Check all plugin valid, current check file = MidasPay_1.6.9d_164_c876e7d139c0ad93046662cf63956c2f.apk


D/TencentPay(12748): APPluginChecker | init | Check all plugin valid, current check file = MidasPay_1.6.9d_164_c876e7d139c0ad93046662cf63956c2f.apk, MD5 OK


D/TencentPay(12748): APPluginChecker | init | Check all plugin valid, current check file = MidasOperatorUnicom_1.6.9_160_6bf34662862ec93e64c11ff4d41ec7f6.apk


I/TencentPay(12748): MidasPlugin.jar APDataReportAns | Thread-577 | report ok


E/TencentPay(12748): APBaseHttpReq | Thread-577 | finally https


D/TencentPay(12748): APPluginChecker | init | Check all plugin valid, current check file = MidasOperatorUnicom_1.6.9_160_6bf34662862ec93e64c11ff4d41ec7f6.apk, MD5 OK


D/TencentPay(12748): APPluginChecker | init | Check all plugin valid, current check file = MidasOperatorMobile_1.6.8_150_61b338e265ec28b5fd1163f9f152ffee.apk


D/TencentPay(12748): APPluginChecker | init | Check all plugin valid, current check file = MidasOperatorMobile_1.6.8_150_61b338e265ec28b5fd1163f9f152ffee.apk, MD5 OK


D/TencentPay(12748): APPluginChecker | init | Check all plugin valid, current check file = MidasOperatorTelecom_1.6.8_150_4db5e4248cea11deb27ddad8557a7ac8.apk


D/TencentPay(12748): APPluginChecker | init | Check all plugin valid, current check file = MidasOperatorTelecom_1.6.8_150_4db5e4248cea11deb27ddad8557a7ac8.apk, MD5 OK


D/TencentPay(12748): APPluginChecker | init | Check all plugin valid, current check file = MidasSign.ini


D/TencentPay(12748): APPluginChecker | init | Check all plugin valid, ignore = MidasSign.ini


D/TencentPay(12748): APPluginChecker | init | Check all plugin valid, all valid file num = 5, sign file size = 5, check success!


D/TencentPay(12748): insertTimeDataEx | init | timeName:sdk.plugin.init.pluginvalid.time,time80


D/TencentPay(12748): insertTimeData interfaceName= | init | init timeName=sdk.plugin.init.pluginvalid.time time=80


D/TencentPay(12748): APMidasPayAPI | init | getMidasPluginVersion enter com.tencent.midas.data.APPluginReportManager.insertOneRecord(APPluginReportManager.java:360)


D/TencentPay(12748): APPluginStatic | init | getOrCreateClassLoader apkFilePath: /data/data/com.tencent.tmgp.sgame/app_midasplugins/MidasPay_1.6.9d_164_c876e7d139c0ad93046662cf63956c2f.apk, MD5: c876e7d139c0ad93046662cf63956c2f, key: MidasPay_c876e7d139c0ad93046662cf63956c2f, dexClassLoader: null


I/TencentPay(12748): APPluginUtils | init | extractLibs end to dirToExtract:armeabi extractLibs ABI:armeabi-v7a


I/TencentPay(12748): APPluginUtils | init | fileName:lib/arm64-v8a/libunipayutils.so


I/TencentPay(12748): APPluginUtils | init | fileName:lib/armeabi/libunipayutils.so


I/TencentPay(12748): APPluginUtils | init | fileName:lib/x86/libunipayutils.so


D/TencentPay(12748): insertTimeDataEx | init | timeName:sdk.plugin.init.unzip.so.time,time2


D/TencentPay(12748): insertTimeData interfaceName= | init | init timeName=sdk.plugin.init.unzip.so.time time=2


D/TencentPay(12748): APMidasPayAPI | init | getMidasPluginVersion enter com.tencent.midas.data.APPluginReportManager.insertOneRecord(APPluginReportManager.java:360)


D/TencentPay(12748): APPluginStatic | init | getOrCreateClassLoader new DexClassLoader cache: /data/data/com.tencent.tmgp.sgame/app_midasodex libDir: /data/data/com.tencent.tmgp.sgame/app_midaslib_0


D/TencentPay(12748): insertTimeDataEx | init | timeName:sdk.plugin.init.loadDex.time,time38


D/TencentPay(12748): insertTimeData interfaceName= | init | init timeName=sdk.plugin.init.loadDex.time time=38


D/TencentPay(12748): APMidasPayAPI | init | getMidasPluginVersion enter com.tencent.midas.data.APPluginReportManager.insertOneRecord(APPluginReportManager.java:360)


D/TencentPay(12748): APPluginInterfaceManager | main | Call into initPluginInterface  plugin = MidasPay interfaceClass = com.tencent.midas.pay.APMidasDistribute methodName = golbalInit com.tencent.midas.control.APMidasPayHelper$10.run(APMidasPayHelper.java:1022)


D/TencentPay(12748): APPluginStatic | main | getOrCreateClassLoader apkFilePath: /data/data/com.tencent.tmgp.sgame/app_midasplugins/MidasPay_1.6.9d_164_c876e7d139c0ad93046662cf63956c2f.apk, MD5: c876e7d139c0ad93046662cf63956c2f, key: MidasPay_c876e7d139c0ad93046662cf63956c2f, dexClassLoader: dalvik.system.DexClassLoader[DexPathList[[zip file "/data/data/com.tencent.tmgp.sgame/app_midasplugins/MidasPay_1.6.9d_164_c876e7d139c0ad93046662cf63956c2f.apk"],nativeLibraryDirectories=[/data/data/com.tencent.tmgp.sgame/app_midaslib_0, /vendor/lib, /system/lib]]]


I/TencentPay(12748): APMidasDistribute | main | golbalInit intent:Intent { (has extras) }


I/TencentPay(12748): APMidasDistribute | main | golbalInit midasRequest:com.tencent.midas.api.request.APMidasGameRequest@2a5c46d6


I/TencentPay(12748): APAndroidPayAPI | main | setEnv:release


I/TencentPay(12748): APMidasDistributeActivity | main | version = 1.6.9d


I/TencentPay(12748): APMidasDistributeActivity | main | logEnable = true


W/System.err(12748): java.lang.NoSuchMethodException: getInstance []

W/System.err(12748): 	at java.lang.Class.getMethod(Class.java:664)

W/System.err(12748): 	at java.lang.Class.getDeclaredMethod(Class.java:626)

W/System.err(12748): 	at com.tencent.midas.pay.APMidasDistribute.setAPKLaunchInterfaceName(SourceFile:622)

W/System.err(12748): 	at com.tencent.midas.pay.APMidasDistribute.golbalInit(SourceFile:426)

W/System.err(12748): 	at java.lang.reflect.Method.invoke(Native Method)

W/System.err(12748): 	at java.lang.reflect.Method.invoke(Method.java:372)

W/System.err(12748): 	at com.tencent.midas.plugin.APPluginInterfaceManager.initPluginInterface(APPluginInterfaceManager.java:88)

W/System.err(12748): 	at com.tencent.midas.control.APMidasPayHelper$10.run(APMidasPayHelper.java:1022)

W/System.err(12748): 	at android.os.Handler.handleCallback(Handler.java:739)

W/System.err(12748): 	at android.os.Handler.dispatchMessage(Handler.java:95)

W/System.err(12748): 	at android.os.Looper.loop(Looper.java:135)

W/System.err(12748): 	at android.app.ActivityThread.main(ActivityThread.java:5293)

W/System.err(12748): 	at java.lang.reflect.Method.invoke(Native Method)

W/System.err(12748): 	at java.lang.reflect.Method.invoke(Method.java:372)

W/System.err(12748): 	at com.android.internal.os.ZygoteInit$MethodAndArgsCaller.run(ZygoteInit.java:903)

W/System.err(12748): 	at com.android.internal.os.ZygoteInit.main(ZygoteInit.java:698)

W/System.err(12748): java.lang.NullPointerException: Attempt to invoke virtual method 'java.lang.Object java.lang.reflect.Method.invoke(java.lang.Object, java.lang.Object[])' on a null object reference

W/System.err(12748): 	at com.tencent.midas.pay.APMidasDistribute.setAPKLaunchInterfaceName(SourceFile:629)

W/System.err(12748): 	at com.tencent.midas.pay.APMidasDistribute.golbalInit(SourceFile:426)

W/System.err(12748): 	at java.lang.reflect.Method.invoke(Native Method)

W/System.err(12748): 	at java.lang.reflect.Method.invoke(Method.java:372)

W/System.err(12748): 	at com.tencent.midas.plugin.APPluginInterfaceManager.initPluginInterface(APPluginInterfaceManager.java:88)

W/System.err(12748): 	at com.tencent.midas.control.APMidasPayHelper$10.run(APMidasPayHelper.java:1022)

W/System.err(12748): 	at android.os.Handler.handleCallback(Handler.java:739)

W/System.err(12748): 	at android.os.Handler.dispatchMessage(Handler.java:95)

W/System.err(12748): 	at android.os.Looper.loop(Looper.java:135)

W/System.err(12748): 	at android.app.ActivityThread.main(ActivityThread.java:5293)

W/System.err(12748): 	at java.lang.reflect.Method.invoke(Native Method)

W/System.err(12748): 	at java.lang.reflect.Method.invoke(Method.java:372)

W/System.err(12748): 	at com.android.internal.os.ZygoteInit$MethodAndArgsCaller.run(ZygoteInit.java:903)

W/System.err(12748): 	at com.android.internal.os.ZygoteInit.main(ZygoteInit.java:698)

W/System.err(12748): java.lang.NoSuchMethodException: setLaunchInterface [class java.lang.String]

W/System.err(12748): 	at java.lang.Class.getMethod(Class.java:664)

W/System.err(12748): 	at java.lang.Class.getMethod(Class.java:643)

W/System.err(12748): 	at com.tencent.midas.pay.APMidasDistribute.setAPKLaunchInterfaceName(SourceFile:637)

W/System.err(12748): 	at com.tencent.midas.pay.APMidasDistribute.golbalInit(SourceFile:426)

W/System.err(12748): 	at java.lang.reflect.Method.invoke(Native Method)

W/System.err(12748): 	at java.lang.reflect.Method.invoke(Method.java:372)

W/System.err(12748): 	at com.tencent.midas.plugin.APPluginInterfaceManager.initPluginInterface(APPluginInterfaceManager.java:88)

W/System.err(12748): 	at com.tencent.midas.control.APMidasPayHelper$10.run(APMidasPayHelper.java:1022)

W/System.err(12748): 	at android.os.Handler.handleCallback(Handler.java:739)

W/System.err(12748): 	at android.os.Handler.dispatchMessage(Handler.java:95)

W/System.err(12748): 	at android.os.Looper.loop(Looper.java:135)

W/System.err(12748): 	at android.app.ActivityThread.main(ActivityThread.java:5293)

W/System.err(12748): 	at java.lang.reflect.Method.invoke(Native Method)

W/System.err(12748): 	at java.lang.reflect.Method.invoke(Method.java:372)

W/System.err(12748): 	at com.android.internal.os.ZygoteInit$MethodAndArgsCaller.run(ZygoteInit.java:903)

W/System.err(12748): 	at com.android.internal.os.ZygoteInit.main(ZygoteInit.java:698)

W/System.err(12748): java.lang.NullPointerException: Attempt to invoke virtual method 'java.lang.Object java.lang.reflect.Method.invoke(java.lang.Object, java.lang.Object[])' on a null object reference

W/System.err(12748): 	at com.tencent.midas.pay.APMidasDistribute.setAPKLaunchInterfaceName(SourceFile:643)

W/System.err(12748): 	at com.tencent.midas.pay.APMidasDistribute.golbalInit(SourceFile:426)

W/System.err(12748): 	at java.lang.reflect.Method.invoke(Native Method)

W/System.err(12748): 	at java.lang.reflect.Method.invoke(Method.java:372)

W/System.err(12748): 	at com.tencent.midas.plugin.APPluginInterfaceManager.initPluginInterface(APPluginInterfaceManager.java:88)

W/System.err(12748): 	at com.tencent.midas.control.APMidasPayHelper$10.run(APMidasPayHelper.java:1022)

W/System.err(12748): 	at android.os.Handler.handleCallback(Handler.java:739)

W/System.err(12748): 	at android.os.Handler.dispatchMessage(Handler.java:95)

W/System.err(12748): 	at android.os.Looper.loop(Looper.java:135)

W/System.err(12748): 	at android.app.ActivityThread.main(ActivityThread.java:5293)

W/System.err(12748): 	at java.lang.reflect.Method.invoke(Native Method)

W/System.err(12748): 	at java.lang.reflect.Method.invoke(Method.java:372)

W/System.err(12748): 	at com.android.internal.os.ZygoteInit$MethodAndArgsCaller.run(ZygoteInit.java:903)

W/System.err(12748): 	at com.android.internal.os.ZygoteInit.main(ZygoteInit.java:698)

I/TencentPay(12748): globalInit | main | com.pay.api.request.APGameRequest:{ saveType=0 | offerId=1450002258 | openId=88D975FC33B46F27538392DC3D668F49 | openKey=****** | sessionId=openid | sessionType=kp_actoken | zoneId= | pf=desktop_m_qq-2002-android-10007090-qq-1104466820-88D975FC33B46F27538392DC3D668F49 | pfKey=2f0f814381aa0a35a07248bb284b9b0a | resId=0 | acctType=common | saveValue= | isCanChange=true | remark= | mallType=0 | h5Url= | ext=[unit= | isShowNum=true | isShowListOtherNum=true] | mp=[payChannel= | discountTyp= | discountUrl= | drmInfo= | discoutId=] }


D/TencentPay(12748): getInstance | main | apipModle getInstance


D/TencentPay(12748): getFilePathForEnv | main | release


D/TencentPay(12748): readFromFile | main | ipsValidate  


D/TencentPay(12748): readFromFile | main | ipList  


D/TencentPay(12748): decode ipsValidate | main | 5EE2CE105A451C5AD8C651BDF2F3C914_3=1013F0F4FBD502113E8BF1F2F418F79D_13&FD86B7BA5262CD6244E5B86F0A7BA071_4=ECDD6673FCC060D34A771257E2DB84B4_13


D/TencentPay(12748): iptest | main | validate decode: Key = net  Value = 1556617530161


D/TencentPay(12748): iptest | main | validate decode: Key = 1000  Value = 1556545551595


D/TencentPay(12748): decode ipList | main | 0B255B4B92CD5003E08C828E2192A366_14=5E89B9A98892927769BB589791B3B0AE7D1024A2B4A44844547FE7AEBDF39DC48FF16C611A9406DA34F6679810E20E3B7207C63AE1CB8DC7E817942EDEBCEA0E490A05CBB68483197114072B70727C75_78&B1F4BBAC20C4050CDD2EC18B28D42C5F_15=5E89B9A98892927769BB589791B3B0AE7D1024A2B4A44844547FE7AEBDF39DC48FF16C611A9406DA34F6679810E20E3B7207C63AE1CB8DC7E817942EDEBCEA0E68A37B55A51F481A2A836C23ED4D2CD1_79&05FFFB04FAA2525D693F08C181D61E75_14=D01A1622F351E891020854800FD7C0940525F77F9E41E7A7CE565288E719CC5C8092620AD995C088BF8D81C63F9AAAFC2D9CCBA68784E8820336E0DDDA8B7CE5A01EFE046F9704345A741B9F4DD4AAA1_79&4D4DD2522B997E8A50494998589925B8_13=5E89B9A98892927769BB589791B3B0AE7D1024A2B4A44844547FE7AEBDF39DC48FF16C611A9406DA34F6679810E20E3B7207C63AE1CB8DC7E817942EDEBCEA0E68A37B55A51F481A2A836C23ED4D2CD1_79&5D98B84D84CF89FDAD45B4904AECF7FF_15=42574DAEA7DC0008D9F9FE809E572E1FFAFF663B0D6DF0DFE9E372F54E9A0E57C6751828011D71C9706BDF1A9FCB15CA15B82ACBA3CC7C447FE6130E0A71EEA44284913FD35D3563503B36950F386C99_79&097E3448667A8487A8C7AA1E3164CC8E_11=5E89B9A98892927769BB589791B3B0AE7D1024A2B4A44844547FE7AEBDF39DC48FF16C611A9406DA34F6679810E20E3B7207C63AE1CB8DC7E817942EDEBCEA0E490A05CBB68483197114072B70727C75_78&269EB20647CF6CE2EA3E467B87356860_14=D01A1622F351E891020854800FD7C0940525F77F9E41E7A7CE565288E719CC5C8092620AD995C088BF8D81C63F9AAAFC2D9CCBA68784E8820336E0DDDA8B7CE5C5C3031262E9ED99E3DF5EDF6096B415_79


D/TencentPay(12748): iptest | main | iplist decode: Key = 113.96.232.166  Value = {"cat":0,"times":0,"1":"14000","2":"14000","3":"14000","4":"14000","1000":"4"}


D/TencentPay(12748): iptest | main | iplist decode: Key = 157.255.192.104  Value = {"cat":0,"times":0,"1":"14000","2":"14000","3":"14000","4":"14000","1000":"12"}


D/TencentPay(12748): iptest | main | iplist decode: Key = 223.167.84.120  Value = {"cat":2,"times":0,"1":"14000","2":"14000","3":"14000","4":"14000","1000":"34"}


D/TencentPay(12748): iptest | main | iplist decode: Key = 58.251.116.12  Value = {"cat":0,"times":0,"1":"14000","2":"14000","3":"14000","4":"14000","1000":"12"}


D/TencentPay(12748): iptest | main | iplist decode: Key = 182.140.174.165  Value = {"cat":1,"times":0,"1":"14000","2":"14000","3":"14000","4":"14000","1000":"30"}


D/TencentPay(12748): iptest | main | iplist decode: Key = 58.60.9.101  Value = {"cat":0,"times":0,"1":"14000","2":"14000","3":"14000","4":"14000","1000":"4"}


D/TencentPay(12748): iptest | main | iplist decode: Key = 223.167.154.62  Value = {"cat":2,"times":0,"1":"14000","2":"14000","3":"14000","4":"14000","1000":"35"}


D/TencentPay(12748): ipmeasure | main | readFromFile consume 15


D/TencentPay(12748): APIPMeasureManager | main | getInstance() apipMeasureManager is null


D/TencentPay(12748): APIPMeasureManager | main | APIPMeasureManager() begin thread=1, sortedIpList.hashCode= 1


I/TencentPay(12748): networktype | main | 1000


D/TencentPay(12748): APIPMeasureManager | main | init() ipstrategy isEmpty, set default = 0


D/TencentPay(12748): datainterface | main | setIPstrategy : 0


D/TencentPay(12748): datainterface | main | getIpStrategy : 0    datainterface:com.pay.tool.APAppDataInterface@352cd04f


I/TencentPay(12748): APOrderInfo | main | saveType:0


I/TencentPay(12748): APOrderManager | main | putOrder enter


I/TencentPay(12748): APOrderManager | main | putOrder size:1


I/TencentPay(12748): networktype | main | 1000


I/TencentPay(12748): APMidasJS | main | isWSJ2 e:java.lang.NoSuchFieldException: wsjIdentify


I/TencentPay(12748): APMidasLoadJS | main | init enter jsVersion:1.0.1 context:com.tencent.tpshell.TPShellApplication@31a17c8a


I/TencentPay(12748): APMidasUpdateJS | main | getJSVersionFromFile version:


I/TencentPay(12748): APMidasUpdateJS | main | getJSMD5FromFile rsaMD5:


I/TencentPay(12748): APMidasLoadJS | main | init version: md5:


D/TencentPay(12748): APIPMeasureManager | main | getInstance() apipMeasureManager env == release


D/TencentPay(12748): APTools | main | processName:com.tencent.tmgp.sgame:midasPay


I/TencentPay(12748): shihao | Thread-581 | timeName:sdk.init.getApkVersion.time,time:1; action:


I/TencentPay(12748): insertTimeData interfaceName= | Thread-581 | launchpay


I/TencentPay(12748): insertTimeData timeName= | Thread-581 | sdk.init.getApkVersion.time


I/TencentPay(12748): insertTimeData time= | Thread-581 | 1


D/TencentPay(12748): DataReprotManager | Thread-581 | insertData format = sdk.apk.time


D/TencentPay(12748): DataReprotManager | Thread-581 | insertData sExtend = name=sdk.init.getApkVersion.time&times=1&


D/TencentPay(12748): APTools | main | getMobileMccMnc() = 46007


D/TencentPay(12748): APTools | main | getOperator() = 46007


D/TencentPay(12748): APTools | main | getMobileMccMnc() = 46007


W/TencentPay(12748): APDatabase | Thread-581 | insertData() params = x.al@37a6f3dc


I/TencentPay(12748): shihao | Thread-581 | timeName:sdk.init.getLocalIp.time,time:0; action:


I/MemTotal:        2070652 kB(12748): MemTotal:	

I/MemTotal:        2070652 kB(12748): 2070652	

I/MemTotal:        2070652 kB(12748): kB	

I/System.out(12748): cpuinfo=ARMv7 Processor rev 0 (v7l)  cupinfo2=0

W/TencentPay(12748): APDatabase | APDatabaseThread | insertDataImmediately() params = x.al@37a6f3dc


I/TencentPay(12748): insertTimeData interfaceName= | Thread-581 | launchpay


I/TencentPay(12748): insertTimeData timeName= | Thread-581 | sdk.init.getLocalIp.time


I/TencentPay(12748): insertTimeData time= | Thread-581 | 0


D/TencentPay(12748): DataReprotManager | Thread-581 | insertData format = sdk.apk.time


D/TencentPay(12748): DataReprotManager | Thread-581 | insertData sExtend = name=sdk.init.getLocalIp.time&times=0&


E/SQLiteLog(12748): (283) recovered 37 frames from WAL file /data/user/0/com.tencent.tmgp.sgame/databases/TencentUnipayDB-wal

W/TencentPay(12748): APDatabase | APDatabaseThread | insertDataImmediately() checkDBOpen


W/TencentPay(12748): APDatabase | APDatabaseThread | insertDataImmediately() insert


W/TencentPay(12748): APDatabase | APDatabaseThread | insertDataImmediately() insert done


W/TencentPay(12748): APDatabase | Thread-581 | insertData() params = x.al@1a9d71c8


I/TencentPay(12748): shihao | Thread-581 | timeName:sdk.init.getDeviceId.time,time:0; action:


I/TencentPay(12748): insertTimeData interfaceName= | Thread-581 | launchpay


I/TencentPay(12748): insertTimeData timeName= | Thread-581 | sdk.init.getDeviceId.time


I/TencentPay(12748): insertTimeData time= | Thread-581 | 0


D/TencentPay(12748): DataReprotManager | Thread-581 | insertData format = sdk.apk.time


D/TencentPay(12748): DataReprotManager | Thread-581 | insertData sExtend = name=sdk.init.getDeviceId.time&times=0&


W/TencentPay(12748): APDatabase | Thread-581 | insertData() params = x.al@16649261


D/TencentPay(12748): DataReprotManager | main | insertData format = sdk.deviceinfo


D/TencentPay(12748): DataReprotManager | main | insertData sExtend = imei=355757010301568&mac=30:9C:23:BE:31:BA&device=SM-G955F&manufacturer=samsung&sdkVersion=5.1.1&showModel=SM-G955F&phoneIp=172.17.99.15&Pixel=720x1280@oper=gmcc@mnc=46007&availableMemory=858 MB&totalMemory=1.97 GB&cup=ARMv7 Processor rev 0 (v7l) &cupFrequency=0


W/TencentPay(12748): APDatabase | main | insertData() params = x.al@5721186


I/TencentPay(12748): APMidasDownUtif | main | resultData data verison:Vesion: 1.6.9d


I/TencentPay(12748): APbuypage | main | resultData=?.6.9d


W/TencentPay(12748): APDatabase | APDatabaseThread | insertDataImmediately() params = x.al@1a9d71c8


W/TencentPay(12748): APDatabase | APDatabaseThread | insertDataImmediately() checkDBOpen


I/Unity   (12748): [NetSpeed GSDK] selectaccsys 3 2

I/Unity   (12748):  

I/Unity   (12748): (Filename: .\artifacts/generated/common/runtime/DebugBindings.gen.cpp Line: 51)

I/Unity   (12748): 

I/Unity   (12748): [NetSpeed ACC] Begin Network Acc

I/Unity   (12748):  

I/Unity   (12748): (Filename: .\artifacts/generated/common/runtime/DebugBindings.gen.cpp Line: 51)

I/Unity   (12748): 

I/TencentPay(12748): shihao | Thread-581 | timeName:sdk.init.readSDinfo.time,time:31; action:


I/TencentPay(12748): insertTimeData interfaceName= | Thread-581 | launchpay


I/TencentPay(12748): insertTimeData timeName= | Thread-581 | sdk.init.readSDinfo.time


I/TencentPay(12748): insertTimeData time= | Thread-581 | 31


D/TencentPay(12748): DataReprotManager | Thread-581 | insertData format = sdk.apk.time


D/TencentPay(12748): DataReprotManager | Thread-581 | insertData sExtend = name=sdk.init.readSDinfo.time&times=31&


W/TencentPay(12748): APDatabase | APDatabaseThread | insertDataImmediately() insert


W/TencentPay(12748): APDatabase | APDatabaseThread | insertDataImmediately() insert done


W/TencentPay(12748): APDatabase | APDatabaseThread | insertDataImmediately() params = x.al@16649261


W/TencentPay(12748): APDatabase | APDatabaseThread | insertDataImmediately() checkDBOpen


I/MID     (12748): read mid from Settings.System

W/TencentPay(12748): APDatabase | APDatabaseThread | insertDataImmediately() insert


I/TencentPay(12748): initOnce | main | isNeedExtra:false initso:false


W/TencentPay(12748): APDatabase | APDatabaseThread | insertDataImmediately() insert done


W/TencentPay(12748): APDatabase | APDatabaseThread | insertDataImmediately() params = x.al@5721186


W/TencentPay(12748): APDatabase | APDatabaseThread | insertDataImmediately() checkDBOpen


W/System.err(12748): android.content.pm.PackageManager$NameNotFoundException: com.eg.android.AlipayGphone

W/System.err(12748): 	at android.app.ApplicationPackageManager.getPackageInfo(ApplicationPackageManager.java:114)

W/System.err(12748): 	at com.pay.tool.APTools.b(SourceFile:445)

W/System.err(12748): 	at com.pay.tool.APTools.a(SourceFile:422)

W/System.err(12748): 	at x.a.a(SourceFile:456)

W/System.err(12748): 	at x.a.a(SourceFile:294)

W/System.err(12748): 	at com.pay.api.APAndroidPayAPI.globalInit(SourceFile:96)

W/System.err(12748): 	at com.tencent.midas.pay.APMidasDistribute.golbalInit(SourceFile:433)

W/System.err(12748): 	at java.lang.reflect.Method.invoke(Native Method)

W/System.err(12748): 	at java.lang.reflect.Method.invoke(Method.java:372)

W/System.err(12748): 	at com.tencent.midas.plugin.APPluginInterfaceManager.initPluginInterface(APPluginInterfaceManager.java:88)

W/System.err(12748): 	at com.tencent.midas.control.APMidasPayHelper$10.run(APMidasPayHelper.java:1022)

W/System.err(12748): 	at android.os.Handler.handleCallback(Handler.java:739)

W/System.err(12748): 	at android.os.Handler.dispatchMessage(Handler.java:95)

W/System.err(12748): 	at android.os.Looper.loop(Looper.java:135)

W/System.err(12748): 	at android.app.ActivityThread.main(ActivityThread.java:5293)

W/System.err(12748): 	at java.lang.reflect.Method.invoke(Native Method)

W/System.err(12748): 	at java.lang.reflect.Method.invoke(Method.java:372)

W/System.err(12748): 	at com.android.internal.os.ZygoteInit$MethodAndArgsCaller.run(ZygoteInit.java:903)

W/System.err(12748): 	at com.android.internal.os.ZygoteInit.main(ZygoteInit.java:698)

W/TencentPay(12748): APDatabase | APDatabaseThread | insertDataImmediately() insert


