W/BroadcastQueue( 1748): 	at android.os.BinderProxy.transact(Binder.java:496)

W/BroadcastQueue( 1748): 	at android.app.ApplicationThreadProxy.scheduleReceiver(ApplicationThreadNative.java:861)

W/BroadcastQueue( 1748): 	at com.android.server.am.BroadcastQueue.processCurBroadcastLocked(BroadcastQueue.java:245)

W/BroadcastQueue( 1748): 	at com.android.server.am.BroadcastQueue.processNextBroadcast(BroadcastQueue.java:936)

W/BroadcastQueue( 1748): 	at com.android.server.am.BroadcastQueue$BroadcastHandler.handleMessage(BroadcastQueue.java:149)

W/BroadcastQueue( 1748): 	at android.os.Handler.dispatchMessage(Handler.java:102)

W/BroadcastQueue( 1748): 	at android.os.Looper.loop(Looper.java:135)

W/BroadcastQueue( 1748): 	at android.os.HandlerThread.run(HandlerThread.java:61)

W/BroadcastQueue( 1748): 	at com.android.server.ServiceThread.run(ServiceThread.java:46)

W/libprocessgroup( 1748): failed to open /acct/uid_10031/pid_8667/cgroup.procs: No such file or directory

I/ActivityManager( 1748): Start proc 8845:com.tencent.mm/u0a31 for broadcast com.tencent.mm/.plugin.report.service.KVCommCrossProcessReceiver

W/ActivityManager( 1748): Spurious death for ProcessRecord{28fc0e19 8845:com.tencent.mm/u0a31}, curProc for 8667: null

D/WifiService( 1748): Client connection lost with reason: 4

I/ActivityManager( 1748): Process com.tencent.mm:push (pid 8765) has died

E/ActivityThread( 8845): Failed to find provider info for com.tencent.mm.coolassist.debugprovider

D/WifiService( 1748): New client listening to asynchronous messages

I/ActivityManager( 1748): Start proc 8984:com.tencent.mm:push/u0a31 for service com.tencent.mm/.booter.CoreService

E/ActivityThread( 8984): Failed to find provider info for com.tencent.mm.coolassist.debugprovider

D/WifiService( 1748): New client listening to asynchronous messages

I/ActivityManager( 1748): Killing 8845:com.tencent.mm/u0a31 (adj 11): 129757k from cached

D/WifiService( 1748): Client connection lost with reason: 4

W/BroadcastQueue( 1748): Exception when sending broadcast to ComponentInfo{com.tencent.mm/com.tencent.mm.plugin.report.service.KVCommCrossProcessReceiver}

W/BroadcastQueue( 1748): android.os.DeadObjectException

W/BroadcastQueue( 1748): 	at android.os.BinderProxy.transactNative(Native Method)

W/BroadcastQueue( 1748): 	at android.os.BinderProxy.transact(Binder.java:496)

W/BroadcastQueue( 1748): 	at android.app.ApplicationThreadProxy.scheduleReceiver(ApplicationThreadNative.java:861)

W/BroadcastQueue( 1748): 	at com.android.server.am.BroadcastQueue.processCurBroadcastLocked(BroadcastQueue.java:245)

W/BroadcastQueue( 1748): 	at com.android.server.am.BroadcastQueue.processNextBroadcast(BroadcastQueue.java:936)

W/BroadcastQueue( 1748): 	at com.android.server.am.BroadcastQueue$BroadcastHandler.handleMessage(BroadcastQueue.java:149)

W/BroadcastQueue( 1748): 	at android.os.Handler.dispatchMessage(Handler.java:102)

W/BroadcastQueue( 1748): 	at android.os.Looper.loop(Looper.java:135)

W/BroadcastQueue( 1748): 	at android.os.HandlerThread.run(HandlerThread.java:61)

W/BroadcastQueue( 1748): 	at com.android.server.ServiceThread.run(ServiceThread.java:46)

W/libprocessgroup( 1748): failed to open /acct/uid_10031/pid_8845/cgroup.procs: No such file or directory

I/ActivityManager( 1748): Start proc 9060:com.tencent.mm/u0a31 for broadcast com.tencent.mm/.plugin.report.service.KVCommCrossProcessReceiver

W/ActivityManager( 1748): Spurious death for ProcessRecord{28fc0e19 9060:com.tencent.mm/u0a31}, curProc for 8845: null

I/ActivityManager( 1748): Process com.tencent.mm:push (pid 8984) has died

D/WifiService( 1748): Client connection lost with reason: 4

E/ActivityThread( 9060): Failed to find provider info for com.tencent.mm.coolassist.debugprovider

D/WifiService( 1748): New client listening to asynchronous messages

I/ActivityManager( 1748): Start proc 9154:com.tencent.mm:push/u0a31 for service com.tencent.mm/.booter.CoreService

E/ActivityThread( 9154): Failed to find provider info for com.tencent.mm.coolassist.debugprovider

D/WifiService( 1748): New client listening to asynchronous messages

I/ActivityManager( 1748): Killing 9060:com.tencent.mm/u0a31 (adj 15): 120081k from cached

D/WifiService( 1748): Client connection lost with reason: 4

W/BroadcastQueue( 1748): Exception when sending broadcast to ComponentInfo{com.tencent.mm/com.tencent.mm.plugin.report.service.KVCommCrossProcessReceiver}

W/BroadcastQueue( 1748): android.os.DeadObjectException

W/BroadcastQueue( 1748): 	at android.os.BinderProxy.transactNative(Native Method)

W/BroadcastQueue( 1748): 	at android.os.BinderProxy.transact(Binder.java:496)

W/BroadcastQueue( 1748): 	at android.app.ApplicationThreadProxy.scheduleReceiver(ApplicationThreadNative.java:861)

W/BroadcastQueue( 1748): 	at com.android.server.am.BroadcastQueue.processCurBroadcastLocked(BroadcastQueue.java:245)

W/BroadcastQueue( 1748): 	at com.android.server.am.BroadcastQueue.processNextBroadcast(BroadcastQueue.java:936)

W/BroadcastQueue( 1748): 	at com.android.server.am.BroadcastQueue$BroadcastHandler.handleMessage(BroadcastQueue.java:149)

W/BroadcastQueue( 1748): 	at android.os.Handler.dispatchMessage(Handler.java:102)

W/BroadcastQueue( 1748): 	at android.os.Looper.loop(Looper.java:135)

W/BroadcastQueue( 1748): 	at android.os.HandlerThread.run(HandlerThread.java:61)

W/BroadcastQueue( 1748): 	at com.android.server.ServiceThread.run(ServiceThread.java:46)

W/libprocessgroup( 1748): failed to open /acct/uid_10031/pid_9060/cgroup.procs: No such file or directory

I/ActivityManager( 1748): Start proc 9236:com.tencent.mm/u0a31 for broadcast com.tencent.mm/.plugin.report.service.KVCommCrossProcessReceiver

W/ActivityManager( 1748): Spurious death for ProcessRecord{28fc0e19 9236:com.tencent.mm/u0a31}, curProc for 9060: null

D/WifiService( 1748): Client connection lost with reason: 4

I/ActivityManager( 1748): Process com.tencent.mm:push (pid 9154) has died

E/ActivityThread( 9236): Failed to find provider info for com.tencent.mm.coolassist.debugprovider

D/WifiService( 1748): New client listening to asynchronous messages

I/ProcessStatsService( 1748): Prepared write state in 0ms

I/ProcessStatsService( 1748): Prepared write state in 0ms

I/ActivityManager( 1748): Start proc 9331:com.tencent.mm:push/u0a31 for service com.tencent.mm/.booter.CoreService

E/ActivityThread( 9331): Failed to find provider info for com.tencent.mm.coolassist.debugprovider

D/WifiService( 1748): New client listening to asynchronous messages

I/ActivityManager( 1748): Killing 9236:com.tencent.mm/u0a31 (adj 15): 119670k from cached

D/WifiService( 1748): Client connection lost with reason: 4

W/BroadcastQueue( 1748): Exception when sending broadcast to ComponentInfo{com.tencent.mm/com.tencent.mm.plugin.report.service.KVCommCrossProcessReceiver}

W/BroadcastQueue( 1748): android.os.DeadObjectException

W/BroadcastQueue( 1748): 	at android.os.BinderProxy.transactNative(Native Method)

W/BroadcastQueue( 1748): 	at android.os.BinderProxy.transact(Binder.java:496)

W/BroadcastQueue( 1748): 	at android.app.ApplicationThreadProxy.scheduleReceiver(ApplicationThreadNative.java:861)

W/BroadcastQueue( 1748): 	at com.android.server.am.BroadcastQueue.processCurBroadcastLocked(BroadcastQueue.java:245)

W/BroadcastQueue( 1748): 	at com.android.server.am.BroadcastQueue.processNextBroadcast(BroadcastQueue.java:936)

W/BroadcastQueue( 1748): 	at com.android.server.am.BroadcastQueue$BroadcastHandler.handleMessage(BroadcastQueue.java:149)

W/BroadcastQueue( 1748): 	at android.os.Handler.dispatchMessage(Handler.java:102)

W/BroadcastQueue( 1748): 	at android.os.Looper.loop(Looper.java:135)

W/BroadcastQueue( 1748): 	at android.os.HandlerThread.run(HandlerThread.java:61)

W/BroadcastQueue( 1748): 	at com.android.server.ServiceThread.run(ServiceThread.java:46)

W/libprocessgroup( 1748): failed to open /acct/uid_10031/pid_9236/cgroup.procs: No such file or directory

I/ActivityManager( 1748): Start proc 9412:com.tencent.mm/u0a31 for broadcast com.tencent.mm/.plugin.report.service.KVCommCrossProcessReceiver

W/ActivityManager( 1748): Spurious death for ProcessRecord{28fc0e19 9412:com.tencent.mm/u0a31}, curProc for 9236: null

D/WifiService( 1748): Client connection lost with reason: 4

I/ActivityManager( 1748): Process com.tencent.mm:push (pid 9331) has died

E/ActivityThread( 9412): Failed to find provider info for com.tencent.mm.coolassist.debugprovider

D/WifiService( 1748): New client listening to asynchronous messages

I/ActivityManager( 1748): Start proc 9500:com.tencent.mm:push/u0a31 for service com.tencent.mm/.booter.CoreService

E/ActivityThread( 9500): Failed to find provider info for com.tencent.mm.coolassist.debugprovider

D/WifiService( 1748): New client listening to asynchronous messages

I/ActivityManager( 1748): Killing 9412:com.tencent.mm/u0a31 (adj 11): 125262k from cached

D/WifiService( 1748): Client connection lost with reason: 4

W/BroadcastQueue( 1748): Exception when sending broadcast to ComponentInfo{com.tencent.mm/com.tencent.mm.plugin.report.service.KVCommCrossProcessReceiver}

W/BroadcastQueue( 1748): android.os.DeadObjectException

W/BroadcastQueue( 1748): 	at android.os.BinderProxy.transactNative(Native Method)

W/BroadcastQueue( 1748): 	at android.os.BinderProxy.transact(Binder.java:496)

W/BroadcastQueue( 1748): 	at android.app.ApplicationThreadProxy.scheduleReceiver(ApplicationThreadNative.java:861)

W/BroadcastQueue( 1748): 	at com.android.server.am.BroadcastQueue.processCurBroadcastLocked(BroadcastQueue.java:245)

W/BroadcastQueue( 1748): 	at com.android.server.am.BroadcastQueue.processNextBroadcast(BroadcastQueue.java:936)

W/BroadcastQueue( 1748): 	at com.android.server.am.BroadcastQueue$BroadcastHandler.handleMessage(BroadcastQueue.java:149)

W/BroadcastQueue( 1748): 	at android.os.Handler.dispatchMessage(Handler.java:102)

W/BroadcastQueue( 1748): 	at android.os.Looper.loop(Looper.java:135)

W/BroadcastQueue( 1748): 	at android.os.HandlerThread.run(HandlerThread.java:61)

W/BroadcastQueue( 1748): 	at com.android.server.ServiceThread.run(ServiceThread.java:46)

W/libprocessgroup( 1748): failed to open /acct/uid_10031/pid_9412/cgroup.procs: No such file or directory

I/ActivityManager( 1748): Start proc 9575:com.tencent.mm/u0a31 for broadcast com.tencent.mm/.plugin.report.service.KVCommCrossProcessReceiver

W/ActivityManager( 1748): Spurious death for ProcessRecord{28fc0e19 9575:com.tencent.mm/u0a31}, curProc for 9412: null

D/WifiService( 1748): Client connection lost with reason: 4

I/ActivityManager( 1748): Process com.tencent.mm:push (pid 9500) has died

E/ActivityThread( 9575): Failed to find provider info for com.tencent.mm.coolassist.debugprovider

D/WifiService( 1748): New client listening to asynchronous messages

I/ActivityManager( 1748): Start proc 9725:com.tencent.mm:push/u0a31 for service com.tencent.mm/.booter.CoreService

E/ActivityThread( 9725): Failed to find provider info for com.tencent.mm.coolassist.debugprovider

D/WifiService( 1748): New client listening to asynchronous messages

I/ActivityManager( 1748): Killing 9575:com.tencent.mm/u0a31 (adj 15): 119692k from cached

D/WifiService( 1748): Client connection lost with reason: 4

W/BroadcastQueue( 1748): Exception when sending broadcast to ComponentInfo{com.tencent.mm/com.tencent.mm.plugin.report.service.KVCommCrossProcessReceiver}

W/BroadcastQueue( 1748): android.os.DeadObjectException

W/BroadcastQueue( 1748): 	at android.os.BinderProxy.transactNative(Native Method)

W/BroadcastQueue( 1748): 	at android.os.BinderProxy.transact(Binder.java:496)

W/BroadcastQueue( 1748): 	at android.app.ApplicationThreadProxy.scheduleReceiver(ApplicationThreadNative.java:861)

W/BroadcastQueue( 1748): 	at com.android.server.am.BroadcastQueue.processCurBroadcastLocked(BroadcastQueue.java:245)

W/BroadcastQueue( 1748): 	at com.android.server.am.BroadcastQueue.processNextBroadcast(BroadcastQueue.java:936)

W/BroadcastQueue( 1748): 	at com.android.server.am.BroadcastQueue$BroadcastHandler.handleMessage(BroadcastQueue.java:149)

W/BroadcastQueue( 1748): 	at android.os.Handler.dispatchMessage(Handler.java:102)

W/BroadcastQueue( 1748): 	at android.os.Looper.loop(Looper.java:135)

W/BroadcastQueue( 1748): 	at android.os.HandlerThread.run(HandlerThread.java:61)

W/BroadcastQueue( 1748): 	at com.android.server.ServiceThread.run(ServiceThread.java:46)

W/libprocessgroup( 1748): failed to open /acct/uid_10031/pid_9575/cgroup.procs: No such file or directory

I/ActivityManager( 1748): Start proc 9807:com.tencent.mm/u0a31 for broadcast com.tencent.mm/.plugin.report.service.KVCommCrossProcessReceiver

W/ActivityManager( 1748): Spurious death for ProcessRecord{28fc0e19 9807:com.tencent.mm/u0a31}, curProc for 9575: null

I/ActivityManager( 1748): Process com.tencent.mm:push (pid 9725) has died

D/WifiService( 1748): Client connection lost with reason: 4

E/ActivityThread( 9807): Failed to find provider info for com.tencent.mm.coolassist.debugprovider

D/WifiService( 1748): New client listening to asynchronous messages

I/ActivityManager( 1748): Start proc 9906:com.tencent.mm:push/u0a31 for service com.tencent.mm/.booter.CoreService

E/ActivityThread( 9906): Failed to find provider info for com.tencent.mm.coolassist.debugprovider

D/WifiService( 1748): New client listening to asynchronous messages

I/ActivityManager( 1748): Killing 9807:com.tencent.mm/u0a31 (adj 15): 119385k from cached

D/WifiService( 1748): Client connection lost with reason: 4

W/BroadcastQueue( 1748): Exception when sending broadcast to ComponentInfo{com.tencent.mm/com.tencent.mm.plugin.report.service.KVCommCrossProcessReceiver}

W/BroadcastQueue( 1748): android.os.DeadObjectException

W/BroadcastQueue( 1748): 	at android.os.BinderProxy.transactNative(Native Method)

W/BroadcastQueue( 1748): 	at android.os.BinderProxy.transact(Binder.java:496)

W/BroadcastQueue( 1748): 	at android.app.ApplicationThreadProxy.scheduleReceiver(ApplicationThreadNative.java:861)

W/BroadcastQueue( 1748): 	at com.android.server.am.BroadcastQueue.processCurBroadcastLocked(BroadcastQueue.java:245)

W/BroadcastQueue( 1748): 	at com.android.server.am.BroadcastQueue.processNextBroadcast(BroadcastQueue.java:936)

W/BroadcastQueue( 1748): 	at com.android.server.am.BroadcastQueue$BroadcastHandler.handleMessage(BroadcastQueue.java:149)

W/BroadcastQueue( 1748): 	at android.os.Handler.dispatchMessage(Handler.java:102)

W/BroadcastQueue( 1748): 	at android.os.Looper.loop(Looper.java:135)

W/BroadcastQueue( 1748): 	at android.os.HandlerThread.run(HandlerThread.java:61)

W/BroadcastQueue( 1748): 	at com.android.server.ServiceThread.run(ServiceThread.java:46)

W/libprocessgroup( 1748): failed to open /acct/uid_10031/pid_9807/cgroup.procs: No such file or directory

I/ActivityManager( 1748): Start proc 9986:com.tencent.mm/u0a31 for broadcast com.tencent.mm/.plugin.report.service.KVCommCrossProcessReceiver

W/ActivityManager( 1748): Spurious death for ProcessRecord{28fc0e19 9986:com.tencent.mm/u0a31}, curProc for 9807: null

D/WifiService( 1748): Client connection lost with reason: 4

I/ActivityManager( 1748): Process com.tencent.mm:push (pid 9906) has died

E/ActivityThread( 9986): Failed to find provider info for com.tencent.mm.coolassist.debugprovider

D/WifiService( 1748): New client listening to asynchronous messages

I/ActivityManager( 1748): Start proc 10072:com.tencent.mm:push/u0a31 for service com.tencent.mm/.booter.CoreService

E/ActivityThread(10072): Failed to find provider info for com.tencent.mm.coolassist.debugprovider

D/WifiService( 1748): New client listening to asynchronous messages

I/ActivityManager( 1748): Killing 9986:com.tencent.mm/u0a31 (adj 15): 125242k from cached

D/WifiService( 1748): Client connection lost with reason: 4

W/BroadcastQueue( 1748): Exception when sending broadcast to ComponentInfo{com.tencent.mm/com.tencent.mm.plugin.report.service.KVCommCrossProcessReceiver}

W/BroadcastQueue( 1748): android.os.DeadObjectException

W/BroadcastQueue( 1748): 	at android.os.BinderProxy.transactNative(Native Method)

W/BroadcastQueue( 1748): 	at android.os.BinderProxy.transact(Binder.java:496)

W/BroadcastQueue( 1748): 	at android.app.ApplicationThreadProxy.scheduleReceiver(ApplicationThreadNative.java:861)

W/BroadcastQueue( 1748): 	at com.android.server.am.BroadcastQueue.processCurBroadcastLocked(BroadcastQueue.java:245)

W/BroadcastQueue( 1748): 	at com.android.server.am.BroadcastQueue.processNextBroadcast(BroadcastQueue.java:936)

W/BroadcastQueue( 1748): 	at com.android.server.am.BroadcastQueue$BroadcastHandler.handleMessage(BroadcastQueue.java:149)

W/BroadcastQueue( 1748): 	at android.os.Handler.dispatchMessage(Handler.java:102)

W/BroadcastQueue( 1748): 	at android.os.Looper.loop(Looper.java:135)

W/BroadcastQueue( 1748): 	at android.os.HandlerThread.run(HandlerThread.java:61)

W/BroadcastQueue( 1748): 	at com.android.server.ServiceThread.run(ServiceThread.java:46)

W/libprocessgroup( 1748): failed to open /acct/uid_10031/pid_9986/cgroup.procs: No such file or directory

I/ActivityManager( 1748): Start proc 10148:com.tencent.mm/u0a31 for broadcast com.tencent.mm/.plugin.report.service.KVCommCrossProcessReceiver

W/ActivityManager( 1748): Spurious death for ProcessRecord{28fc0e19 10148:com.tencent.mm/u0a31}, curProc for 9986: null

D/WifiService( 1748): Client connection lost with reason: 4

I/ActivityManager( 1748): Process com.tencent.mm:push (pid 10072) has died

E/ActivityThread(10148): Failed to find provider info for com.tencent.mm.coolassist.debugprovider

D/WifiService( 1748): New client listening to asynchronous messages

I/ProcessStatsService( 1748): Prepared write state in 0ms

I/ActivityManager( 1748): Start proc 10244:com.tencent.mm:push/u0a31 for service com.tencent.mm/.booter.CoreService

E/ActivityThread(10244): Failed to find provider info for com.tencent.mm.coolassist.debugprovider

D/WifiService( 1748): New client listening to asynchronous messages

I/ActivityManager( 1748): Killing 10148:com.tencent.mm/u0a31 (adj 11): 119663k from cached

D/WifiService( 1748): Client connection lost with reason: 4

W/BroadcastQueue( 1748): Exception when sending broadcast to ComponentInfo{com.tencent.mm/com.tencent.mm.plugin.report.service.KVCommCrossProcessReceiver}

W/BroadcastQueue( 1748): android.os.DeadObjectException

W/BroadcastQueue( 1748): 	at android.os.BinderProxy.transactNative(Native Method)

W/BroadcastQueue( 1748): 	at android.os.BinderProxy.transact(Binder.java:496)

W/BroadcastQueue( 1748): 	at android.app.ApplicationThreadProxy.scheduleReceiver(ApplicationThreadNative.java:861)

W/BroadcastQueue( 1748): 	at com.android.server.am.BroadcastQueue.processCurBroadcastLocked(BroadcastQueue.java:245)

W/BroadcastQueue( 1748): 	at com.android.server.am.BroadcastQueue.processNextBroadcast(BroadcastQueue.java:936)

W/BroadcastQueue( 1748): 	at com.android.server.am.BroadcastQueue$BroadcastHandler.handleMessage(BroadcastQueue.java:149)

W/BroadcastQueue( 1748): 	at android.os.Handler.dispatchMessage(Handler.java:102)

W/BroadcastQueue( 1748): 	at android.os.Looper.loop(Looper.java:135)

W/BroadcastQueue( 1748): 	at android.os.HandlerThread.run(HandlerThread.java:61)

W/BroadcastQueue( 1748): 	at com.android.server.ServiceThread.run(ServiceThread.java:46)

W/libprocessgroup( 1748): failed to open /acct/uid_10031/pid_10148/cgroup.procs: No such file or directory

I/ActivityManager( 1748): Start proc 10329:com.tencent.mm/u0a31 for broadcast com.tencent.mm/.plugin.report.service.KVCommCrossProcessReceiver

W/ActivityManager( 1748): Spurious death for ProcessRecord{28fc0e19 10329:com.tencent.mm/u0a31}, curProc for 10148: null

I/ActivityManager( 1748): Process com.tencent.mm:push (pid 10244) has died

D/WifiService( 1748): Client connection lost with reason: 4

E/ActivityThread(10329): Failed to find provider info for com.tencent.mm.coolassist.debugprovider

D/WifiService( 1748): New client listening to asynchronous messages

I/ActivityManager( 1748): Start proc 10476:com.tencent.mm:push/u0a31 for service com.tencent.mm/.booter.CoreService

E/ActivityThread(10476): Failed to find provider info for com.tencent.mm.coolassist.debugprovider

D/WifiService( 1748): New client listening to asynchronous messages

I/ActivityManager( 1748): Killing 10329:com.tencent.mm/u0a31 (adj 11): 119722k from cached

D/WifiService( 1748): Client connection lost with reason: 4

W/BroadcastQueue( 1748): Exception when sending broadcast to ComponentInfo{com.tencent.mm/com.tencent.mm.plugin.report.service.KVCommCrossProcessReceiver}

W/BroadcastQueue( 1748): android.os.DeadObjectException

W/BroadcastQueue( 1748): 	at android.os.BinderProxy.transactNative(Native Method)

W/BroadcastQueue( 1748): 	at android.os.BinderProxy.transact(Binder.java:496)

W/BroadcastQueue( 1748): 	at android.app.ApplicationThreadProxy.scheduleReceiver(ApplicationThreadNative.java:861)

W/BroadcastQueue( 1748): 	at com.android.server.am.BroadcastQueue.processCurBroadcastLocked(BroadcastQueue.java:245)

W/BroadcastQueue( 1748): 	at com.android.server.am.BroadcastQueue.processNextBroadcast(BroadcastQueue.java:936)

W/BroadcastQueue( 1748): 	at com.android.server.am.BroadcastQueue$BroadcastHandler.handleMessage(BroadcastQueue.java:149)

W/BroadcastQueue( 1748): 	at android.os.Handler.dispatchMessage(Handler.java:102)

W/BroadcastQueue( 1748): 	at android.os.Looper.loop(Looper.java:135)

W/BroadcastQueue( 1748): 	at android.os.HandlerThread.run(HandlerThread.java:61)

W/BroadcastQueue( 1748): 	at com.android.server.ServiceThread.run(ServiceThread.java:46)

W/libprocessgroup( 1748): failed to open /acct/uid_10031/pid_10329/cgroup.procs: No such file or directory

I/ActivityManager( 1748): Start proc 10555:com.tencent.mm/u0a31 for broadcast com.tencent.mm/.plugin.report.service.KVCommCrossProcessReceiver

W/ActivityManager( 1748): Spurious death for ProcessRecord{28fc0e19 10555:com.tencent.mm/u0a31}, curProc for 10329: null

D/WifiService( 1748): Client connection lost with reason: 4

I/ActivityManager( 1748): Process com.tencent.mm:push (pid 10476) has died

E/ActivityThread(10555): Failed to find provider info for com.tencent.mm.coolassist.debugprovider

D/WifiService( 1748): New client listening to asynchronous messages

I/ActivityManager( 1748): Start proc 10641:com.tencent.mm:push/u0a31 for service com.tencent.mm/.booter.CoreService

E/ActivityThread(10641): Failed to find provider info for com.tencent.mm.coolassist.debugprovider

D/WifiService( 1748): New client listening to asynchronous messages

I/ActivityManager( 1748): Killing 10555:com.tencent.mm/u0a31 (adj 15): 129721k from cached

D/WifiService( 1748): Client connection lost with reason: 4

W/BroadcastQueue( 1748): Exception when sending broadcast to ComponentInfo{com.tencent.mm/com.tencent.mm.plugin.report.service.KVCommCrossProcessReceiver}

W/BroadcastQueue( 1748): android.os.DeadObjectException

W/BroadcastQueue( 1748): 	at android.os.BinderProxy.transactNative(Native Method)

W/BroadcastQueue( 1748): 	at android.os.BinderProxy.transact(Binder.java:496)

W/BroadcastQueue( 1748): 	at android.app.ApplicationThreadProxy.scheduleReceiver(ApplicationThreadNative.java:861)

W/BroadcastQueue( 1748): 	at com.android.server.am.BroadcastQueue.processCurBroadcastLocked(BroadcastQueue.java:245)

W/BroadcastQueue( 1748): 	at com.android.server.am.BroadcastQueue.processNextBroadcast(BroadcastQueue.java:936)

W/BroadcastQueue( 1748): 	at com.android.server.am.BroadcastQueue$BroadcastHandler.handleMessage(BroadcastQueue.java:149)

W/BroadcastQueue( 1748): 	at android.os.Handler.dispatchMessage(Handler.java:102)

W/BroadcastQueue( 1748): 	at android.os.Looper.loop(Looper.java:135)

W/BroadcastQueue( 1748): 	at android.os.HandlerThread.run(HandlerThread.java:61)

W/BroadcastQueue( 1748): 	at com.android.server.ServiceThread.run(ServiceThread.java:46)

W/libprocessgroup( 1748): failed to open /acct/uid_10031/pid_10555/cgroup.procs: No such file or directory

I/ActivityManager( 1748): Start proc 10718:com.tencent.mm/u0a31 for broadcast com.tencent.mm/.plugin.report.service.KVCommCrossProcessReceiver

W/ActivityManager( 1748): Spurious death for ProcessRecord{28fc0e19 10718:com.tencent.mm/u0a31}, curProc for 10555: null

D/WifiService( 1748): Client connection lost with reason: 4

I/ActivityManager( 1748): Process com.tencent.mm:push (pid 10641) has died

E/ActivityThread(10718): Failed to find provider info for com.tencent.mm.coolassist.debugprovider

D/WifiService( 1748): New client listening to asynchronous messages

I/ProcessStatsService( 1748): Prepared write state in 0ms

I/ActivityManager( 1748): Start proc 10812:com.tencent.mm:push/u0a31 for service com.tencent.mm/.booter.CoreService

E/ActivityThread(10812): Failed to find provider info for com.tencent.mm.coolassist.debugprovider

D/WifiService( 1748): New client listening to asynchronous messages

I/ActivityManager( 1748): Killing 10718:com.tencent.mm/u0a31 (adj 15): 119622k from cached

D/WifiService( 1748): Client connection lost with reason: 4

W/BroadcastQueue( 1748): Exception when sending broadcast to ComponentInfo{com.tencent.mm/com.tencent.mm.plugin.report.service.KVCommCrossProcessReceiver}

W/BroadcastQueue( 1748): android.os.DeadObjectException

W/BroadcastQueue( 1748): 	at android.os.BinderProxy.transactNative(Native Method)

W/BroadcastQueue( 1748): 	at android.os.BinderProxy.transact(Binder.java:496)

W/BroadcastQueue( 1748): 	at android.app.ApplicationThreadProxy.scheduleReceiver(ApplicationThreadNative.java:861)

W/BroadcastQueue( 1748): 	at com.android.server.am.BroadcastQueue.processCurBroadcastLocked(BroadcastQueue.java:245)

W/BroadcastQueue( 1748): 	at com.android.server.am.BroadcastQueue.processNextBroadcast(BroadcastQueue.java:936)

W/BroadcastQueue( 1748): 	at com.android.server.am.BroadcastQueue$BroadcastHandler.handleMessage(BroadcastQueue.java:149)

W/BroadcastQueue( 1748): 	at android.os.Handler.dispatchMessage(Handler.java:102)

W/BroadcastQueue( 1748): 	at android.os.Looper.loop(Looper.java:135)

W/BroadcastQueue( 1748): 	at android.os.HandlerThread.run(HandlerThread.java:61)

W/BroadcastQueue( 1748): 	at com.android.server.ServiceThread.run(ServiceThread.java:46)

W/libprocessgroup( 1748): failed to open /acct/uid_10031/pid_10718/cgroup.procs: No such file or directory

I/ActivityManager( 1748): Start proc 10895:com.tencent.mm/u0a31 for broadcast com.tencent.mm/.plugin.report.service.KVCommCrossProcessReceiver

W/ActivityManager( 1748): Spurious death for ProcessRecord{28fc0e19 10895:com.tencent.mm/u0a31}, curProc for 10718: null

D/WifiService( 1748): Client connection lost with reason: 4

I/ActivityManager( 1748): Process com.tencent.mm:push (pid 10812) has died

E/ActivityThread(10895): Failed to find provider info for com.tencent.mm.coolassist.debugprovider

D/WifiService( 1748): New client listening to asynchronous messages

I/ActivityManager( 1748): Start proc 11054:com.tencent.mm:push/u0a31 for service com.tencent.mm/.booter.CoreService

E/ActivityThread(11054): Failed to find provider info for com.tencent.mm.coolassist.debugprovider

D/WifiService( 1748): New client listening to asynchronous messages

I/ActivityManager( 1748): Killing 10895:com.tencent.mm/u0a31 (adj 11): 119326k from cached

D/WifiService( 1748): Client connection lost with reason: 4

W/BroadcastQueue( 1748): Exception when sending broadcast to ComponentInfo{com.tencent.mm/com.tencent.mm.plugin.report.service.KVCommCrossProcessReceiver}

W/BroadcastQueue( 1748): android.os.DeadObjectException

W/BroadcastQueue( 1748): 	at android.os.BinderProxy.transactNative(Native Method)

W/BroadcastQueue( 1748): 	at android.os.BinderProxy.transact(Binder.java:496)

W/BroadcastQueue( 1748): 	at android.app.ApplicationThreadProxy.scheduleReceiver(ApplicationThreadNative.java:861)

W/BroadcastQueue( 1748): 	at com.android.server.am.BroadcastQueue.processCurBroadcastLocked(BroadcastQueue.java:245)

W/BroadcastQueue( 1748): 	at com.android.server.am.BroadcastQueue.processNextBroadcast(BroadcastQueue.java:936)

W/BroadcastQueue( 1748): 	at com.android.server.am.BroadcastQueue$BroadcastHandler.handleMessage(BroadcastQueue.java:149)

W/BroadcastQueue( 1748): 	at android.os.Handler.dispatchMessage(Handler.java:102)

W/BroadcastQueue( 1748): 	at android.os.Looper.loop(Looper.java:135)

W/BroadcastQueue( 1748): 	at android.os.HandlerThread.run(HandlerThread.java:61)

W/BroadcastQueue( 1748): 	at com.android.server.ServiceThread.run(ServiceThread.java:46)

W/libprocessgroup( 1748): failed to open /acct/uid_10031/pid_10895/cgroup.procs: No such file or directory

I/ActivityManager( 1748): Start proc 11133:com.tencent.mm/u0a31 for broadcast com.tencent.mm/.plugin.report.service.KVCommCrossProcessReceiver

W/ActivityManager( 1748): Spurious death for ProcessRecord{28fc0e19 11133:com.tencent.mm/u0a31}, curProc for 10895: null

I/ActivityManager( 1748): Process com.tencent.mm:push (pid 11054) has died

D/WifiService( 1748): Client connection lost with reason: 4

E/ActivityThread(11133): Failed to find provider info for com.tencent.mm.coolassist.debugprovider

D/WifiService( 1748): New client listening to asynchronous messages

I/ActivityManager( 1748): Start proc 11218:com.tencent.mm:push/u0a31 for service com.tencent.mm/.booter.CoreService

E/ActivityThread(11218): Failed to find provider info for com.tencent.mm.coolassist.debugprovider

D/WifiService( 1748): New client listening to asynchronous messages

I/ActivityManager( 1748): Killing 11133:com.tencent.mm/u0a31 (adj 11): 128206k from cached

D/WifiService( 1748): Client connection lost with reason: 4

W/BroadcastQueue( 1748): Exception when sending broadcast to ComponentInfo{com.tencent.mm/com.tencent.mm.plugin.report.service.KVCommCrossProcessReceiver}

W/BroadcastQueue( 1748): android.os.DeadObjectException

W/BroadcastQueue( 1748): 	at android.os.BinderProxy.transactNative(Native Method)

W/BroadcastQueue( 1748): 	at android.os.BinderProxy.transact(Binder.java:496)

W/BroadcastQueue( 1748): 	at android.app.ApplicationThreadProxy.scheduleReceiver(ApplicationThreadNative.java:861)

W/BroadcastQueue( 1748): 	at com.android.server.am.BroadcastQueue.processCurBroadcastLocked(BroadcastQueue.java:245)

W/BroadcastQueue( 1748): 	at com.android.server.am.BroadcastQueue.processNextBroadcast(BroadcastQueue.java:936)

W/BroadcastQueue( 1748): 	at com.android.server.am.BroadcastQueue$BroadcastHandler.handleMessage(BroadcastQueue.java:149)

W/BroadcastQueue( 1748): 	at android.os.Handler.dispatchMessage(Handler.java:102)

W/BroadcastQueue( 1748): 	at android.os.Looper.loop(Looper.java:135)

W/BroadcastQueue( 1748): 	at android.os.HandlerThread.run(HandlerThread.java:61)

W/BroadcastQueue( 1748): 	at com.android.server.ServiceThread.run(ServiceThread.java:46)

W/libprocessgroup( 1748): failed to open /acct/uid_10031/pid_11133/cgroup.procs: No such file or directory

I/ActivityManager( 1748): Start proc 11295:com.tencent.mm/u0a31 for broadcast com.tencent.mm/.plugin.report.service.KVCommCrossProcessReceiver

W/ActivityManager( 1748): Spurious death for ProcessRecord{28fc0e19 11295:com.tencent.mm/u0a31}, curProc for 11133: null

D/WifiService( 1748): Client connection lost with reason: 4

I/ActivityManager( 1748): Process com.tencent.mm:push (pid 11218) has died

E/ActivityThread(11295): Failed to find provider info for com.tencent.mm.coolassist.debugprovider

D/WifiService( 1748): New client listening to asynchronous messages

I/ActivityManager( 1748): Start proc 11391:com.tencent.mm:push/u0a31 for service com.tencent.mm/.booter.CoreService

E/ActivityThread(11391): Failed to find provider info for com.tencent.mm.coolassist.debugprovider

D/WifiService( 1748): New client listening to asynchronous messages

I/ActivityManager( 1748): Killing 11295:com.tencent.mm/u0a31 (adj 15): 121256k from cached

D/WifiService( 1748): Client connection lost with reason: 4

W/BroadcastQueue( 1748): Exception when sending broadcast to ComponentInfo{com.tencent.mm/com.tencent.mm.plugin.report.service.KVCommCrossProcessReceiver}

W/BroadcastQueue( 1748): android.os.DeadObjectException

W/BroadcastQueue( 1748): 	at android.os.BinderProxy.transactNative(Native Method)

W/BroadcastQueue( 1748): 	at android.os.BinderProxy.transact(Binder.java:496)

W/BroadcastQueue( 1748): 	at android.app.ApplicationThreadProxy.scheduleReceiver(ApplicationThreadNative.java:861)

W/BroadcastQueue( 1748): 	at com.android.server.am.BroadcastQueue.processCurBroadcastLocked(BroadcastQueue.java:245)

W/BroadcastQueue( 1748): 	at com.android.server.am.BroadcastQueue.processNextBroadcast(BroadcastQueue.java:936)

W/BroadcastQueue( 1748): 	at com.android.server.am.BroadcastQueue$BroadcastHandler.handleMessage(BroadcastQueue.java:149)

W/BroadcastQueue( 1748): 	at android.os.Handler.dispatchMessage(Handler.java:102)

W/BroadcastQueue( 1748): 	at android.os.Looper.loop(Looper.java:135)

W/BroadcastQueue( 1748): 	at android.os.HandlerThread.run(HandlerThread.java:61)

W/BroadcastQueue( 1748): 	at com.android.server.ServiceThread.run(ServiceThread.java:46)

W/libprocessgroup( 1748): failed to open /acct/uid_10031/pid_11295/cgroup.procs: No such file or directory

I/ActivityManager( 1748): Start proc 11472:com.tencent.mm/u0a31 for broadcast com.tencent.mm/.plugin.report.service.KVCommCrossProcessReceiver

W/ActivityManager( 1748): Spurious death for ProcessRecord{28fc0e19 11472:com.tencent.mm/u0a31}, curProc for 11295: null

D/WifiService( 1748): Client connection lost with reason: 4

I/ActivityManager( 1748): Process com.tencent.mm:push (pid 11391) has died

E/ActivityThread(11472): Failed to find provider info for com.tencent.mm.coolassist.debugprovider

D/WifiService( 1748): New client listening to asynchronous messages

I/ProcessStatsService( 1748): Prepared write state in 0ms

I/ProcessStatsService( 1748): Prepared write state in 0ms

I/ActivityManager( 1748): Start proc 11601:com.tencent.mm:push/u0a31 for service com.tencent.mm/.booter.CoreService

E/ActivityThread(11601): Failed to find provider info for com.tencent.mm.coolassist.debugprovider

D/WifiService( 1748): New client listening to asynchronous messages

I/ActivityManager( 1748): Killing 11472:com.tencent.mm/u0a31 (adj 15): 119614k from cached

D/WifiService( 1748): Client connection lost with reason: 4

W/BroadcastQueue( 1748): Exception when sending broadcast to ComponentInfo{com.tencent.mm/com.tencent.mm.plugin.report.service.KVCommCrossProcessReceiver}

W/BroadcastQueue( 1748): android.os.DeadObjectException

W/BroadcastQueue( 1748): 	at android.os.BinderProxy.transactNative(Native Method)

W/BroadcastQueue( 1748): 	at android.os.BinderProxy.transact(Binder.java:496)

W/BroadcastQueue( 1748): 	at android.app.ApplicationThreadProxy.scheduleReceiver(ApplicationThreadNative.java:861)

W/BroadcastQueue( 1748): 	at com.android.server.am.BroadcastQueue.processCurBroadcastLocked(BroadcastQueue.java:245)

W/BroadcastQueue( 1748): 	at com.android.server.am.BroadcastQueue.processNextBroadcast(BroadcastQueue.java:936)

W/BroadcastQueue( 1748): 	at com.android.server.am.BroadcastQueue$BroadcastHandler.handleMessage(BroadcastQueue.java:149)

W/BroadcastQueue( 1748): 	at android.os.Handler.dispatchMessage(Handler.java:102)

W/BroadcastQueue( 1748): 	at android.os.Looper.loop(Looper.java:135)

W/BroadcastQueue( 1748): 	at android.os.HandlerThread.run(HandlerThread.java:61)

W/BroadcastQueue( 1748): 	at com.android.server.ServiceThread.run(ServiceThread.java:46)

W/libprocessgroup( 1748): failed to open /acct/uid_10031/pid_11472/cgroup.procs: No such file or directory

I/ActivityManager( 1748): Start proc 11681:com.tencent.mm/u0a31 for broadcast com.tencent.mm/.plugin.report.service.KVCommCrossProcessReceiver

W/ActivityManager( 1748): Spurious death for ProcessRecord{28fc0e19 11681:com.tencent.mm/u0a31}, curProc for 11472: null

D/WifiService( 1748): Client connection lost with reason: 4

I/ActivityManager( 1748): Process com.tencent.mm:push (pid 11601) has died

E/ActivityThread(11681): Failed to find provider info for com.tencent.mm.coolassist.debugprovider

D/WifiService( 1748): New client listening to asynchronous messages

I/ActivityManager( 1748): Start proc 11771:com.tencent.mm:push/u0a31 for service com.tencent.mm/.booter.CoreService

E/ActivityThread(11771): Failed to find provider info for com.tencent.mm.coolassist.debugprovider

D/WifiService( 1748): New client listening to asynchronous messages

I/ActivityManager( 1748): Killing 11681:com.tencent.mm/u0a31 (adj 9): 127276k from cached

D/WifiService( 1748): Client connection lost with reason: 4

W/BroadcastQueue( 1748): Exception when sending broadcast to ComponentInfo{com.tencent.mm/com.tencent.mm.plugin.report.service.KVCommCrossProcessReceiver}

W/BroadcastQueue( 1748): android.os.DeadObjectException

W/BroadcastQueue( 1748): 	at android.os.BinderProxy.transactNative(Native Method)

W/BroadcastQueue( 1748): 	at android.os.BinderProxy.transact(Binder.java:496)

W/BroadcastQueue( 1748): 	at android.app.ApplicationThreadProxy.scheduleReceiver(ApplicationThreadNative.java:861)

W/BroadcastQueue( 1748): 	at com.android.server.am.BroadcastQueue.processCurBroadcastLocked(BroadcastQueue.java:245)

W/BroadcastQueue( 1748): 	at com.android.server.am.BroadcastQueue.processNextBroadcast(BroadcastQueue.java:936)

W/BroadcastQueue( 1748): 	at com.android.server.am.BroadcastQueue$BroadcastHandler.handleMessage(BroadcastQueue.java:149)

W/BroadcastQueue( 1748): 	at android.os.Handler.dispatchMessage(Handler.java:102)

W/BroadcastQueue( 1748): 	at android.os.Looper.loop(Looper.java:135)

W/BroadcastQueue( 1748): 	at android.os.HandlerThread.run(HandlerThread.java:61)

W/BroadcastQueue( 1748): 	at com.android.server.ServiceThread.run(ServiceThread.java:46)

W/libprocessgroup( 1748): failed to open /acct/uid_10031/pid_11681/cgroup.procs: No such file or directory

I/ActivityManager( 1748): Start proc 11848:com.tencent.mm/u0a31 for broadcast com.tencent.mm/.plugin.report.service.KVCommCrossProcessReceiver

W/ActivityManager( 1748): Spurious death for ProcessRecord{28fc0e19 11848:com.tencent.mm/u0a31}, curProc for 11681: null

D/WifiService( 1748): Client connection lost with reason: 4

I/ActivityManager( 1748): Process com.tencent.mm:push (pid 11771) has died

E/ActivityThread(11848): Failed to find provider info for com.tencent.mm.coolassist.debugprovider

D/WifiService( 1748): New client listening to asynchronous messages

I/EntropyMixer( 1748): Writing entropy...

I/ActivityManager( 1748): Start proc 11995:com.tencent.mm:push/u0a31 for service com.tencent.mm/.booter.CoreService

E/ActivityThread(11995): Failed to find provider info for com.tencent.mm.coolassist.debugprovider

D/WifiService( 1748): New client listening to asynchronous messages

I/ActivityManager( 1748): Killing 11848:com.tencent.mm/u0a31 (adj 15): 118727k from cached

D/WifiService( 1748): Client connection lost with reason: 4

W/BroadcastQueue( 1748): Exception when sending broadcast to ComponentInfo{com.tencent.mm/com.tencent.mm.plugin.report.service.KVCommCrossProcessReceiver}

W/BroadcastQueue( 1748): android.os.DeadObjectException

W/BroadcastQueue( 1748): 	at android.os.BinderProxy.transactNative(Native Method)

W/BroadcastQueue( 1748): 	at android.os.BinderProxy.transact(Binder.java:496)

W/BroadcastQueue( 1748): 	at android.app.ApplicationThreadProxy.scheduleReceiver(ApplicationThreadNative.java:861)

W/BroadcastQueue( 1748): 	at com.android.server.am.BroadcastQueue.processCurBroadcastLocked(BroadcastQueue.java:245)

W/BroadcastQueue( 1748): 	at com.android.server.am.BroadcastQueue.processNextBroadcast(BroadcastQueue.java:936)

W/BroadcastQueue( 1748): 	at com.android.server.am.BroadcastQueue$BroadcastHandler.handleMessage(BroadcastQueue.java:149)

W/BroadcastQueue( 1748): 	at android.os.Handler.dispatchMessage(Handler.java:102)

W/BroadcastQueue( 1748): 	at android.os.Looper.loop(Looper.java:135)

W/BroadcastQueue( 1748): 	at android.os.HandlerThread.run(HandlerThread.java:61)

W/BroadcastQueue( 1748): 	at com.android.server.ServiceThread.run(ServiceThread.java:46)

W/libprocessgroup( 1748): failed to open /acct/uid_10031/pid_11848/cgroup.procs: No such file or directory

I/ActivityManager( 1748): Start proc 12078:com.tencent.mm/u0a31 for broadcast com.tencent.mm/.plugin.report.service.KVCommCrossProcessReceiver

W/ActivityManager( 1748): Spurious death for ProcessRecord{28fc0e19 12078:com.tencent.mm/u0a31}, curProc for 11848: null

D/WifiService( 1748): Client connection lost with reason: 4

I/ActivityManager( 1748): Process com.tencent.mm:push (pid 11995) has died

E/ActivityThread(12078): Failed to find provider info for com.tencent.mm.coolassist.debugprovider

D/WifiService( 1748): New client listening to asynchronous messages

I/ProcessStatsService( 1748): Prepared write state in 0ms

I/ProcessStatsService( 1748): Prepared write state in 0ms

I/ActivityManager( 1748): Start proc 12172:com.tencent.mm:push/u0a31 for service com.tencent.mm/.booter.CoreService

E/ActivityThread(12172): Failed to find provider info for com.tencent.mm.coolassist.debugprovider

D/WifiService( 1748): New client listening to asynchronous messages

I/ActivityManager( 1748): Killing 12078:com.tencent.mm/u0a31 (adj 15): 121069k from cached

D/WifiService( 1748): Client connection lost with reason: 4

W/BroadcastQueue( 1748): Exception when sending broadcast to ComponentInfo{com.tencent.mm/com.tencent.mm.plugin.report.service.KVCommCrossProcessReceiver}

W/BroadcastQueue( 1748): android.os.DeadObjectException

W/BroadcastQueue( 1748): 	at android.os.BinderProxy.transactNative(Native Method)

W/BroadcastQueue( 1748): 	at android.os.BinderProxy.transact(Binder.java:496)

W/BroadcastQueue( 1748): 	at android.app.ApplicationThreadProxy.scheduleReceiver(ApplicationThreadNative.java:861)

W/BroadcastQueue( 1748): 	at com.android.server.am.BroadcastQueue.processCurBroadcastLocked(BroadcastQueue.java:245)

W/BroadcastQueue( 1748): 	at com.android.server.am.BroadcastQueue.processNextBroadcast(BroadcastQueue.java:936)

W/BroadcastQueue( 1748): 	at com.android.server.am.BroadcastQueue$BroadcastHandler.handleMessage(BroadcastQueue.java:149)

W/BroadcastQueue( 1748): 	at android.os.Handler.dispatchMessage(Handler.java:102)

W/BroadcastQueue( 1748): 	at android.os.Looper.loop(Looper.java:135)

W/BroadcastQueue( 1748): 	at android.os.HandlerThread.run(HandlerThread.java:61)

W/BroadcastQueue( 1748): 	at com.android.server.ServiceThread.run(ServiceThread.java:46)

W/libprocessgroup( 1748): failed to open /acct/uid_10031/pid_12078/cgroup.procs: No such file or directory

I/ActivityManager( 1748): Start proc 12252:com.tencent.mm/u0a31 for broadcast com.tencent.mm/.plugin.report.service.KVCommCrossProcessReceiver

W/ActivityManager( 1748): Spurious death for ProcessRecord{28fc0e19 12252:com.tencent.mm/u0a31}, curProc for 12078: null

D/WifiService( 1748): Client connection lost with reason: 4

I/ActivityManager( 1748): Process com.tencent.mm:push (pid 12172) has died

E/ActivityThread(12252): Failed to find provider info for com.tencent.mm.coolassist.debugprovider

D/WifiService( 1748): New client listening to asynchronous messages

I/ActivityManager( 1748): Start proc 12337:com.tencent.mm:push/u0a31 for service com.tencent.mm/.booter.CoreService

E/ActivityThread(12337): Failed to find provider info for com.tencent.mm.coolassist.debugprovider

D/WifiService( 1748): New client listening to asynchronous messages

I/ActivityManager( 1748): Killing 12252:com.tencent.mm/u0a31 (adj 11): 124760k from cached

D/WifiService( 1748): Client connection lost with reason: 4

W/BroadcastQueue( 1748): Exception when sending broadcast to ComponentInfo{com.tencent.mm/com.tencent.mm.plugin.report.service.KVCommCrossProcessReceiver}

W/BroadcastQueue( 1748): android.os.DeadObjectException

W/BroadcastQueue( 1748): 	at android.os.BinderProxy.transactNative(Native Method)

W/BroadcastQueue( 1748): 	at android.os.BinderProxy.transact(Binder.java:496)

W/BroadcastQueue( 1748): 	at android.app.ApplicationThreadProxy.scheduleReceiver(ApplicationThreadNative.java:861)

W/BroadcastQueue( 1748): 	at com.android.server.am.BroadcastQueue.processCurBroadcastLocked(BroadcastQueue.java:245)

W/BroadcastQueue( 1748): 	at com.android.server.am.BroadcastQueue.processNextBroadcast(BroadcastQueue.java:936)

W/BroadcastQueue( 1748): 	at com.android.server.am.BroadcastQueue$BroadcastHandler.handleMessage(BroadcastQueue.java:149)

W/BroadcastQueue( 1748): 	at android.os.Handler.dispatchMessage(Handler.java:102)

W/BroadcastQueue( 1748): 	at android.os.Looper.loop(Looper.java:135)

W/BroadcastQueue( 1748): 	at android.os.HandlerThread.run(HandlerThread.java:61)

W/BroadcastQueue( 1748): 	at com.android.server.ServiceThread.run(ServiceThread.java:46)

W/libprocessgroup( 1748): failed to open /acct/uid_10031/pid_12252/cgroup.procs: No such file or directory

I/ActivityManager( 1748): Start proc 12413:com.tencent.mm/u0a31 for broadcast com.tencent.mm/.plugin.report.service.KVCommCrossProcessReceiver

W/ActivityManager( 1748): Spurious death for ProcessRecord{28fc0e19 12413:com.tencent.mm/u0a31}, curProc for 12252: null

I/ActivityManager( 1748): Process com.tencent.mm:push (pid 12337) has died

D/WifiService( 1748): Client connection lost with reason: 4

E/ActivityThread(12413): Failed to find provider info for com.tencent.mm.coolassist.debugprovider

D/WifiService( 1748): New client listening to asynchronous messages

I/ActivityManager( 1748): Start proc 12571:com.tencent.mm:push/u0a31 for service com.tencent.mm/.booter.CoreService

E/ActivityThread(12571): Failed to find provider info for com.tencent.mm.coolassist.debugprovider

D/WifiService( 1748): New client listening to asynchronous messages

I/ActivityManager( 1748): Killing 12413:com.tencent.mm/u0a31 (adj 15): 118276k from cached

D/WifiService( 1748): Client connection lost with reason: 4

W/BroadcastQueue( 1748): Exception when sending broadcast to ComponentInfo{com.tencent.mm/com.tencent.mm.plugin.report.service.KVCommCrossProcessReceiver}

W/BroadcastQueue( 1748): android.os.DeadObjectException

W/BroadcastQueue( 1748): 	at android.os.BinderProxy.transactNative(Native Method)

W/BroadcastQueue( 1748): 	at android.os.BinderProxy.transact(Binder.java:496)

W/BroadcastQueue( 1748): 	at android.app.ApplicationThreadProxy.scheduleReceiver(ApplicationThreadNative.java:861)

W/BroadcastQueue( 1748): 	at com.android.server.am.BroadcastQueue.processCurBroadcastLocked(BroadcastQueue.java:245)

W/BroadcastQueue( 1748): 	at com.android.server.am.BroadcastQueue.processNextBroadcast(BroadcastQueue.java:936)

W/BroadcastQueue( 1748): 	at com.android.server.am.BroadcastQueue$BroadcastHandler.handleMessage(BroadcastQueue.java:149)

W/BroadcastQueue( 1748): 	at android.os.Handler.dispatchMessage(Handler.java:102)

W/BroadcastQueue( 1748): 	at android.os.Looper.loop(Looper.java:135)

W/BroadcastQueue( 1748): 	at android.os.HandlerThread.run(HandlerThread.java:61)

W/BroadcastQueue( 1748): 	at com.android.server.ServiceThread.run(ServiceThread.java:46)

W/libprocessgroup( 1748): failed to open /acct/uid_10031/pid_12413/cgroup.procs: No such file or directory

I/ActivityManager( 1748): Start proc 12650:com.tencent.mm/u0a31 for broadcast com.tencent.mm/.plugin.report.service.KVCommCrossProcessReceiver

W/ActivityManager( 1748): Spurious death for ProcessRecord{28fc0e19 12650:com.tencent.mm/u0a31}, curProc for 12413: null

D/WifiService( 1748): Client connection lost with reason: 4

I/ActivityManager( 1748): Process com.tencent.mm:push (pid 12571) has died

E/ActivityThread(12650): Failed to find provider info for com.tencent.mm.coolassist.debugprovider

D/WifiService( 1748): New client listening to asynchronous messages

I/ActivityManager( 1748): Start proc 12735:com.tencent.mm:push/u0a31 for service com.tencent.mm/.booter.CoreService

E/ActivityThread(12735): Failed to find provider info for com.tencent.mm.coolassist.debugprovider

D/WifiService( 1748): New client listening to asynchronous messages

I/ActivityManager( 1748): Killing 12650:com.tencent.mm/u0a31 (adj 11): 129543k from cached

D/WifiService( 1748): Client connection lost with reason: 4

W/BroadcastQueue( 1748): Exception when sending broadcast to ComponentInfo{com.tencent.mm/com.tencent.mm.plugin.report.service.KVCommCrossProcessReceiver}

W/BroadcastQueue( 1748): android.os.DeadObjectException

W/BroadcastQueue( 1748): 	at android.os.BinderProxy.transactNative(Native Method)

W/BroadcastQueue( 1748): 	at android.os.BinderProxy.transact(Binder.java:496)

W/BroadcastQueue( 1748): 	at android.app.ApplicationThreadProxy.scheduleReceiver(ApplicationThreadNative.java:861)

W/BroadcastQueue( 1748): 	at com.android.server.am.BroadcastQueue.processCurBroadcastLocked(BroadcastQueue.java:245)

W/BroadcastQueue( 1748): 	at com.android.server.am.BroadcastQueue.processNextBroadcast(BroadcastQueue.java:936)

W/BroadcastQueue( 1748): 	at com.android.server.am.BroadcastQueue$BroadcastHandler.handleMessage(BroadcastQueue.java:149)

W/BroadcastQueue( 1748): 	at android.os.Handler.dispatchMessage(Handler.java:102)

W/BroadcastQueue( 1748): 	at android.os.Looper.loop(Looper.java:135)

W/BroadcastQueue( 1748): 	at android.os.HandlerThread.run(HandlerThread.java:61)

W/BroadcastQueue( 1748): 	at com.android.server.ServiceThread.run(ServiceThread.java:46)

W/libprocessgroup( 1748): failed to open /acct/uid_10031/pid_12650/cgroup.procs: No such file or directory

I/ActivityManager( 1748): Start proc 12824:com.tencent.mm/u0a31 for broadcast com.tencent.mm/.plugin.report.service.KVCommCrossProcessReceiver

W/ActivityManager( 1748): Spurious death for ProcessRecord{28fc0e19 12824:com.tencent.mm/u0a31}, curProc for 12650: null

D/WifiService( 1748): Client connection lost with reason: 4

I/ActivityManager( 1748): Process com.tencent.mm:push (pid 12735) has died

E/ActivityThread(12824): Failed to find provider info for com.tencent.mm.coolassist.debugprovider

