W/BroadcastQueue( 1748): 	at android.os.BinderProxy.transactNative(Native Method)

W/BroadcastQueue( 1748): 	at android.os.BinderProxy.transact(Binder.java:496)

W/BroadcastQueue( 1748): 	at android.app.ApplicationThreadProxy.scheduleReceiver(ApplicationThreadNative.java:861)

W/BroadcastQueue( 1748): 	at com.android.server.am.BroadcastQueue.processCurBroadcastLocked(BroadcastQueue.java:245)

W/BroadcastQueue( 1748): 	at com.android.server.am.BroadcastQueue.processNextBroadcast(BroadcastQueue.java:936)

W/BroadcastQueue( 1748): 	at com.android.server.am.BroadcastQueue$BroadcastHandler.handleMessage(BroadcastQueue.java:149)

W/BroadcastQueue( 1748): 	at android.os.Handler.dispatchMessage(Handler.java:102)

W/BroadcastQueue( 1748): 	at android.os.Looper.loop(Looper.java:135)

W/BroadcastQueue( 1748): 	at android.os.HandlerThread.run(HandlerThread.java:61)

W/BroadcastQueue( 1748): 	at com.android.server.ServiceThread.run(ServiceThread.java:46)

W/libprocessgroup( 1748): failed to open /acct/uid_10031/pid_322/cgroup.procs: No such file or directory

I/ActivityManager( 1748): Start proc 489:com.tencent.mm/u0a31 for broadcast com.tencent.mm/.plugin.report.service.KVCommCrossProcessReceiver

W/ActivityManager( 1748): Spurious death for ProcessRecord{28fc0e19 489:com.tencent.mm/u0a31}, curProc for 322: null

D/WifiService( 1748): Client connection lost with reason: 4

I/ActivityManager( 1748): Process com.tencent.mm:push (pid 412) has died

E/ActivityThread(  489): Failed to find provider info for com.tencent.mm.coolassist.debugprovider

D/WifiService( 1748): New client listening to asynchronous messages

I/ProcessStatsService( 1748): Prepared write state in 0ms

I/ActivityManager( 1748): Start proc 588:com.tencent.mm:push/u0a31 for service com.tencent.mm/.booter.CoreService

E/ActivityThread(  588): Failed to find provider info for com.tencent.mm.coolassist.debugprovider

D/WifiService( 1748): New client listening to asynchronous messages

I/ActivityManager( 1748): Killing 489:com.tencent.mm/u0a31 (adj 15): 118800k from cached

D/WifiService( 1748): Client connection lost with reason: 4

W/BroadcastQueue( 1748): Exception when sending broadcast to ComponentInfo{com.tencent.mm/com.tencent.mm.plugin.report.service.KVCommCrossProcessReceiver}

W/BroadcastQueue( 1748): android.os.DeadObjectException

W/BroadcastQueue( 1748): 	at android.os.BinderProxy.transactNative(Native Method)

W/BroadcastQueue( 1748): 	at android.os.BinderProxy.transact(Binder.java:496)

W/BroadcastQueue( 1748): 	at android.app.ApplicationThreadProxy.scheduleReceiver(ApplicationThreadNative.java:861)

W/BroadcastQueue( 1748): 	at com.android.server.am.BroadcastQueue.processCurBroadcastLocked(BroadcastQueue.java:245)

W/BroadcastQueue( 1748): 	at com.android.server.am.BroadcastQueue.processNextBroadcast(BroadcastQueue.java:936)

W/BroadcastQueue( 1748): 	at com.android.server.am.BroadcastQueue$BroadcastHandler.handleMessage(BroadcastQueue.java:149)

W/BroadcastQueue( 1748): 	at android.os.Handler.dispatchMessage(Handler.java:102)

W/BroadcastQueue( 1748): 	at android.os.Looper.loop(Looper.java:135)

W/BroadcastQueue( 1748): 	at android.os.HandlerThread.run(HandlerThread.java:61)

W/BroadcastQueue( 1748): 	at com.android.server.ServiceThread.run(ServiceThread.java:46)

W/libprocessgroup( 1748): failed to open /acct/uid_10031/pid_489/cgroup.procs: No such file or directory

I/ActivityManager( 1748): Start proc 670:com.tencent.mm/u0a31 for broadcast com.tencent.mm/.plugin.report.service.KVCommCrossProcessReceiver

W/ActivityManager( 1748): Spurious death for ProcessRecord{28fc0e19 670:com.tencent.mm/u0a31}, curProc for 489: null

D/WifiService( 1748): Client connection lost with reason: 4

I/ActivityManager( 1748): Process com.tencent.mm:push (pid 588) has died

E/ActivityThread(  670): Failed to find provider info for com.tencent.mm.coolassist.debugprovider

D/WifiService( 1748): New client listening to asynchronous messages

I/ActivityManager( 1748): Start proc 760:com.tencent.mm:push/u0a31 for service com.tencent.mm/.booter.CoreService

E/ActivityThread(  760): Failed to find provider info for com.tencent.mm.coolassist.debugprovider

D/WifiService( 1748): New client listening to asynchronous messages

I/ActivityManager( 1748): Killing 670:com.tencent.mm/u0a31 (adj 9): 127600k from cached

D/WifiService( 1748): Client connection lost with reason: 4

W/BroadcastQueue( 1748): Exception when sending broadcast to ComponentInfo{com.tencent.mm/com.tencent.mm.plugin.report.service.KVCommCrossProcessReceiver}

W/BroadcastQueue( 1748): android.os.DeadObjectException

W/BroadcastQueue( 1748): 	at android.os.BinderProxy.transactNative(Native Method)

W/BroadcastQueue( 1748): 	at android.os.BinderProxy.transact(Binder.java:496)

W/BroadcastQueue( 1748): 	at android.app.ApplicationThreadProxy.scheduleReceiver(ApplicationThreadNative.java:861)

W/BroadcastQueue( 1748): 	at com.android.server.am.BroadcastQueue.processCurBroadcastLocked(BroadcastQueue.java:245)

W/BroadcastQueue( 1748): 	at com.android.server.am.BroadcastQueue.processNextBroadcast(BroadcastQueue.java:936)

W/BroadcastQueue( 1748): 	at com.android.server.am.BroadcastQueue$BroadcastHandler.handleMessage(BroadcastQueue.java:149)

W/BroadcastQueue( 1748): 	at android.os.Handler.dispatchMessage(Handler.java:102)

W/BroadcastQueue( 1748): 	at android.os.Looper.loop(Looper.java:135)

W/BroadcastQueue( 1748): 	at android.os.HandlerThread.run(HandlerThread.java:61)

W/BroadcastQueue( 1748): 	at com.android.server.ServiceThread.run(ServiceThread.java:46)

W/libprocessgroup( 1748): failed to open /acct/uid_10031/pid_670/cgroup.procs: No such file or directory

I/ActivityManager( 1748): Start proc 840:com.tencent.mm/u0a31 for broadcast com.tencent.mm/.plugin.report.service.KVCommCrossProcessReceiver

W/ActivityManager( 1748): Spurious death for ProcessRecord{28fc0e19 840:com.tencent.mm/u0a31}, curProc for 670: null

D/WifiService( 1748): Client connection lost with reason: 4

I/ActivityManager( 1748): Process com.tencent.mm:push (pid 760) has died

E/ActivityThread(  840): Failed to find provider info for com.tencent.mm.coolassist.debugprovider

D/WifiService( 1748): New client listening to asynchronous messages

I/ActivityManager( 1748): Start proc 990:com.tencent.mm:push/u0a31 for service com.tencent.mm/.booter.CoreService

E/ActivityThread(  990): Failed to find provider info for com.tencent.mm.coolassist.debugprovider

D/WifiService( 1748): New client listening to asynchronous messages

I/ActivityManager( 1748): Killing 840:com.tencent.mm/u0a31 (adj 15): 119047k from cached

D/WifiService( 1748): Client connection lost with reason: 4

W/BroadcastQueue( 1748): Exception when sending broadcast to ComponentInfo{com.tencent.mm/com.tencent.mm.plugin.report.service.KVCommCrossProcessReceiver}

W/BroadcastQueue( 1748): android.os.DeadObjectException

W/BroadcastQueue( 1748): 	at android.os.BinderProxy.transactNative(Native Method)

W/BroadcastQueue( 1748): 	at android.os.BinderProxy.transact(Binder.java:496)

W/BroadcastQueue( 1748): 	at android.app.ApplicationThreadProxy.scheduleReceiver(ApplicationThreadNative.java:861)

W/BroadcastQueue( 1748): 	at com.android.server.am.BroadcastQueue.processCurBroadcastLocked(BroadcastQueue.java:245)

W/BroadcastQueue( 1748): 	at com.android.server.am.BroadcastQueue.processNextBroadcast(BroadcastQueue.java:936)

W/BroadcastQueue( 1748): 	at com.android.server.am.BroadcastQueue$BroadcastHandler.handleMessage(BroadcastQueue.java:149)

W/BroadcastQueue( 1748): 	at android.os.Handler.dispatchMessage(Handler.java:102)

W/BroadcastQueue( 1748): 	at android.os.Looper.loop(Looper.java:135)

W/BroadcastQueue( 1748): 	at android.os.HandlerThread.run(HandlerThread.java:61)

W/BroadcastQueue( 1748): 	at com.android.server.ServiceThread.run(ServiceThread.java:46)

W/libprocessgroup( 1748): failed to open /acct/uid_10031/pid_840/cgroup.procs: No such file or directory

I/ActivityManager( 1748): Start proc 1075:com.tencent.mm/u0a31 for broadcast com.tencent.mm/.plugin.report.service.KVCommCrossProcessReceiver

W/ActivityManager( 1748): Spurious death for ProcessRecord{28fc0e19 1075:com.tencent.mm/u0a31}, curProc for 840: null

D/WifiService( 1748): Client connection lost with reason: 4

I/ActivityManager( 1748): Process com.tencent.mm:push (pid 990) has died

E/ActivityThread( 1075): Failed to find provider info for com.tencent.mm.coolassist.debugprovider

D/WifiService( 1748): New client listening to asynchronous messages

I/ActivityManager( 1748): Start proc 1160:com.tencent.mm:push/u0a31 for service com.tencent.mm/.booter.CoreService

E/ActivityThread( 1160): Failed to find provider info for com.tencent.mm.coolassist.debugprovider

D/WifiService( 1748): New client listening to asynchronous messages

I/ActivityManager( 1748): Killing 1075:com.tencent.mm/u0a31 (adj 11): 126293k from cached

D/WifiService( 1748): Client connection lost with reason: 4

W/BroadcastQueue( 1748): Exception when sending broadcast to ComponentInfo{com.tencent.mm/com.tencent.mm.plugin.report.service.KVCommCrossProcessReceiver}

W/BroadcastQueue( 1748): android.os.DeadObjectException

W/BroadcastQueue( 1748): 	at android.os.BinderProxy.transactNative(Native Method)

W/BroadcastQueue( 1748): 	at android.os.BinderProxy.transact(Binder.java:496)

W/BroadcastQueue( 1748): 	at android.app.ApplicationThreadProxy.scheduleReceiver(ApplicationThreadNative.java:861)

W/BroadcastQueue( 1748): 	at com.android.server.am.BroadcastQueue.processCurBroadcastLocked(BroadcastQueue.java:245)

W/BroadcastQueue( 1748): 	at com.android.server.am.BroadcastQueue.processNextBroadcast(BroadcastQueue.java:936)

W/BroadcastQueue( 1748): 	at com.android.server.am.BroadcastQueue$BroadcastHandler.handleMessage(BroadcastQueue.java:149)

W/BroadcastQueue( 1748): 	at android.os.Handler.dispatchMessage(Handler.java:102)

W/BroadcastQueue( 1748): 	at android.os.Looper.loop(Looper.java:135)

W/BroadcastQueue( 1748): 	at android.os.HandlerThread.run(HandlerThread.java:61)

W/BroadcastQueue( 1748): 	at com.android.server.ServiceThread.run(ServiceThread.java:46)

W/libprocessgroup( 1748): failed to open /acct/uid_10031/pid_1075/cgroup.procs: No such file or directory

I/ActivityManager( 1748): Start proc 1236:com.tencent.mm/u0a31 for broadcast com.tencent.mm/.plugin.report.service.KVCommCrossProcessReceiver

W/ActivityManager( 1748): Spurious death for ProcessRecord{28fc0e19 1236:com.tencent.mm/u0a31}, curProc for 1075: null

D/WifiService( 1748): Client connection lost with reason: 4

I/ActivityManager( 1748): Process com.tencent.mm:push (pid 1160) has died

E/ActivityThread( 1236): Failed to find provider info for com.tencent.mm.coolassist.debugprovider

D/WifiService( 1748): New client listening to asynchronous messages

I/ProcessStatsService( 1748): Prepared write state in 0ms

I/ProcessStatsService( 1748): Prepared write state in 1ms

I/ActivityManager( 1748): Start proc 1331:com.tencent.mm:push/u0a31 for service com.tencent.mm/.booter.CoreService

E/ActivityThread( 1331): Failed to find provider info for com.tencent.mm.coolassist.debugprovider

D/WifiService( 1748): New client listening to asynchronous messages

I/ActivityManager( 1748): Killing 1236:com.tencent.mm/u0a31 (adj 15): 118973k from cached

D/WifiService( 1748): Client connection lost with reason: 4

W/BroadcastQueue( 1748): Exception when sending broadcast to ComponentInfo{com.tencent.mm/com.tencent.mm.plugin.report.service.KVCommCrossProcessReceiver}

W/BroadcastQueue( 1748): android.os.DeadObjectException

W/BroadcastQueue( 1748): 	at android.os.BinderProxy.transactNative(Native Method)

W/BroadcastQueue( 1748): 	at android.os.BinderProxy.transact(Binder.java:496)

W/BroadcastQueue( 1748): 	at android.app.ApplicationThreadProxy.scheduleReceiver(ApplicationThreadNative.java:861)

W/BroadcastQueue( 1748): 	at com.android.server.am.BroadcastQueue.processCurBroadcastLocked(BroadcastQueue.java:245)

W/BroadcastQueue( 1748): 	at com.android.server.am.BroadcastQueue.processNextBroadcast(BroadcastQueue.java:936)

W/BroadcastQueue( 1748): 	at com.android.server.am.BroadcastQueue$BroadcastHandler.handleMessage(BroadcastQueue.java:149)

W/BroadcastQueue( 1748): 	at android.os.Handler.dispatchMessage(Handler.java:102)

W/BroadcastQueue( 1748): 	at android.os.Looper.loop(Looper.java:135)

W/BroadcastQueue( 1748): 	at android.os.HandlerThread.run(HandlerThread.java:61)

W/BroadcastQueue( 1748): 	at com.android.server.ServiceThread.run(ServiceThread.java:46)

W/libprocessgroup( 1748): failed to open /acct/uid_10031/pid_1236/cgroup.procs: No such file or directory

I/ActivityManager( 1748): Start proc 1423:com.tencent.mm/u0a31 for broadcast com.tencent.mm/.plugin.report.service.KVCommCrossProcessReceiver

W/ActivityManager( 1748): Spurious death for ProcessRecord{28fc0e19 1423:com.tencent.mm/u0a31}, curProc for 1236: null

I/ActivityManager( 1748): Process com.tencent.mm:push (pid 1331) has died

D/WifiService( 1748): Client connection lost with reason: 4

E/ActivityThread( 1423): Failed to find provider info for com.tencent.mm.coolassist.debugprovider

D/WifiService( 1748): New client listening to asynchronous messages

I/ActivityManager( 1748): Start proc 1533:com.tencent.mm:push/u0a31 for service com.tencent.mm/.booter.CoreService

E/ActivityThread( 1533): Failed to find provider info for com.tencent.mm.coolassist.debugprovider

D/WifiService( 1748): New client listening to asynchronous messages

I/ActivityManager( 1748): Killing 1423:com.tencent.mm/u0a31 (adj 9): 125688k from cached

D/WifiService( 1748): Client connection lost with reason: 4

W/BroadcastQueue( 1748): Exception when sending broadcast to ComponentInfo{com.tencent.mm/com.tencent.mm.plugin.report.service.KVCommCrossProcessReceiver}

W/BroadcastQueue( 1748): android.os.DeadObjectException

W/BroadcastQueue( 1748): 	at android.os.BinderProxy.transactNative(Native Method)

W/BroadcastQueue( 1748): 	at android.os.BinderProxy.transact(Binder.java:496)

W/BroadcastQueue( 1748): 	at android.app.ApplicationThreadProxy.scheduleReceiver(ApplicationThreadNative.java:861)

W/BroadcastQueue( 1748): 	at com.android.server.am.BroadcastQueue.processCurBroadcastLocked(BroadcastQueue.java:245)

W/BroadcastQueue( 1748): 	at com.android.server.am.BroadcastQueue.processNextBroadcast(BroadcastQueue.java:936)

W/BroadcastQueue( 1748): 	at com.android.server.am.BroadcastQueue$BroadcastHandler.handleMessage(BroadcastQueue.java:149)

W/BroadcastQueue( 1748): 	at android.os.Handler.dispatchMessage(Handler.java:102)

W/BroadcastQueue( 1748): 	at android.os.Looper.loop(Looper.java:135)

W/BroadcastQueue( 1748): 	at android.os.HandlerThread.run(HandlerThread.java:61)

W/BroadcastQueue( 1748): 	at com.android.server.ServiceThread.run(ServiceThread.java:46)

W/libprocessgroup( 1748): failed to open /acct/uid_10031/pid_1423/cgroup.procs: No such file or directory

I/ActivityManager( 1748): Start proc 1620:com.tencent.mm/u0a31 for broadcast com.tencent.mm/.plugin.report.service.KVCommCrossProcessReceiver

W/ActivityManager( 1748): Spurious death for ProcessRecord{28fc0e19 1620:com.tencent.mm/u0a31}, curProc for 1423: null

D/WifiService( 1748): Client connection lost with reason: 4

I/ActivityManager( 1748): Process com.tencent.mm:push (pid 1533) has died

E/ActivityThread( 1620): Failed to find provider info for com.tencent.mm.coolassist.debugprovider

D/WifiService( 1748): New client listening to asynchronous messages

I/ActivityManager( 1748): Start proc 1848:com.tencent.mm:push/u0a31 for service com.tencent.mm/.booter.CoreService

E/ActivityThread( 1848): Failed to find provider info for com.tencent.mm.coolassist.debugprovider

D/WifiService( 1748): New client listening to asynchronous messages

I/ActivityManager( 1748): Killing 1620:com.tencent.mm/u0a31 (adj 15): 120661k from cached

D/WifiService( 1748): Client connection lost with reason: 4

W/BroadcastQueue( 1748): Exception when sending broadcast to ComponentInfo{com.tencent.mm/com.tencent.mm.plugin.report.service.KVCommCrossProcessReceiver}

W/BroadcastQueue( 1748): android.os.DeadObjectException

W/BroadcastQueue( 1748): 	at android.os.BinderProxy.transactNative(Native Method)

W/BroadcastQueue( 1748): 	at android.os.BinderProxy.transact(Binder.java:496)

W/BroadcastQueue( 1748): 	at android.app.ApplicationThreadProxy.scheduleReceiver(ApplicationThreadNative.java:861)

W/BroadcastQueue( 1748): 	at com.android.server.am.BroadcastQueue.processCurBroadcastLocked(BroadcastQueue.java:245)

W/BroadcastQueue( 1748): 	at com.android.server.am.BroadcastQueue.processNextBroadcast(BroadcastQueue.java:936)

W/BroadcastQueue( 1748): 	at com.android.server.am.BroadcastQueue$BroadcastHandler.handleMessage(BroadcastQueue.java:149)

W/BroadcastQueue( 1748): 	at android.os.Handler.dispatchMessage(Handler.java:102)

W/BroadcastQueue( 1748): 	at android.os.Looper.loop(Looper.java:135)

W/BroadcastQueue( 1748): 	at android.os.HandlerThread.run(HandlerThread.java:61)

W/BroadcastQueue( 1748): 	at com.android.server.ServiceThread.run(ServiceThread.java:46)

W/libprocessgroup( 1748): failed to open /acct/uid_10031/pid_1620/cgroup.procs: No such file or directory

I/ActivityManager( 1748): Start proc 1955:com.tencent.mm/u0a31 for broadcast com.tencent.mm/.plugin.report.service.KVCommCrossProcessReceiver

W/ActivityManager( 1748): Spurious death for ProcessRecord{28fc0e19 1955:com.tencent.mm/u0a31}, curProc for 1620: null

D/WifiService( 1748): Client connection lost with reason: 4

I/ActivityManager( 1748): Process com.tencent.mm:push (pid 1848) has died

E/ActivityThread( 1955): Failed to find provider info for com.tencent.mm.coolassist.debugprovider

D/WifiService( 1748): New client listening to asynchronous messages

I/ActivityManager( 1748): Start proc 2055:com.tencent.mm:push/u0a31 for service com.tencent.mm/.booter.CoreService

E/ActivityThread( 2055): Failed to find provider info for com.tencent.mm.coolassist.debugprovider

D/WifiService( 1748): New client listening to asynchronous messages

I/ActivityManager( 1748): Killing 1955:com.tencent.mm/u0a31 (adj 11): 128208k from cached

D/WifiService( 1748): Client connection lost with reason: 4

W/BroadcastQueue( 1748): Exception when sending broadcast to ComponentInfo{com.tencent.mm/com.tencent.mm.plugin.report.service.KVCommCrossProcessReceiver}

W/BroadcastQueue( 1748): android.os.DeadObjectException

W/BroadcastQueue( 1748): 	at android.os.BinderProxy.transactNative(Native Method)

W/BroadcastQueue( 1748): 	at android.os.BinderProxy.transact(Binder.java:496)

W/BroadcastQueue( 1748): 	at android.app.ApplicationThreadProxy.scheduleReceiver(ApplicationThreadNative.java:861)

W/BroadcastQueue( 1748): 	at com.android.server.am.BroadcastQueue.processCurBroadcastLocked(BroadcastQueue.java:245)

W/BroadcastQueue( 1748): 	at com.android.server.am.BroadcastQueue.processNextBroadcast(BroadcastQueue.java:936)

W/BroadcastQueue( 1748): 	at com.android.server.am.BroadcastQueue$BroadcastHandler.handleMessage(BroadcastQueue.java:149)

W/BroadcastQueue( 1748): 	at android.os.Handler.dispatchMessage(Handler.java:102)

W/BroadcastQueue( 1748): 	at android.os.Looper.loop(Looper.java:135)

W/BroadcastQueue( 1748): 	at android.os.HandlerThread.run(HandlerThread.java:61)

W/BroadcastQueue( 1748): 	at com.android.server.ServiceThread.run(ServiceThread.java:46)

W/libprocessgroup( 1748): failed to open /acct/uid_10031/pid_1955/cgroup.procs: No such file or directory

I/ActivityManager( 1748): Start proc 2185:com.tencent.mm/u0a31 for broadcast com.tencent.mm/.plugin.report.service.KVCommCrossProcessReceiver

W/ActivityManager( 1748): Spurious death for ProcessRecord{28fc0e19 2185:com.tencent.mm/u0a31}, curProc for 1955: null

I/ActivityManager( 1748): Process com.tencent.mm:push (pid 2055) has died

D/WifiService( 1748): Client connection lost with reason: 4

E/ActivityThread( 2185): Failed to find provider info for com.tencent.mm.coolassist.debugprovider

D/WifiService( 1748): New client listening to asynchronous messages

I/EntropyMixer( 1748): Writing entropy...

I/ProcessStatsService( 1748): Prepared write state in 0ms

I/ProcessStatsService( 1748): Prepared write state in 1ms

I/ActivityManager( 1748): Start proc 2337:com.tencent.mm:push/u0a31 for service com.tencent.mm/.booter.CoreService

E/ActivityThread( 2337): Failed to find provider info for com.tencent.mm.coolassist.debugprovider

D/WifiService( 1748): New client listening to asynchronous messages

I/ActivityManager( 1748): Killing 2185:com.tencent.mm/u0a31 (adj 15): 119021k from cached

D/WifiService( 1748): Client connection lost with reason: 4

W/BroadcastQueue( 1748): Exception when sending broadcast to ComponentInfo{com.tencent.mm/com.tencent.mm.plugin.report.service.KVCommCrossProcessReceiver}

W/BroadcastQueue( 1748): android.os.DeadObjectException

W/BroadcastQueue( 1748): 	at android.os.BinderProxy.transactNative(Native Method)

W/BroadcastQueue( 1748): 	at android.os.BinderProxy.transact(Binder.java:496)

W/BroadcastQueue( 1748): 	at android.app.ApplicationThreadProxy.scheduleReceiver(ApplicationThreadNative.java:861)

W/BroadcastQueue( 1748): 	at com.android.server.am.BroadcastQueue.processCurBroadcastLocked(BroadcastQueue.java:245)

W/BroadcastQueue( 1748): 	at com.android.server.am.BroadcastQueue.processNextBroadcast(BroadcastQueue.java:936)

W/BroadcastQueue( 1748): 	at com.android.server.am.BroadcastQueue$BroadcastHandler.handleMessage(BroadcastQueue.java:149)

W/BroadcastQueue( 1748): 	at android.os.Handler.dispatchMessage(Handler.java:102)

W/BroadcastQueue( 1748): 	at android.os.Looper.loop(Looper.java:135)

W/BroadcastQueue( 1748): 	at android.os.HandlerThread.run(HandlerThread.java:61)

W/BroadcastQueue( 1748): 	at com.android.server.ServiceThread.run(ServiceThread.java:46)

W/libprocessgroup( 1748): failed to open /acct/uid_10031/pid_2185/cgroup.procs: No such file or directory

I/ActivityManager( 1748): Start proc 2420:com.tencent.mm/u0a31 for broadcast com.tencent.mm/.plugin.report.service.KVCommCrossProcessReceiver

W/ActivityManager( 1748): Spurious death for ProcessRecord{28fc0e19 2420:com.tencent.mm/u0a31}, curProc for 2185: null

I/ActivityManager( 1748): Process com.tencent.mm:push (pid 2337) has died

D/WifiService( 1748): Client connection lost with reason: 4

E/ActivityThread( 2420): Failed to find provider info for com.tencent.mm.coolassist.debugprovider

D/WifiService( 1748): New client listening to asynchronous messages

I/ActivityManager( 1748): Start proc 2503:com.tencent.mm:push/u0a31 for service com.tencent.mm/.booter.CoreService

E/ActivityThread( 2503): Failed to find provider info for com.tencent.mm.coolassist.debugprovider

D/WifiService( 1748): New client listening to asynchronous messages

I/ActivityManager( 1748): Killing 2420:com.tencent.mm/u0a31 (adj 11): 125594k from cached

D/WifiService( 1748): Client connection lost with reason: 4

W/BroadcastQueue( 1748): Exception when sending broadcast to ComponentInfo{com.tencent.mm/com.tencent.mm.plugin.report.service.KVCommCrossProcessReceiver}

W/BroadcastQueue( 1748): android.os.DeadObjectException

W/BroadcastQueue( 1748): 	at android.os.BinderProxy.transactNative(Native Method)

W/BroadcastQueue( 1748): 	at android.os.BinderProxy.transact(Binder.java:496)

W/BroadcastQueue( 1748): 	at android.app.ApplicationThreadProxy.scheduleReceiver(ApplicationThreadNative.java:861)

W/BroadcastQueue( 1748): 	at com.android.server.am.BroadcastQueue.processCurBroadcastLocked(BroadcastQueue.java:245)

W/BroadcastQueue( 1748): 	at com.android.server.am.BroadcastQueue.processNextBroadcast(BroadcastQueue.java:936)

W/BroadcastQueue( 1748): 	at com.android.server.am.BroadcastQueue$BroadcastHandler.handleMessage(BroadcastQueue.java:149)

W/BroadcastQueue( 1748): 	at android.os.Handler.dispatchMessage(Handler.java:102)

W/BroadcastQueue( 1748): 	at android.os.Looper.loop(Looper.java:135)

W/BroadcastQueue( 1748): 	at android.os.HandlerThread.run(HandlerThread.java:61)

W/BroadcastQueue( 1748): 	at com.android.server.ServiceThread.run(ServiceThread.java:46)

W/libprocessgroup( 1748): failed to open /acct/uid_10031/pid_2420/cgroup.procs: No such file or directory

I/ActivityManager( 1748): Start proc 2641:com.tencent.mm/u0a31 for broadcast com.tencent.mm/.plugin.report.service.KVCommCrossProcessReceiver

W/ActivityManager( 1748): Spurious death for ProcessRecord{28fc0e19 2641:com.tencent.mm/u0a31}, curProc for 2420: null

D/WifiService( 1748): Client connection lost with reason: 4

I/ActivityManager( 1748): Process com.tencent.mm:push (pid 2503) has died

E/ActivityThread( 2641): Failed to find provider info for com.tencent.mm.coolassist.debugprovider

D/WifiService( 1748): New client listening to asynchronous messages

I/ActivityManager( 1748): Start proc 2758:com.tencent.mm:push/u0a31 for service com.tencent.mm/.booter.CoreService

E/ActivityThread( 2758): Failed to find provider info for com.tencent.mm.coolassist.debugprovider

D/WifiService( 1748): New client listening to asynchronous messages

I/ActivityManager( 1748): Killing 2641:com.tencent.mm/u0a31 (adj 11): 118968k from cached

D/WifiService( 1748): Client connection lost with reason: 4

W/BroadcastQueue( 1748): Exception when sending broadcast to ComponentInfo{com.tencent.mm/com.tencent.mm.plugin.report.service.KVCommCrossProcessReceiver}

W/BroadcastQueue( 1748): android.os.DeadObjectException

W/BroadcastQueue( 1748): 	at android.os.BinderProxy.transactNative(Native Method)

W/BroadcastQueue( 1748): 	at android.os.BinderProxy.transact(Binder.java:496)

W/BroadcastQueue( 1748): 	at android.app.ApplicationThreadProxy.scheduleReceiver(ApplicationThreadNative.java:861)

W/BroadcastQueue( 1748): 	at com.android.server.am.BroadcastQueue.processCurBroadcastLocked(BroadcastQueue.java:245)

W/BroadcastQueue( 1748): 	at com.android.server.am.BroadcastQueue.processNextBroadcast(BroadcastQueue.java:936)

W/BroadcastQueue( 1748): 	at com.android.server.am.BroadcastQueue$BroadcastHandler.handleMessage(BroadcastQueue.java:149)

W/BroadcastQueue( 1748): 	at android.os.Handler.dispatchMessage(Handler.java:102)

W/BroadcastQueue( 1748): 	at android.os.Looper.loop(Looper.java:135)

W/BroadcastQueue( 1748): 	at android.os.HandlerThread.run(HandlerThread.java:61)

W/BroadcastQueue( 1748): 	at com.android.server.ServiceThread.run(ServiceThread.java:46)

W/libprocessgroup( 1748): failed to open /acct/uid_10031/pid_2641/cgroup.procs: No such file or directory

I/ActivityManager( 1748): Start proc 2839:com.tencent.mm/u0a31 for broadcast com.tencent.mm/.plugin.report.service.KVCommCrossProcessReceiver

W/ActivityManager( 1748): Spurious death for ProcessRecord{28fc0e19 2839:com.tencent.mm/u0a31}, curProc for 2641: null

D/WifiService( 1748): Client connection lost with reason: 4

I/ActivityManager( 1748): Process com.tencent.mm:push (pid 2758) has died

E/ActivityThread( 2839): Failed to find provider info for com.tencent.mm.coolassist.debugprovider

D/WifiService( 1748): New client listening to asynchronous messages

I/ActivityManager( 1748): Start proc 2990:com.tencent.mm:push/u0a31 for service com.tencent.mm/.booter.CoreService

E/ActivityThread( 2990): Failed to find provider info for com.tencent.mm.coolassist.debugprovider

D/WifiService( 1748): New client listening to asynchronous messages

I/ActivityManager( 1748): Killing 2839:com.tencent.mm/u0a31 (adj 15): 126337k from cached

D/WifiService( 1748): Client connection lost with reason: 4

W/BroadcastQueue( 1748): Exception when sending broadcast to ComponentInfo{com.tencent.mm/com.tencent.mm.plugin.report.service.KVCommCrossProcessReceiver}

W/BroadcastQueue( 1748): android.os.DeadObjectException

W/BroadcastQueue( 1748): 	at android.os.BinderProxy.transactNative(Native Method)

W/BroadcastQueue( 1748): 	at android.os.BinderProxy.transact(Binder.java:496)

W/BroadcastQueue( 1748): 	at android.app.ApplicationThreadProxy.scheduleReceiver(ApplicationThreadNative.java:861)

W/BroadcastQueue( 1748): 	at com.android.server.am.BroadcastQueue.processCurBroadcastLocked(BroadcastQueue.java:245)

W/BroadcastQueue( 1748): 	at com.android.server.am.BroadcastQueue.processNextBroadcast(BroadcastQueue.java:936)

W/BroadcastQueue( 1748): 	at com.android.server.am.BroadcastQueue$BroadcastHandler.handleMessage(BroadcastQueue.java:149)

W/BroadcastQueue( 1748): 	at android.os.Handler.dispatchMessage(Handler.java:102)

W/BroadcastQueue( 1748): 	at android.os.Looper.loop(Looper.java:135)

W/BroadcastQueue( 1748): 	at android.os.HandlerThread.run(HandlerThread.java:61)

W/BroadcastQueue( 1748): 	at com.android.server.ServiceThread.run(ServiceThread.java:46)

W/libprocessgroup( 1748): failed to open /acct/uid_10031/pid_2839/cgroup.procs: No such file or directory

I/ActivityManager( 1748): Start proc 3068:com.tencent.mm/u0a31 for broadcast com.tencent.mm/.plugin.report.service.KVCommCrossProcessReceiver

W/ActivityManager( 1748): Spurious death for ProcessRecord{28fc0e19 3068:com.tencent.mm/u0a31}, curProc for 2839: null

D/WifiService( 1748): Client connection lost with reason: 4

I/ActivityManager( 1748): Process com.tencent.mm:push (pid 2990) has died

E/ActivityThread( 3068): Failed to find provider info for com.tencent.mm.coolassist.debugprovider

D/WifiService( 1748): New client listening to asynchronous messages

I/ActivityManager( 1748): Start proc 3162:com.tencent.mm:push/u0a31 for service com.tencent.mm/.booter.CoreService

E/ActivityThread( 3162): Failed to find provider info for com.tencent.mm.coolassist.debugprovider

D/WifiService( 1748): New client listening to asynchronous messages

I/ActivityManager( 1748): Killing 3068:com.tencent.mm/u0a31 (adj 15): 118836k from cached

D/WifiService( 1748): Client connection lost with reason: 4

W/BroadcastQueue( 1748): Exception when sending broadcast to ComponentInfo{com.tencent.mm/com.tencent.mm.plugin.report.service.KVCommCrossProcessReceiver}

W/BroadcastQueue( 1748): android.os.DeadObjectException

W/BroadcastQueue( 1748): 	at android.os.BinderProxy.transactNative(Native Method)

W/BroadcastQueue( 1748): 	at android.os.BinderProxy.transact(Binder.java:496)

W/BroadcastQueue( 1748): 	at android.app.ApplicationThreadProxy.scheduleReceiver(ApplicationThreadNative.java:861)

W/BroadcastQueue( 1748): 	at com.android.server.am.BroadcastQueue.processCurBroadcastLocked(BroadcastQueue.java:245)

W/BroadcastQueue( 1748): 	at com.android.server.am.BroadcastQueue.processNextBroadcast(BroadcastQueue.java:936)

W/BroadcastQueue( 1748): 	at com.android.server.am.BroadcastQueue$BroadcastHandler.handleMessage(BroadcastQueue.java:149)

W/BroadcastQueue( 1748): 	at android.os.Handler.dispatchMessage(Handler.java:102)

W/BroadcastQueue( 1748): 	at android.os.Looper.loop(Looper.java:135)

W/BroadcastQueue( 1748): 	at android.os.HandlerThread.run(HandlerThread.java:61)

W/BroadcastQueue( 1748): 	at com.android.server.ServiceThread.run(ServiceThread.java:46)

W/libprocessgroup( 1748): failed to open /acct/uid_10031/pid_3068/cgroup.procs: No such file or directory

I/ActivityManager( 1748): Start proc 3253:com.tencent.mm/u0a31 for broadcast com.tencent.mm/.plugin.report.service.KVCommCrossProcessReceiver

W/ActivityManager( 1748): Spurious death for ProcessRecord{28fc0e19 3253:com.tencent.mm/u0a31}, curProc for 3068: null

D/WifiService( 1748): Client connection lost with reason: 4

I/ActivityManager( 1748): Process com.tencent.mm:push (pid 3162) has died

E/ActivityThread( 3253): Failed to find provider info for com.tencent.mm.coolassist.debugprovider

D/WifiService( 1748): New client listening to asynchronous messages

I/ActivityManager( 1748): Start proc 3337:com.tencent.mm:push/u0a31 for service com.tencent.mm/.booter.CoreService

E/ActivityThread( 3337): Failed to find provider info for com.tencent.mm.coolassist.debugprovider

D/WifiService( 1748): New client listening to asynchronous messages

I/ActivityManager( 1748): Killing 3253:com.tencent.mm/u0a31 (adj 11): 123718k from cached

D/WifiService( 1748): Client connection lost with reason: 4

W/BroadcastQueue( 1748): Exception when sending broadcast to ComponentInfo{com.tencent.mm/com.tencent.mm.plugin.report.service.KVCommCrossProcessReceiver}

W/BroadcastQueue( 1748): android.os.DeadObjectException

W/BroadcastQueue( 1748): 	at android.os.BinderProxy.transactNative(Native Method)

W/BroadcastQueue( 1748): 	at android.os.BinderProxy.transact(Binder.java:496)

W/BroadcastQueue( 1748): 	at android.app.ApplicationThreadProxy.scheduleReceiver(ApplicationThreadNative.java:861)

W/BroadcastQueue( 1748): 	at com.android.server.am.BroadcastQueue.processCurBroadcastLocked(BroadcastQueue.java:245)

W/BroadcastQueue( 1748): 	at com.android.server.am.BroadcastQueue.processNextBroadcast(BroadcastQueue.java:936)

W/BroadcastQueue( 1748): 	at com.android.server.am.BroadcastQueue$BroadcastHandler.handleMessage(BroadcastQueue.java:149)

W/BroadcastQueue( 1748): 	at android.os.Handler.dispatchMessage(Handler.java:102)

W/BroadcastQueue( 1748): 	at android.os.Looper.loop(Looper.java:135)

W/BroadcastQueue( 1748): 	at android.os.HandlerThread.run(HandlerThread.java:61)

W/BroadcastQueue( 1748): 	at com.android.server.ServiceThread.run(ServiceThread.java:46)

W/libprocessgroup( 1748): failed to open /acct/uid_10031/pid_3253/cgroup.procs: No such file or directory

I/ActivityManager( 1748): Start proc 3413:com.tencent.mm/u0a31 for broadcast com.tencent.mm/.plugin.report.service.KVCommCrossProcessReceiver

W/ActivityManager( 1748): Spurious death for ProcessRecord{28fc0e19 3413:com.tencent.mm/u0a31}, curProc for 3253: null

I/ActivityManager( 1748): Process com.tencent.mm:push (pid 3337) has died

D/WifiService( 1748): Client connection lost with reason: 4

E/ActivityThread( 3413): Failed to find provider info for com.tencent.mm.coolassist.debugprovider

D/WifiService( 1748): New client listening to asynchronous messages

I/ProcessStatsService( 1748): Prepared write state in 0ms

I/ProcessStatsService( 1748): Prepared write state in 0ms

I/ProcessStatsService( 1748): Pruning old procstats: /data/system/procstats/state-2019-05-04-06-02-00.bin

I/ActivityManager( 1748): Start proc 3528:com.tencent.mm:push/u0a31 for service com.tencent.mm/.booter.CoreService

E/ActivityThread( 3528): Failed to find provider info for com.tencent.mm.coolassist.debugprovider

D/WifiService( 1748): New client listening to asynchronous messages

I/ActivityManager( 1748): Killing 3413:com.tencent.mm/u0a31 (adj 15): 118882k from cached

D/WifiService( 1748): Client connection lost with reason: 4

W/BroadcastQueue( 1748): Exception when sending broadcast to ComponentInfo{com.tencent.mm/com.tencent.mm.plugin.report.service.KVCommCrossProcessReceiver}

W/BroadcastQueue( 1748): android.os.DeadObjectException

W/BroadcastQueue( 1748): 	at android.os.BinderProxy.transactNative(Native Method)

W/BroadcastQueue( 1748): 	at android.os.BinderProxy.transact(Binder.java:496)

W/BroadcastQueue( 1748): 	at android.app.ApplicationThreadProxy.scheduleReceiver(ApplicationThreadNative.java:861)

W/BroadcastQueue( 1748): 	at com.android.server.am.BroadcastQueue.processCurBroadcastLocked(BroadcastQueue.java:245)

W/BroadcastQueue( 1748): 	at com.android.server.am.BroadcastQueue.processNextBroadcast(BroadcastQueue.java:936)

W/BroadcastQueue( 1748): 	at com.android.server.am.BroadcastQueue$BroadcastHandler.handleMessage(BroadcastQueue.java:149)

W/BroadcastQueue( 1748): 	at android.os.Handler.dispatchMessage(Handler.java:102)

W/BroadcastQueue( 1748): 	at android.os.Looper.loop(Looper.java:135)

W/BroadcastQueue( 1748): 	at android.os.HandlerThread.run(HandlerThread.java:61)

W/BroadcastQueue( 1748): 	at com.android.server.ServiceThread.run(ServiceThread.java:46)

W/libprocessgroup( 1748): failed to open /acct/uid_10031/pid_3413/cgroup.procs: No such file or directory

I/ActivityManager( 1748): Start proc 3624:com.tencent.mm/u0a31 for broadcast com.tencent.mm/.plugin.report.service.KVCommCrossProcessReceiver

W/ActivityManager( 1748): Spurious death for ProcessRecord{28fc0e19 3624:com.tencent.mm/u0a31}, curProc for 3413: null

D/WifiService( 1748): Client connection lost with reason: 4

I/ActivityManager( 1748): Process com.tencent.mm:push (pid 3528) has died

E/ActivityThread( 3624): Failed to find provider info for com.tencent.mm.coolassist.debugprovider

D/WifiService( 1748): New client listening to asynchronous messages

I/ActivityManager( 1748): Start proc 3719:com.tencent.mm:push/u0a31 for service com.tencent.mm/.booter.CoreService

E/ActivityThread( 3719): Failed to find provider info for com.tencent.mm.coolassist.debugprovider

D/WifiService( 1748): New client listening to asynchronous messages

I/ActivityManager( 1748): Killing 3624:com.tencent.mm/u0a31 (adj 11): 126390k from cached

D/WifiService( 1748): Client connection lost with reason: 4

W/BroadcastQueue( 1748): Exception when sending broadcast to ComponentInfo{com.tencent.mm/com.tencent.mm.plugin.report.service.KVCommCrossProcessReceiver}

W/BroadcastQueue( 1748): android.os.DeadObjectException

W/BroadcastQueue( 1748): 	at android.os.BinderProxy.transactNative(Native Method)

W/BroadcastQueue( 1748): 	at android.os.BinderProxy.transact(Binder.java:496)

W/BroadcastQueue( 1748): 	at android.app.ApplicationThreadProxy.scheduleReceiver(ApplicationThreadNative.java:861)

W/BroadcastQueue( 1748): 	at com.android.server.am.BroadcastQueue.processCurBroadcastLocked(BroadcastQueue.java:245)

W/BroadcastQueue( 1748): 	at com.android.server.am.BroadcastQueue.processNextBroadcast(BroadcastQueue.java:936)

W/BroadcastQueue( 1748): 	at com.android.server.am.BroadcastQueue$BroadcastHandler.handleMessage(BroadcastQueue.java:149)

W/BroadcastQueue( 1748): 	at android.os.Handler.dispatchMessage(Handler.java:102)

W/BroadcastQueue( 1748): 	at android.os.Looper.loop(Looper.java:135)

W/BroadcastQueue( 1748): 	at android.os.HandlerThread.run(HandlerThread.java:61)

W/BroadcastQueue( 1748): 	at com.android.server.ServiceThread.run(ServiceThread.java:46)

W/libprocessgroup( 1748): failed to open /acct/uid_10031/pid_3624/cgroup.procs: No such file or directory

I/ActivityManager( 1748): Start proc 3802:com.tencent.mm/u0a31 for broadcast com.tencent.mm/.plugin.report.service.KVCommCrossProcessReceiver

W/ActivityManager( 1748): Spurious death for ProcessRecord{28fc0e19 3802:com.tencent.mm/u0a31}, curProc for 3624: null

D/WifiService( 1748): Client connection lost with reason: 4

I/ActivityManager( 1748): Process com.tencent.mm:push (pid 3719) has died

E/ActivityThread( 3802): Failed to find provider info for com.tencent.mm.coolassist.debugprovider

D/WifiService( 1748): New client listening to asynchronous messages

I/ActivityManager( 1748): Start proc 3981:com.tencent.mm:push/u0a31 for service com.tencent.mm/.booter.CoreService

E/ActivityThread( 3981): Failed to find provider info for com.tencent.mm.coolassist.debugprovider

D/WifiService( 1748): New client listening to asynchronous messages

I/ActivityManager( 1748): Killing 3802:com.tencent.mm/u0a31 (adj 15): 118053k from cached

D/WifiService( 1748): Client connection lost with reason: 4

W/BroadcastQueue( 1748): Exception when sending broadcast to ComponentInfo{com.tencent.mm/com.tencent.mm.plugin.report.service.KVCommCrossProcessReceiver}

W/BroadcastQueue( 1748): android.os.DeadObjectException

W/BroadcastQueue( 1748): 	at android.os.BinderProxy.transactNative(Native Method)

W/BroadcastQueue( 1748): 	at android.os.BinderProxy.transact(Binder.java:496)

W/BroadcastQueue( 1748): 	at android.app.ApplicationThreadProxy.scheduleReceiver(ApplicationThreadNative.java:861)

W/BroadcastQueue( 1748): 	at com.android.server.am.BroadcastQueue.processCurBroadcastLocked(BroadcastQueue.java:245)

W/BroadcastQueue( 1748): 	at com.android.server.am.BroadcastQueue.processNextBroadcast(BroadcastQueue.java:936)

W/BroadcastQueue( 1748): 	at com.android.server.am.BroadcastQueue$BroadcastHandler.handleMessage(BroadcastQueue.java:149)

W/BroadcastQueue( 1748): 	at android.os.Handler.dispatchMessage(Handler.java:102)

W/BroadcastQueue( 1748): 	at android.os.Looper.loop(Looper.java:135)

W/BroadcastQueue( 1748): 	at android.os.HandlerThread.run(HandlerThread.java:61)

W/BroadcastQueue( 1748): 	at com.android.server.ServiceThread.run(ServiceThread.java:46)

W/libprocessgroup( 1748): failed to open /acct/uid_10031/pid_3802/cgroup.procs: No such file or directory

I/ActivityManager( 1748): Start proc 4066:com.tencent.mm/u0a31 for broadcast com.tencent.mm/.plugin.report.service.KVCommCrossProcessReceiver

W/ActivityManager( 1748): Spurious death for ProcessRecord{28fc0e19 4066:com.tencent.mm/u0a31}, curProc for 3802: null

D/WifiService( 1748): Client connection lost with reason: 4

I/ActivityManager( 1748): Process com.tencent.mm:push (pid 3981) has died

E/ActivityThread( 4066): Failed to find provider info for com.tencent.mm.coolassist.debugprovider

D/WifiService( 1748): New client listening to asynchronous messages

I/ActivityManager( 1748): Start proc 4154:com.tencent.mm:push/u0a31 for service com.tencent.mm/.booter.CoreService

E/ActivityThread( 4154): Failed to find provider info for com.tencent.mm.coolassist.debugprovider

D/WifiService( 1748): New client listening to asynchronous messages

I/ActivityManager( 1748): Killing 4066:com.tencent.mm/u0a31 (adj 15): 122965k from cached

D/WifiService( 1748): Client connection lost with reason: 4

W/BroadcastQueue( 1748): Exception when sending broadcast to ComponentInfo{com.tencent.mm/com.tencent.mm.plugin.report.service.KVCommCrossProcessReceiver}

W/BroadcastQueue( 1748): android.os.DeadObjectException

W/BroadcastQueue( 1748): 	at android.os.BinderProxy.transactNative(Native Method)

W/BroadcastQueue( 1748): 	at android.os.BinderProxy.transact(Binder.java:496)

W/BroadcastQueue( 1748): 	at android.app.ApplicationThreadProxy.scheduleReceiver(ApplicationThreadNative.java:861)

W/BroadcastQueue( 1748): 	at com.android.server.am.BroadcastQueue.processCurBroadcastLocked(BroadcastQueue.java:245)

W/BroadcastQueue( 1748): 	at com.android.server.am.BroadcastQueue.processNextBroadcast(BroadcastQueue.java:936)

W/BroadcastQueue( 1748): 	at com.android.server.am.BroadcastQueue$BroadcastHandler.handleMessage(BroadcastQueue.java:149)

W/BroadcastQueue( 1748): 	at android.os.Handler.dispatchMessage(Handler.java:102)

W/BroadcastQueue( 1748): 	at android.os.Looper.loop(Looper.java:135)

W/BroadcastQueue( 1748): 	at android.os.HandlerThread.run(HandlerThread.java:61)

W/BroadcastQueue( 1748): 	at com.android.server.ServiceThread.run(ServiceThread.java:46)

W/libprocessgroup( 1748): failed to open /acct/uid_10031/pid_4066/cgroup.procs: No such file or directory

I/ActivityManager( 1748): Start proc 4230:com.tencent.mm/u0a31 for broadcast com.tencent.mm/.plugin.report.service.KVCommCrossProcessReceiver

W/ActivityManager( 1748): Spurious death for ProcessRecord{28fc0e19 4230:com.tencent.mm/u0a31}, curProc for 4066: null

D/WifiService( 1748): Client connection lost with reason: 4

I/ActivityManager( 1748): Process com.tencent.mm:push (pid 4154) has died

E/ActivityThread( 4230): Failed to find provider info for com.tencent.mm.coolassist.debugprovider

D/WifiService( 1748): New client listening to asynchronous messages

I/ProcessStatsService( 1748): Prepared write state in 0ms

I/ActivityManager( 1748): Start proc 4325:com.tencent.mm:push/u0a31 for service com.tencent.mm/.booter.CoreService

E/ActivityThread( 4325): Failed to find provider info for com.tencent.mm.coolassist.debugprovider

D/WifiService( 1748): New client listening to asynchronous messages

I/ActivityManager( 1748): Killing 4230:com.tencent.mm/u0a31 (adj 11): 118196k from cached

D/WifiService( 1748): Client connection lost with reason: 4

W/BroadcastQueue( 1748): Exception when sending broadcast to ComponentInfo{com.tencent.mm/com.tencent.mm.plugin.report.service.KVCommCrossProcessReceiver}

W/BroadcastQueue( 1748): android.os.DeadObjectException

W/BroadcastQueue( 1748): 	at android.os.BinderProxy.transactNative(Native Method)

W/BroadcastQueue( 1748): 	at android.os.BinderProxy.transact(Binder.java:496)

W/BroadcastQueue( 1748): 	at android.app.ApplicationThreadProxy.scheduleReceiver(ApplicationThreadNative.java:861)

W/BroadcastQueue( 1748): 	at com.android.server.am.BroadcastQueue.processCurBroadcastLocked(BroadcastQueue.java:245)

W/BroadcastQueue( 1748): 	at com.android.server.am.BroadcastQueue.processNextBroadcast(BroadcastQueue.java:936)

W/BroadcastQueue( 1748): 	at com.android.server.am.BroadcastQueue$BroadcastHandler.handleMessage(BroadcastQueue.java:149)

W/BroadcastQueue( 1748): 	at android.os.Handler.dispatchMessage(Handler.java:102)

W/BroadcastQueue( 1748): 	at android.os.Looper.loop(Looper.java:135)

W/BroadcastQueue( 1748): 	at android.os.HandlerThread.run(HandlerThread.java:61)

W/BroadcastQueue( 1748): 	at com.android.server.ServiceThread.run(ServiceThread.java:46)

W/libprocessgroup( 1748): failed to open /acct/uid_10031/pid_4230/cgroup.procs: No such file or directory

I/ActivityManager( 1748): Start proc 4418:com.tencent.mm/u0a31 for broadcast com.tencent.mm/.plugin.report.service.KVCommCrossProcessReceiver

W/ActivityManager( 1748): Spurious death for ProcessRecord{28fc0e19 4418:com.tencent.mm/u0a31}, curProc for 4230: null

D/WifiService( 1748): Client connection lost with reason: 4

I/ActivityManager( 1748): Process com.tencent.mm:push (pid 4325) has died

E/ActivityThread( 4418): Failed to find provider info for com.tencent.mm.coolassist.debugprovider

D/WifiService( 1748): New client listening to asynchronous messages

I/ActivityManager( 1748): Start proc 4507:com.tencent.mm:push/u0a31 for service com.tencent.mm/.booter.CoreService

E/ActivityThread( 4507): Failed to find provider info for com.tencent.mm.coolassist.debugprovider

D/WifiService( 1748): New client listening to asynchronous messages

I/ActivityManager( 1748): Killing 4418:com.tencent.mm/u0a31 (adj 11): 126569k from cached

D/WifiService( 1748): Client connection lost with reason: 4

W/BroadcastQueue( 1748): Exception when sending broadcast to ComponentInfo{com.tencent.mm/com.tencent.mm.plugin.report.service.KVCommCrossProcessReceiver}

W/BroadcastQueue( 1748): android.os.DeadObjectException

W/BroadcastQueue( 1748): 	at android.os.BinderProxy.transactNative(Native Method)

W/BroadcastQueue( 1748): 	at android.os.BinderProxy.transact(Binder.java:496)

W/BroadcastQueue( 1748): 	at android.app.ApplicationThreadProxy.scheduleReceiver(ApplicationThreadNative.java:861)

W/BroadcastQueue( 1748): 	at com.android.server.am.BroadcastQueue.processCurBroadcastLocked(BroadcastQueue.java:245)

W/BroadcastQueue( 1748): 	at com.android.server.am.BroadcastQueue.processNextBroadcast(BroadcastQueue.java:936)

W/BroadcastQueue( 1748): 	at com.android.server.am.BroadcastQueue$BroadcastHandler.handleMessage(BroadcastQueue.java:149)

W/BroadcastQueue( 1748): 	at android.os.Handler.dispatchMessage(Handler.java:102)

W/BroadcastQueue( 1748): 	at android.os.Looper.loop(Looper.java:135)

W/BroadcastQueue( 1748): 	at android.os.HandlerThread.run(HandlerThread.java:61)

W/BroadcastQueue( 1748): 	at com.android.server.ServiceThread.run(ServiceThread.java:46)

W/libprocessgroup( 1748): failed to open /acct/uid_10031/pid_4418/cgroup.procs: No such file or directory

I/ActivityManager( 1748): Start proc 4582:com.tencent.mm/u0a31 for broadcast com.tencent.mm/.plugin.report.service.KVCommCrossProcessReceiver

W/ActivityManager( 1748): Spurious death for ProcessRecord{28fc0e19 4582:com.tencent.mm/u0a31}, curProc for 4418: null

I/ActivityManager( 1748): Process com.tencent.mm:push (pid 4507) has died

D/WifiService( 1748): Client connection lost with reason: 4

E/ActivityThread( 4582): Failed to find provider info for com.tencent.mm.coolassist.debugprovider

D/WifiService( 1748): New client listening to asynchronous messages

I/ActivityManager( 1748): Start proc 4734:com.tencent.mm:push/u0a31 for service com.tencent.mm/.booter.CoreService

E/ActivityThread( 4734): Failed to find provider info for com.tencent.mm.coolassist.debugprovider

D/WifiService( 1748): New client listening to asynchronous messages

I/ActivityManager( 1748): Killing 4582:com.tencent.mm/u0a31 (adj 15): 119055k from cached

D/WifiService( 1748): Client connection lost with reason: 4

W/BroadcastQueue( 1748): Exception when sending broadcast to ComponentInfo{com.tencent.mm/com.tencent.mm.plugin.report.service.KVCommCrossProcessReceiver}

W/BroadcastQueue( 1748): android.os.DeadObjectException

W/BroadcastQueue( 1748): 	at android.os.BinderProxy.transactNative(Native Method)

W/BroadcastQueue( 1748): 	at android.os.BinderProxy.transact(Binder.java:496)

W/BroadcastQueue( 1748): 	at android.app.ApplicationThreadProxy.scheduleReceiver(ApplicationThreadNative.java:861)

W/BroadcastQueue( 1748): 	at com.android.server.am.BroadcastQueue.processCurBroadcastLocked(BroadcastQueue.java:245)

W/BroadcastQueue( 1748): 	at com.android.server.am.BroadcastQueue.processNextBroadcast(BroadcastQueue.java:936)

W/BroadcastQueue( 1748): 	at com.android.server.am.BroadcastQueue$BroadcastHandler.handleMessage(BroadcastQueue.java:149)

W/BroadcastQueue( 1748): 	at android.os.Handler.dispatchMessage(Handler.java:102)

W/BroadcastQueue( 1748): 	at android.os.Looper.loop(Looper.java:135)

W/BroadcastQueue( 1748): 	at android.os.HandlerThread.run(HandlerThread.java:61)

W/BroadcastQueue( 1748): 	at com.android.server.ServiceThread.run(ServiceThread.java:46)

W/libprocessgroup( 1748): failed to open /acct/uid_10031/pid_4582/cgroup.procs: No such file or directory

I/ActivityManager( 1748): Start proc 4815:com.tencent.mm/u0a31 for broadcast com.tencent.mm/.plugin.report.service.KVCommCrossProcessReceiver

W/ActivityManager( 1748): Spurious death for ProcessRecord{28fc0e19 4815:com.tencent.mm/u0a31}, curProc for 4582: null

D/WifiService( 1748): Client connection lost with reason: 4

I/ActivityManager( 1748): Process com.tencent.mm:push (pid 4734) has died

